From C:\Users\biao3\AppData\Local\Temp\phase10-retired-history-170EcE
 * branch            e092259b8d4c3099b569febc08944bf99bfef31a -> FETCH_HEAD
Switched to a new branch 'phase10/evidence-verification'
warning: in the working copy of '.gitignore', LF will be replaced by CRLF the next time Git touches it
warning: in the working copy of 'package-lock.json', LF will be replaced by CRLF the next time Git touches it
warning: in the working copy of 'package.json', LF will be replaced by CRLF the next time Git touches it
warning: in the working copy of 'runner/src/gate2b-validation.ts', LF will be replaced by CRLF the next time Git touches it
warning: in the working copy of 'runner/src/gate3.ts', LF will be replaced by CRLF the next time Git touches it
warning: in the working copy of 'runner/src/gate4-aggregate.ts', LF will be replaced by CRLF the next time Git touches it
warning: in the working copy of 'runner/src/gate4-protocol.ts', LF will be replaced by CRLF the next time Git touches it
warning: in the working copy of 'runner/src/gate4a-reference.ts', LF will be replaced by CRLF the next time Git touches it
warning: in the working copy of 'runner/src/gate4a.ts', LF will be replaced by CRLF the next time Git touches it
warning: in the working copy of 'runner/src/gate4b.ts', LF will be replaced by CRLF the next time Git touches it
warning: in the working copy of 'runner/src/gate5-aggregate.ts', LF will be replaced by CRLF the next time Git touches it
warning: in the working copy of 'runner/src/gate5-comparison.ts', LF will be replaced by CRLF the next time Git touches it
warning: in the working copy of 'runner/src/gate5-evidence.ts', LF will be replaced by CRLF the next time Git touches it
warning: in the working copy of 'runner/src/gate5-lane.ts', LF will be replaced by CRLF the next time Git touches it
warning: in the working copy of 'runner/src/gate5-negative-controls.ts', LF will be replaced by CRLF the next time Git touches it
warning: in the working copy of 'runner/src/gate5-protocol.ts', LF will be replaced by CRLF the next time Git touches it
warning: in the working copy of 'runner/src/gate5-readback-attribution.ts', LF will be replaced by CRLF the next time Git touches it
warning: in the working copy of 'runner/src/gate6-aggregate.ts', LF will be replaced by CRLF the next time Git touches it
warning: in the working copy of 'runner/src/grow-lk-defaults.ts', LF will be replaced by CRLF the next time Git touches it
warning: in the working copy of 'runner/src/main.ts', LF will be replaced by CRLF the next time Git touches it
warning: in the working copy of 'runner/src/pgm.ts', LF will be replaced by CRLF the next time Git touches it
warning: in the working copy of 'runner/src/phase5-lk-reduction-shadow.ts', LF will be replaced by CRLF the next time Git touches it
warning: in the working copy of 'runner/src/phase5-protocol.ts', LF will be replaced by CRLF the next time Git touches it
warning: in the working copy of 'runner/src/phase5-shadow.ts', LF will be replaced by CRLF the next time Git touches it
warning: in the working copy of 'runner/src/phase6-arm2-protocol.ts', LF will be replaced by CRLF the next time Git touches it
warning: in the working copy of 'runner/src/phase6-arm3-protocol.ts', LF will be replaced by CRLF the next time Git touches it
warning: in the working copy of 'runner/src/phase6-crossplatform.ts', LF will be replaced by CRLF the next time Git touches it
warning: in the working copy of 'runner/src/phase6-diagram.ts', LF will be replaced by CRLF the next time Git touches it
warning: in the working copy of 'runner/src/phase6-heldout-source-lock.ts', LF will be replaced by CRLF the next time Git touches it
warning: in the working copy of 'runner/src/phase6-protocol.ts', LF will be replaced by CRLF the next time Git touches it
warning: in the working copy of 'runner/src/phase6-sdak-m1.ts', LF will be replaced by CRLF the next time Git touches it
warning: in the working copy of 'runner/src/phase6-size-strata.ts', LF will be replaced by CRLF the next time Git touches it
warning: in the working copy of 'runner/src/phase6-sweep.ts', LF will be replaced by CRLF the next time Git touches it
warning: in the working copy of 'runner/src/phase8-corpus-local.ts', LF will be replaced by CRLF the next time Git touches it
warning: in the working copy of 'runner/src/phase8-focused-discovery.ts', LF will be replaced by CRLF the next time Git touches it
warning: in the working copy of 'runner/src/phase8-search-protocol-successor-verify.ts', LF will be replaced by CRLF the next time Git touches it
warning: in the working copy of 'runner/src/phase8-search-protocol-successor.ts', LF will be replaced by CRLF the next time Git touches it
warning: in the working copy of 'runner/src/phase8-search-protocol-verify.ts', LF will be replaced by CRLF the next time Git touches it
warning: in the working copy of 'runner/src/phase8-search-protocol.ts', LF will be replaced by CRLF the next time Git touches it
warning: in the working copy of 'solver-cpu/src/index.ts', LF will be replaced by CRLF the next time Git touches it
warning: in the working copy of 'solver-cpu/src/operator.ts', LF will be replaced by CRLF the next time Git touches it
warning: in the working copy of 'solver-gpu/src/device.ts', LF will be replaced by CRLF the next time Git touches it
warning: in the working copy of 'solver-gpu/src/diffusion-shaders.ts', LF will be replaced by CRLF the next time Git touches it
warning: in the working copy of 'solver-gpu/src/diffusion.ts', LF will be replaced by CRLF the next time Git touches it
warning: in the working copy of 'solver-gpu/src/gg-solver.ts', LF will be replaced by CRLF the next time Git touches it
warning: in the working copy of 'solver-gpu/src/gg-surface-shaders.ts', LF will be replaced by CRLF the next time Git touches it
warning: in the working copy of 'solver-gpu/src/gg-surface.ts', LF will be replaced by CRLF the next time Git touches it
warning: in the working copy of 'solver-gpu/src/index.ts', LF will be replaced by CRLF the next time Git touches it
warning: in the working copy of 'solver-gpu/src/layout.ts', LF will be replaced by CRLF the next time Git touches it
warning: in the working copy of 'solver-gpu/src/lk-conversion.ts', LF will be replaced by CRLF the next time Git touches it
warning: in the working copy of 'solver-gpu/src/lk-shaders.ts', LF will be replaced by CRLF the next time Git touches it
warning: in the working copy of 'solver-gpu/src/lk-solver.ts', LF will be replaced by CRLF the next time Git touches it
warning: in the working copy of 'solver-gpu/src/readback.ts', LF will be replaced by CRLF the next time Git touches it
warning: in the working copy of 'solver-gpu/src/resources.ts', LF will be replaced by CRLF the next time Git touches it
warning: in the working copy of 'solver-gpu/src/shaders.ts', LF will be replaced by CRLF the next time Git touches it
warning: in the working copy of 'solver-gpu/src/submission.ts', LF will be replaced by CRLF the next time Git touches it
warning: in the working copy of 'tsconfig.base.json', LF will be replaced by CRLF the next time Git touches it
warning: in the working copy of 'tsconfig.json', LF will be replaced by CRLF the next time Git touches it
warning: in the working copy of 'node_modules/typescript/lib/typescript.js', LF will be replaced by CRLF the next time Git touches it
warning: in the working copy of 'node_modules/typescript/package.json', LF will be replaced by CRLF the next time Git touches it
warning: in the working copy of 'out/phase10-execution-v2/locks/a-p-c0v-s6.lock', LF will be replaced by CRLF the next time Git touches it
warning: in the working copy of 'out/phase10-execution-v2/locks/package.lock', LF will be replaced by CRLF the next time Git touches it
warning: in the working copy of 'out/phase10-execution-v2/recovery-v1/attempts/a-p-c0v-s6/a-p-c0v-s6-20260822-v2/exit-status.json', LF will be replaced by CRLF the next time Git touches it
warning: in the working copy of 'out/phase10-execution-v2/recovery-v1/attempts/a-p-c0v-s6/a-p-c0v-s6-20260822-v2/freeze-evaluation.json', LF will be replaced by CRLF the next time Git touches it
warning: in the working copy of 'out/phase10-execution-v2/recovery-v1/attempts/a-p-c0v-s6/a-p-c0v-s6-20260822-v2/stderr.log', LF will be replaced by CRLF the next time Git touches it
warning: in the working copy of 'out/phase10-execution-v2/recovery-v1/attempts/a-p-c0v-s6/a-p-c0v-s6-20260822-v2/worker-invocations.jsonl', LF will be replaced by CRLF the next time Git touches it
warning: in the working copy of 'out/phase10-execution-v2/recovery-v1/locks/a-p-c0v-s6.lock', LF will be replaced by CRLF the next time Git touches it
warning: in the working copy of 'out/phase10-execution-v2/recovery-v1/locks/package.lock', LF will be replaced by CRLF the next time Git touches it
warning: in the working copy of 'out/phase10-execution-v2/recovery-v2/attempts/a-p-c0v-s6/a-p-c0v-s6-20260822-v3/candidate/artifact-index.json', LF will be replaced by CRLF the next time Git touches it
warning: in the working copy of 'out/phase10-execution-v2/recovery-v2/attempts/a-p-c0v-s6/a-p-c0v-s6-20260822-v3/candidate/missing-producer.json', LF will be replaced by CRLF the next time Git touches it
warning: in the working copy of 'out/phase10-execution-v2/recovery-v2/attempts/a-p-c0v-s6/a-p-c0v-s6-20260822-v3/candidate/uncalled-check.json', LF will be replaced by CRLF the next time Git touches it
warning: in the working copy of 'out/phase10-execution-v2/recovery-v2/attempts/a-p-c0v-s6/a-p-c0v-s6-20260822-v3/exit-status.json', LF will be replaced by CRLF the next time Git touches it
warning: in the working copy of 'out/phase10-execution-v2/recovery-v2/attempts/a-p-c0v-s6/a-p-c0v-s6-20260822-v3/freeze-evaluation.json', LF will be replaced by CRLF the next time Git touches it
warning: in the working copy of 'out/phase10-execution-v2/recovery-v2/attempts/a-p-c0v-s6/a-p-c0v-s6-20260822-v3/stdout.log', LF will be replaced by CRLF the next time Git touches it
warning: in the working copy of 'out/phase10-execution-v2/recovery-v2/attempts/a-p-c0v-s6/a-p-c0v-s6-20260822-v3/worker-invocations.jsonl', LF will be replaced by CRLF the next time Git touches it
warning: in the working copy of 'out/phase10-execution-v2/recovery-v2/locks/a-p-c0v-s6.lock', LF will be replaced by CRLF the next time Git touches it
warning: in the working copy of 'out/phase10-execution-v2/recovery-v2/locks/package.lock', LF will be replaced by CRLF the next time Git touches it
warning: in the working copy of 'out/phase10-execution-v2/recovery-v3/attempts/a-p-c0v-s6/a-p-c0v-s6-20260822-v4/candidate/artifact-index.json', LF will be replaced by CRLF the next time Git touches it
warning: in the working copy of 'out/phase10-execution-v2/recovery-v3/attempts/a-p-c0v-s6/a-p-c0v-s6-20260822-v4/candidate/missing-producer.json', LF will be replaced by CRLF the next time Git touches it
warning: in the working copy of 'out/phase10-execution-v2/recovery-v3/attempts/a-p-c0v-s6/a-p-c0v-s6-20260822-v4/candidate/uncalled-check.json', LF will be replaced by CRLF the next time Git touches it
warning: in the working copy of 'out/phase10-execution-v2/recovery-v3/attempts/a-p-c0v-s6/a-p-c0v-s6-20260822-v4/exit-status.json', LF will be replaced by CRLF the next time Git touches it
warning: in the working copy of 'out/phase10-execution-v2/recovery-v3/attempts/a-p-c0v-s6/a-p-c0v-s6-20260822-v4/freeze-evaluation.json', LF will be replaced by CRLF the next time Git touches it
warning: in the working copy of 'out/phase10-execution-v2/recovery-v3/attempts/a-p-c0v-s6/a-p-c0v-s6-20260822-v4/stdout.log', LF will be replaced by CRLF the next time Git touches it
warning: in the working copy of 'out/phase10-execution-v2/recovery-v3/attempts/a-p-c0v-s6/a-p-c0v-s6-20260822-v4/worker-invocations.jsonl', LF will be replaced by CRLF the next time Git touches it
warning: in the working copy of 'out/phase10-execution-v2/recovery-v3/locks/a-p-c0v-s6.lock', LF will be replaced by CRLF the next time Git touches it
warning: in the working copy of 'out/phase10-execution-v2/recovery-v3/locks/package.lock', LF will be replaced by CRLF the next time Git touches it
warning: in the working copy of 'out/phase10-execution-v2/recovery-v4/attempts/a-p-c0v-s6/a-p-c0v-s6-20260822-v5/candidate/artifact-index.json', LF will be replaced by CRLF the next time Git touches it
warning: in the working copy of 'out/phase10-execution-v2/recovery-v4/attempts/a-p-c0v-s6/a-p-c0v-s6-20260822-v5/candidate/missing-producer.json', LF will be replaced by CRLF the next time Git touches it
warning: in the working copy of 'out/phase10-execution-v2/recovery-v4/attempts/a-p-c0v-s6/a-p-c0v-s6-20260822-v5/candidate/uncalled-check.json', LF will be replaced by CRLF the next time Git touches it
warning: in the working copy of 'out/phase10-execution-v2/recovery-v4/attempts/a-p-c0v-s6/a-p-c0v-s6-20260822-v5/exit-status.json', LF will be replaced by CRLF the next time Git touches it
warning: in the working copy of 'out/phase10-execution-v2/recovery-v4/attempts/a-p-c0v-s6/a-p-c0v-s6-20260822-v5/freeze-evaluation.json', LF will be replaced by CRLF the next time Git touches it
warning: in the working copy of 'out/phase10-execution-v2/recovery-v4/attempts/a-p-c0v-s6/a-p-c0v-s6-20260822-v5/stdout.log', LF will be replaced by CRLF the next time Git touches it
warning: in the working copy of 'out/phase10-execution-v2/recovery-v4/attempts/a-p-c0v-s6/a-p-c0v-s6-20260822-v5/worker-invocations.jsonl', LF will be replaced by CRLF the next time Git touches it
warning: in the working copy of 'out/phase10-execution-v2/recovery-v4/locks/a-p-c0v-s6.lock', LF will be replaced by CRLF the next time Git touches it
warning: in the working copy of 'out/phase10-execution-v2/recovery-v4/locks/package.lock', LF will be replaced by CRLF the next time Git touches it
warning: in the working copy of 'out/phase10-execution-v2/recovery-v5/attempts/a-p-c0v-s6/a-p-c0v-s6-20260822-v6/candidate/artifact-index.json', LF will be replaced by CRLF the next time Git touches it
warning: in the working copy of 'out/phase10-execution-v2/recovery-v5/attempts/a-p-c0v-s6/a-p-c0v-s6-20260822-v6/candidate/missing-producer.json', LF will be replaced by CRLF the next time Git touches it
warning: in the working copy of 'out/phase10-execution-v2/recovery-v5/attempts/a-p-c0v-s6/a-p-c0v-s6-20260822-v6/candidate/uncalled-check.json', LF will be replaced by CRLF the next time Git touches it
warning: in the working copy of 'out/phase10-execution-v2/recovery-v5/attempts/a-p-c0v-s6/a-p-c0v-s6-20260822-v6/exit-status.json', LF will be replaced by CRLF the next time Git touches it
warning: in the working copy of 'out/phase10-execution-v2/recovery-v5/attempts/a-p-c0v-s6/a-p-c0v-s6-20260822-v6/freeze-evaluation.json', LF will be replaced by CRLF the next time Git touches it
warning: in the working copy of 'out/phase10-execution-v2/recovery-v5/attempts/a-p-c0v-s6/a-p-c0v-s6-20260822-v6/stdout.log', LF will be replaced by CRLF the next time Git touches it
warning: in the working copy of 'out/phase10-execution-v2/recovery-v5/attempts/a-p-c0v-s6/a-p-c0v-s6-20260822-v6/terminal-success-candidate.json', LF will be replaced by CRLF the next time Git touches it
warning: in the working copy of 'out/phase10-execution-v2/recovery-v5/attempts/a-p-c0v-s6/a-p-c0v-s6-20260822-v6/worker-invocations.jsonl', LF will be replaced by CRLF the next time Git touches it
warning: in the working copy of 'out/phase10-execution-v2/recovery-v5/locks/c0v-moving-produce.lock', LF will be replaced by CRLF the next time Git touches it
warning: in the working copy of 'out/phase10-execution-v2/recovery-v5/locks/package.lock', LF will be replaced by CRLF the next time Git touches it
warning: in the working copy of 'out/phase10-execution-v2/recovery-v6/locks/c0v-moving-produce.lock', LF will be replaced by CRLF the next time Git touches it
warning: in the working copy of 'out/phase10-execution-v2/recovery-v6/locks/package.lock', LF will be replaced by CRLF the next time Git touches it
warning: in the working copy of 'out/phase10-execution-v2/recovery-v7/locks/c0v-moving-produce.lock', LF will be replaced by CRLF the next time Git touches it
warning: in the working copy of 'out/phase10-execution-v2/recovery-v7/locks/package.lock', LF will be replaced by CRLF the next time Git touches it
warning: in the working copy of 'out/phase10-execution-v2/recovery-v8/attempts/c0v-moving-produce/c0v-moving-produce-20260822-v4/cause-evaluation.json', LF will be replaced by CRLF the next time Git touches it
warning: in the working copy of 'out/phase10-execution-v2/recovery-v8/attempts/c0v-moving-produce/c0v-moving-produce-20260822-v4/exit-status.json', LF will be replaced by CRLF the next time Git touches it
warning: in the working copy of 'out/phase10-execution-v2/recovery-v8/attempts/c0v-moving-produce/c0v-moving-produce-20260822-v4/freeze-evaluation.json', LF will be replaced by CRLF the next time Git touches it
warning: in the working copy of 'out/phase10-execution-v2/recovery-v8/attempts/c0v-moving-produce/c0v-moving-produce-20260822-v4/stdout.log', LF will be replaced by CRLF the next time Git touches it
warning: in the working copy of 'out/phase10-execution-v2/recovery-v8/attempts/c0v-moving-produce/c0v-moving-produce-20260822-v4/worker-invocations.jsonl', LF will be replaced by CRLF the next time Git touches it
warning: in the working copy of 'out/phase10-execution-v2/recovery-v8/locks/c0v-moving-produce.lock', LF will be replaced by CRLF the next time Git touches it
warning: in the working copy of 'out/phase10-execution-v2/recovery-v8/locks/package.lock', LF will be replaced by CRLF the next time Git touches it
warning: in the working copy of 'runner/src/gate10.ts', LF will be replaced by CRLF the next time Git touches it
warning: in the working copy of 'runner/src/post-phase10-adaptive.ts', LF will be replaced by CRLF the next time Git touches it
warning: in the working copy of 'runner/src/post-phase10-basal-history.ts', LF will be replaced by CRLF the next time Git touches it
warning: in the working copy of 'runner/src/post-phase10-basal-width.ts', LF will be replaced by CRLF the next time Git touches it
warning: in the working copy of 'runner/src/post-phase10-cavity-analysis.ts', LF will be replaced by CRLF the next time Git touches it
warning: in the working copy of 'runner/src/post-phase10-cavity-geometry.ts', LF will be replaced by CRLF the next time Git touches it
warning: in the working copy of 'runner/src/post-phase10-cavity-spatial.ts', LF will be replaced by CRLF the next time Git touches it
warning: in the working copy of 'runner/src/post-phase10-cavity.ts', LF will be replaced by CRLF the next time Git touches it
warning: in the working copy of 'runner/src/post-phase10-confirm.ts', LF will be replaced by CRLF the next time Git touches it
warning: in the working copy of 'runner/src/post-phase10-discovery-analysis.ts', LF will be replaced by CRLF the next time Git touches it
warning: in the working copy of 'runner/src/post-phase10-discovery-main.ts', LF will be replaced by CRLF the next time Git touches it
warning: in the working copy of 'runner/src/post-phase10-discovery.ts', LF will be replaced by CRLF the next time Git touches it
warning: in the working copy of 'runner/src/post-phase10-facet-factorial.ts', LF will be replaced by CRLF the next time Git touches it
warning: in the working copy of 'runner/src/post-phase10-followup.ts', LF will be replaced by CRLF the next time Git touches it
warning: in the working copy of 'runner/src/post-phase10-holefill.ts', LF will be replaced by CRLF the next time Git touches it
warning: in the working copy of 'runner/src/post-phase10-long.ts', LF will be replaced by CRLF the next time Git touches it
warning: in the working copy of 'solver-cpu/src/gg-plus-solver.ts', LF will be replaced by CRLF the next time Git touches it
warning: in the working copy of 'solver-cpu/src/lk-facet-dips.ts', LF will be replaced by CRLF the next time Git touches it
warning: in the working copy of 'baseline.txt', LF will be replaced by CRLF the next time Git touches it
warning: in the working copy of 'package-lock.json', LF will be replaced by CRLF the next time Git touches it
warning: in the working copy of 'package.json', LF will be replaced by CRLF the next time Git touches it
warning: in the working copy of 'pkg/package.json', LF will be replaced by CRLF the next time Git touches it
warning: in the working copy of 'pkg/src/index.ts', LF will be replaced by CRLF the next time Git touches it
warning: in the working copy of 'runner/root.ts', LF will be replaced by CRLF the next time Git touches it
warning: in the working copy of 'tsconfig.base.json', LF will be replaced by CRLF the next time Git touches it
warning: in the working copy of 'tsconfig.json', LF will be replaced by CRLF the next time Git touches it
warning: in the working copy of 'package-lock.json', LF will be replaced by CRLF the next time Git touches it
warning: in the working copy of 'package.json', LF will be replaced by CRLF the next time Git touches it
warning: in the working copy of 'pkg/package.json', LF will be replaced by CRLF the next time Git touches it
warning: in the working copy of 'pkg/src/index.ts', LF will be replaced by CRLF the next time Git touches it
warning: in the working copy of 'runner/root.ts', LF will be replaced by CRLF the next time Git touches it
warning: in the working copy of 'tsconfig.base.json', LF will be replaced by CRLF the next time Git touches it
warning: in the working copy of 'tsconfig.json', LF will be replaced by CRLF the next time Git touches it
warning: in the working copy of 'package-lock.json', LF will be replaced by CRLF the next time Git touches it
warning: in the working copy of 'package.json', LF will be replaced by CRLF the next time Git touches it
warning: in the working copy of 'pkg/package.json', LF will be replaced by CRLF the next time Git touches it
warning: in the working copy of 'pkg/src/index.ts', LF will be replaced by CRLF the next time Git touches it
warning: in the working copy of 'runner/root.ts', LF will be replaced by CRLF the next time Git touches it
warning: in the working copy of 'tsconfig.base.json', LF will be replaced by CRLF the next time Git touches it
warning: in the working copy of 'tsconfig.json', LF will be replaced by CRLF the next time Git touches it
warning: in the working copy of 'package-lock.json', LF will be replaced by CRLF the next time Git touches it
warning: in the working copy of 'package.json', LF will be replaced by CRLF the next time Git touches it
warning: in the working copy of 'pkg/package.json', LF will be replaced by CRLF the next time Git touches it
warning: in the working copy of 'pkg/src/index.ts', LF will be replaced by CRLF the next time Git touches it
warning: in the working copy of 'runner/root.ts', LF will be replaced by CRLF the next time Git touches it
warning: in the working copy of 'tsconfig.base.json', LF will be replaced by CRLF the next time Git touches it
warning: in the working copy of 'tsconfig.json', LF will be replaced by CRLF the next time Git touches it
warning: in the working copy of 'package-lock.json', LF will be replaced by CRLF the next time Git touches it
warning: in the working copy of 'package.json', LF will be replaced by CRLF the next time Git touches it
warning: in the working copy of 'pkg/package.json', LF will be replaced by CRLF the next time Git touches it
warning: in the working copy of 'pkg/src/index.ts', LF will be replaced by CRLF the next time Git touches it
warning: in the working copy of 'runner/root.ts', LF will be replaced by CRLF the next time Git touches it
warning: in the working copy of 'tsconfig.base.json', LF will be replaced by CRLF the next time Git touches it
warning: in the working copy of 'tsconfig.json', LF will be replaced by CRLF the next time Git touches it
warning: in the working copy of 'package-lock.json', LF will be replaced by CRLF the next time Git touches it
warning: in the working copy of 'package.json', LF will be replaced by CRLF the next time Git touches it
warning: in the working copy of 'pkg/package.json', LF will be replaced by CRLF the next time Git touches it
warning: in the working copy of 'pkg/src/index.ts', LF will be replaced by CRLF the next time Git touches it
warning: in the working copy of 'runner/root.ts', LF will be replaced by CRLF the next time Git touches it
warning: in the working copy of 'tsconfig.base.json', LF will be replaced by CRLF the next time Git touches it
warning: in the working copy of 'tsconfig.json', LF will be replaced by CRLF the next time Git touches it
warning: in the working copy of 'package-lock.json', LF will be replaced by CRLF the next time Git touches it
warning: in the working copy of 'package.json', LF will be replaced by CRLF the next time Git touches it
warning: in the working copy of 'pkg/package.json', LF will be replaced by CRLF the next time Git touches it
warning: in the working copy of 'pkg/src/index.ts', LF will be replaced by CRLF the next time Git touches it
warning: in the working copy of 'runner/root.ts', LF will be replaced by CRLF the next time Git touches it
warning: in the working copy of 'tsconfig.base.json', LF will be replaced by CRLF the next time Git touches it
warning: in the working copy of 'tsconfig.json', LF will be replaced by CRLF the next time Git touches it
warning: in the working copy of 'package-lock.json', LF will be replaced by CRLF the next time Git touches it
warning: in the working copy of 'package.json', LF will be replaced by CRLF the next time Git touches it
warning: in the working copy of 'pkg/package.json', LF will be replaced by CRLF the next time Git touches it
warning: in the working copy of 'pkg/src/index.ts', LF will be replaced by CRLF the next time Git touches it
warning: in the working copy of 'runner/root.ts', LF will be replaced by CRLF the next time Git touches it
warning: in the working copy of 'tsconfig.base.json', LF will be replaced by CRLF the next time Git touches it
warning: in the working copy of 'tsconfig.json', LF will be replaced by CRLF the next time Git touches it
warning: in the working copy of 'package-lock.json', LF will be replaced by CRLF the next time Git touches it
warning: in the working copy of 'package.json', LF will be replaced by CRLF the next time Git touches it
warning: in the working copy of 'pkg/package.json', LF will be replaced by CRLF the next time Git touches it
warning: in the working copy of 'pkg/src/index.ts', LF will be replaced by CRLF the next time Git touches it
warning: in the working copy of 'runner/root.ts', LF will be replaced by CRLF the next time Git touches it
warning: in the working copy of 'tsconfig.base.json', LF will be replaced by CRLF the next time Git touches it
warning: in the working copy of 'tsconfig.json', LF will be replaced by CRLF the next time Git touches it
warning: in the working copy of 'package-lock.json', LF will be replaced by CRLF the next time Git touches it
warning: in the working copy of 'package.json', LF will be replaced by CRLF the next time Git touches it
warning: in the working copy of 'pkg/package.json', LF will be replaced by CRLF the next time Git touches it
warning: in the working copy of 'pkg/src/index.ts', LF will be replaced by CRLF the next time Git touches it
warning: in the working copy of 'runner/root.ts', LF will be replaced by CRLF the next time Git touches it
warning: in the working copy of 'tsconfig.base.json', LF will be replaced by CRLF the next time Git touches it
warning: in the working copy of 'tsconfig.json', LF will be replaced by CRLF the next time Git touches it
warning: in the working copy of 'package-lock.json', LF will be replaced by CRLF the next time Git touches it
warning: in the working copy of 'package.json', LF will be replaced by CRLF the next time Git touches it
warning: in the working copy of 'pkg/package.json', LF will be replaced by CRLF the next time Git touches it
warning: in the working copy of 'pkg/src/index.ts', LF will be replaced by CRLF the next time Git touches it
warning: in the working copy of 'runner/root.ts', LF will be replaced by CRLF the next time Git touches it
warning: in the working copy of 'tsconfig.base.json', LF will be replaced by CRLF the next time Git touches it
warning: in the working copy of 'tsconfig.json', LF will be replaced by CRLF the next time Git touches it
warning: in the working copy of 'evidence/MANIFEST.json', LF will be replaced by CRLF the next time Git touches it
warning: in the working copy of 'evidence/item.json', LF will be replaced by CRLF the next time Git touches it
warning: in the working copy of 'evidence/MANIFEST.json', LF will be replaced by CRLF the next time Git touches it
warning: in the working copy of 'evidence/first.json', LF will be replaced by CRLF the next time Git touches it
warning: in the working copy of 'evidence/MANIFEST.json', LF will be replaced by CRLF the next time Git touches it
warning: in the working copy of 'evidence/second.json', LF will be replaced by CRLF the next time Git touches it
warning: in the working copy of 'evidence/MANIFEST.json', LF will be replaced by CRLF the next time Git touches it
warning: in the working copy of 'package-lock.json', LF will be replaced by CRLF the next time Git touches it
warning: in the working copy of 'package.json', LF will be replaced by CRLF the next time Git touches it
warning: in the working copy of 'pkg/package.json', LF will be replaced by CRLF the next time Git touches it
warning: in the working copy of 'pkg/src/index.ts', LF will be replaced by CRLF the next time Git touches it
warning: in the working copy of 'runner/root.ts', LF will be replaced by CRLF the next time Git touches it
warning: in the working copy of 'tsconfig.base.json', LF will be replaced by CRLF the next time Git touches it
warning: in the working copy of 'tsconfig.json', LF will be replaced by CRLF the next time Git touches it
warning: in the working copy of 'package-lock.json', LF will be replaced by CRLF the next time Git touches it
warning: in the working copy of 'package.json', LF will be replaced by CRLF the next time Git touches it
warning: in the working copy of 'pkg/package.json', LF will be replaced by CRLF the next time Git touches it
warning: in the working copy of 'pkg/src/index.ts', LF will be replaced by CRLF the next time Git touches it
warning: in the working copy of 'runner/root.ts', LF will be replaced by CRLF the next time Git touches it
warning: in the working copy of 'tsconfig.base.json', LF will be replaced by CRLF the next time Git touches it
warning: in the working copy of 'tsconfig.json', LF will be replaced by CRLF the next time Git touches it
warning: in the working copy of 'package-lock.json', LF will be replaced by CRLF the next time Git touches it
warning: in the working copy of 'package.json', LF will be replaced by CRLF the next time Git touches it
warning: in the working copy of 'pkg/package.json', LF will be replaced by CRLF the next time Git touches it
warning: in the working copy of 'pkg/src/index.ts', LF will be replaced by CRLF the next time Git touches it
warning: in the working copy of 'runner/root.ts', LF will be replaced by CRLF the next time Git touches it
warning: in the working copy of 'tsconfig.base.json', LF will be replaced by CRLF the next time Git touches it
warning: in the working copy of 'tsconfig.json', LF will be replaced by CRLF the next time Git touches it
warning: in the working copy of 'package-lock.json', LF will be replaced by CRLF the next time Git touches it
warning: in the working copy of 'package.json', LF will be replaced by CRLF the next time Git touches it
warning: in the working copy of 'pkg/package.json', LF will be replaced by CRLF the next time Git touches it
warning: in the working copy of 'pkg/src/index.ts', LF will be replaced by CRLF the next time Git touches it
warning: in the working copy of 'runner/root.ts', LF will be replaced by CRLF the next time Git touches it
warning: in the working copy of 'tsconfig.base.json', LF will be replaced by CRLF the next time Git touches it
warning: in the working copy of 'tsconfig.json', LF will be replaced by CRLF the next time Git touches it
warning: in the working copy of 'solver-cpu/src/spherical-reference.ts', LF will be replaced by CRLF the next time Git touches it
warning: in the working copy of 'solver-cpu/src/spherical-reference.ts', LF will be replaced by CRLF the next time Git touches it
stderr | runner/test/gutcheck-hardening.test.ts > evidence manifest pinning > recovers a lock owned by a process that has exited
evidence-pin: recovering lock C:\Users\biao3\AppData\Local\Temp\gutcheck-manifest-4NPZj7\MANIFEST.json.lock left by dead pid 23116

stderr | runner/test/gutcheck-hardening.test.ts > evidence manifest pinning > recovers an ownerless lock only after its grace period
evidence-pin: recovering an ownerless lock at C:\Users\biao3\AppData\Local\Temp\gutcheck-manifest-bR2pYk\MANIFEST.json.lock

