
> virtual-cloud-chamber@0.0.0 test
> npm run lint:rule7 && npm run typecheck && vitest run


> virtual-cloud-chamber@0.0.0 lint:rule7
> node scripts/lint-rule7.mjs

rule7: clean (2487 files scanned)

> virtual-cloud-chamber@0.0.0 typecheck
> tsc --noEmit && tsc -p app --noEmit


 RUN  v3.2.7 C:/Users/biao3/Documents/GitHub/snowflake

 ✓ runner/test/phase10-c0v-s6-executor.test.ts (67 tests) 47704ms
   ✓ Phase 10 C0V S6 filesystem and closure refusal boundary > reopens the exact nine-generation stop before recovery-v9 lock acquisition  446ms
   ✓ Phase 10 C0V S6 filesystem and closure refusal boundary > reopens the accepted V5 A-P freeze from Git after the V8 source successor  13348ms
   ✓ Phase 10 C0V S6 filesystem and closure refusal boundary > requires the live run-lock token before any current A-P candidate write  4250ms
   ✓ Phase 10 C0V S6 filesystem and closure refusal boundary > raw-projects all seven produce cap prefixes with a strict equality boundary  660ms
   ✓ Phase 10 C0V S6 filesystem and closure refusal boundary > admits only exact freeze lifecycle dirt and a normal launch-HEAD index  961ms
   ✓ Phase 10 C0V S6 filesystem and closure refusal boundary > serializes distinct packets under the catalogue-bound package lock  459ms
   ✓ Phase 10 C0V S6 filesystem and closure refusal boundary > rejects materialized successor runs before locking and admits verify-existing  1522ms
   ✓ Phase 10 C0V S6 filesystem and closure refusal boundary > binds resolution metadata to the exact HEAD blob while accepting only Git-equivalent EOLs  593ms
   ✓ Phase 10 C0V S6 filesystem and closure refusal boundary > rejects hard-linked source closure bytes and alternate loaders  7620ms
   ✓ Phase 10 C0V S6 filesystem and closure refusal boundary > rejects a coherently changed assume-unchanged manifest and dependency  374ms
   ✓ Phase 10 C0V S6 filesystem and closure refusal boundary > reopens a historical launch manifest after a later evidence-manifest commit  466ms
   ✓ Phase 10 C0V S6 filesystem and closure refusal boundary > binds the retained preflight manifest identity to the recorded launch HEAD bytes  323ms
   ✓ Phase 10 C0V S6 filesystem and closure refusal boundary > admits only exact direct prototype inspections in trusted strict parsers  3581ms
   ✓ Phase 10 C0V S6 filesystem and closure refusal boundary > rejects node:fs from the radial producer builtin closure  810ms
   ✓ Phase 10 C0V S6 filesystem and closure refusal boundary > rejects node:child_process from the radial producer builtin closure  761ms
   ✓ Phase 10 C0V S6 filesystem and closure refusal boundary > resolves the live publish producer, verifier, and check-caller closures under exact builtin rosters  10258ms
   ✓ Phase 10 C0V S6 filesystem and closure refusal boundary > rejects tuning a producer dependency that existed at the science freeze  612ms
 ✓ runner/test/gutcheck-growth-comparison-publisher.test.ts (33 tests | 3 skipped) 5427ms
   ✓ Run B comparison NAS publisher > publishes the exact 17-file bundle by one verified same-share rename  395ms
   ✓ Run B comparison NAS publisher > allows a source hard link because staged files are exclusive fresh copies  369ms
   ✓ Run B comparison NAS publisher > rejects forged browser witnesses even when the top-level status remains pass  1657ms
 ✓ runner/test/nas-asset-legacy-restore.test.ts (19 tests) 760ms
   ✓ legacy NAS restore and restored-tree verifier > scans alias namespaces by directory rather than once per flat file  493ms
 ✓ runner/test/phase10-executor.test.ts (13 tests) 47547ms
   ✓ Phase 10 bounded non-solver executor > losing concurrent run acquires no authorization observation before the writer lock  1283ms
   ✓ Phase 10 bounded non-solver executor > runs a read-only preflight against a clean committed synthetic code freeze without opening rows  3590ms
   ✓ Phase 10 bounded non-solver executor > rejects stage-set, command, path, and resource mutations in retained preflight bytes  2927ms
   ✓ Phase 10 bounded non-solver executor > rejects dependency schema substitution and callable, preflight, and eager-worker transitive drift  13263ms
   ✓ Phase 10 bounded non-solver executor > accepts the registered c0-publish dependency schema and rejects a generic-schema substitution  10999ms
   ✓ Phase 10 bounded non-solver executor > validates the distinct c0-publish independent-verification dependency shape and six-artifact roster  15192ms
 ✓ runner/test/gutcheck-growth-comparison-builder.test.ts (15 tests) 77ms
 ✓ runner/test/gutcheck-growth-baker.test.ts (11 tests) 437ms
 ✓ runner/test/phase10-scope-overlay.test.ts (24 tests) 52898ms
   ✓ Phase 10 A-S scope overlay > rejects a coordinated zero-blocker validation-credit upgrade even with repaired report and index  631ms
   ✓ Phase 10 A-S scope overlay > rejects a coordinated producer-provenance rewrite even with a repaired artifact index  646ms
   ✓ Phase 10 A-S scope overlay > requires the exact candidate-local receipt path at the CLI boundary  887ms
   ✓ Phase 10 A-S static packet lifecycle > rejects a structurally valid committed post-freeze classification-protocol drift  1714ms
   ✓ Phase 10 A-S static packet lifecycle > requires an exact passing A-P dependency lifecycle before A-S preflight  14257ms
   ✓ Phase 10 A-S static packet lifecycle > executes the exact clean-head produce, verify, publish sequence and resumes exact publication  6473ms
   ✓ Phase 10 A-S static packet lifecycle > refuses a dirty preflight and a tampered retained observed runtime  4155ms
   ✓ Phase 10 A-S static packet lifecycle > rejects terminal obligation-set drift and malformed mutation witnesses  6123ms
   ✓ Phase 10 A-S static packet lifecycle > prevalidates a conflicting receipt destination and safely retries after its removal  5812ms
   ✓ Phase 10 A-S static packet lifecycle > resumes either exact scope-only or receipt-only partial publication orientation  10286ms
 ✓ runner/test/named-crystal-final-direct-accept.test.ts (5 tests) 418ms
 ✓ runner/test/named-crystal-final-resolution-production.test.ts (9 tests) 283ms
 ✓ runner/test/named-crystal-direct-production-2.test.ts (6 tests) 159ms
 ✓ runner/test/named-crystal-final-resolution-production-c.test.ts (5 tests) 162ms
 ✓ runner/test/phase10-c0v-s6-preflight-observer.test.ts (12 tests) 376ms
 ✓ runner/test/phase10-c0v-moving-static-reference.test.ts (10 tests) 142ms
 ✓ runner/test/phase10-b-acquisition.test.ts (4 tests) 240ms
 ✓ runner/test/phase10-b-branches.test.ts (3 tests) 322ms
 ✓ runner/test/named-crystal-direct-production-review.test.ts (2 tests) 42ms
 ✓ runner/test/gate4a.test.ts (89 tests) 78083ms
   ✓ gate4a derives all eight execution criteria from raw evidence > passes the complete synthetic 13-run evidence matrix  5428ms
   ✓ gate4a derives all eight execution criteria from raw evidence > A-EXEC-PROVENANCE trips alone  2266ms
   ✓ gate4a derives all eight execution criteria from raw evidence > A-EXEC-CONFIG trips alone  2698ms
   ✓ gate4a derives all eight execution criteria from raw evidence > A-EXEC-SYMMETRY trips alone on an internally consistent asymmetric delta  2428ms
   ✓ gate4a derives all eight execution criteria from raw evidence > A-EXEC-SYMMETRY trips alone on asymmetric boundary/vapor bits with symmetric occupancy  2409ms
   ✓ gate4a derives all eight execution criteria from raw evidence > A-EXEC-NOISE trips alone  2213ms
   ✓ gate4a derives all eight execution criteria from raw evidence > A-EXEC-NOISE alone owns representative run-disconnected evidence  2644ms
   ✓ gate4a derives all eight execution criteria from raw evidence > A-EXEC-MASS trips alone  2768ms
   ✓ gate4a derives all eight execution criteria from raw evidence > A-EXEC-DOMAIN trips alone  2780ms
   ✓ gate4a derives all eight execution criteria from raw evidence > A-EXEC-DOMAIN trips alone on a reconstructed contacting crystal  2934ms
   ✓ gate4a derives all eight execution criteria from raw evidence > A-EXEC-TERMINATION trips alone  2588ms
   ✓ gate4a derives all eight execution criteria from raw evidence > A-EXEC-TERMINATION trips alone on shifted threshold  2175ms
   ✓ gate4a derives all eight execution criteria from raw evidence > A-EXEC-TERMINATION trips alone on shifted cycle-0 mean  2181ms
   ✓ gate4a derives all eight execution criteria from raw evidence > A-EXEC-TERMINATION trips alone on far-field run carrying extent witness  2681ms
   ✓ gate4a derives all eight execution criteria from raw evidence > A-EXEC-TERMINATION rejects a size run carrying a far-field witness  1188ms
   ✓ gate4a derives all eight execution criteria from raw evidence > A-EXEC-TERMINATION alone owns a forged transition report and equal fabricated masses  2649ms
   ✓ gate4a derives all eight execution criteria from raw evidence > A-EXEC-NUMERIC trips alone on a reopened artifact byte mismatch  1116ms
   ✓ gate4a derives all eight execution criteria from raw evidence > A-EXEC-NUMERIC reconstruction rejects multi-witness mutation: orphan witness on an empty-delta row  304ms
   ✓ gate4a derives all eight execution criteria from raw evidence > A-EXEC-NUMERIC alone owns a representative malformed delta chain  759ms
   ✓ gate4a derives all eight execution criteria from raw evidence > A-EXEC-NUMERIC owns a checkpoint/scenario metric mismatch  1248ms
   ✓ gate4a branch morphology is nonvacuous against raw attachment chains > a coherent seed-only comparator changes only A-BRANCH from true to false  7520ms
   ✓ gate4a branch morphology is nonvacuous against raw attachment chains > rejects a grown final comparator whose attachment deltas are missing before morphology  1663ms
   ✓ gate4a artifact and checkpoint seams > reopens and cross-links the complete exact payload set  1139ms
   ✓ gate4a artifact and checkpoint seams > rejects Pass-A v1 manifest and scenario identities  1152ms
   ✓ gate4a artifact and checkpoint seams > rejects byte mutations in every Pass-A artifact family  1852ms
   ✓ gate4a artifact and checkpoint seams > rejects missing scenario farFieldWitness metadata keys or types  1031ms
   ✓ gate4a artifact and checkpoint seams > rejects extra scenario farFieldWitness metadata keys or types  1018ms
   ✓ gate4a artifact and checkpoint seams > rejects renamed scenario farFieldWitness metadata keys or types  1019ms
   ✓ gate4a artifact and checkpoint seams > rejects mistyped scenario farFieldWitness metadata keys or types  1010ms
   ✓ gate4a artifact and checkpoint seams > A-EXEC-CONFIG owns corrupt manifest bytes: invalid UTF-8  1296ms
   ✓ gate4a artifact and checkpoint seams > A-EXEC-CONFIG owns corrupt manifest bytes: invalid JSON  1303ms
   ✓ gate4a artifact and checkpoint seams > A-EXEC-CONFIG owns corrupt manifest bytes: noncanonical whitespace  1287ms
   ✓ gate4a artifact and checkpoint seams > A-EXEC-CONFIG owns corrupt manifest bytes: BOM-prefixed canonical bytes  1292ms
   ✓ gate4a artifact and checkpoint seams > A-EXEC-CONFIG owns corrupt manifest bytes: canonical bytes off the freeze  1297ms
   ✓ gate4a artifact and checkpoint seams > rejects a canonically re-encoded noise header mutation with unchanged field bytes  1691ms
   ✓ gate4a serial orchestration seams > executes the frozen matrix serially without a cross-run resolver  4711ms
 ✓ app/test/phase4-verify.test.ts (59 tests) 45455ms
   ✓ frozen run completeness and provenance > the visual harness rejects a Pass-A v1 bundle before capture output exists  325ms
   ✓ real publication provenance is derived from recorded Git objects > accepts immutable recorded commits without requiring recorded HEAD == current HEAD  512ms
   ✓ real publication provenance is derived from recorded Git objects > rejects both false and true ancestry rewrites against independently recomputed facts  419ms
   ✓ real publication provenance is derived from recorded Git objects > rejects solver source rewrites at an otherwise descendant recorded commit  2492ms
   ✓ visual harness test-hook isolation > an ordinary harness without IPC never activates or waits for a test hook  332ms
   ✓ visual harness output-parent swap hooks > fails closed when the absent output parent becomes a Pass A junction after the verifying log  349ms
   ✓ visual harness output-parent swap hooks > cleans trusted staging when the output parent becomes a Pass A junction after staging  347ms
   ✓ visual harness staged-file hard-link attacks > rejects a first-PNG destination precreated as a hard link to the Pass A manifest  6503ms
   ✓ visual harness staged-file hard-link attacks > rejects a staged manifest precreated as a hard link to the Pass A report  10748ms
   ✓ visual harness staged-file hard-link attacks > rejects a post-create external hard link before publication  11033ms
   ✓ visual harness staged-file hard-link attacks > rolls back and rejects a post-rename external hard link before publication verification  10998ms
 ✓ runner/test/gate4b.test.ts (78 tests) 41958ms
   ✓ gate4b derives all twelve execution criteria from raw evidence > passes the complete synthetic 11-run evidence matrix  1489ms
   ✓ gate4b derives all twelve execution criteria from raw evidence > records all eight diagnostic morphology verdicts on the same matrix  372ms
   ✓ gate4b derives all twelve execution criteria from raw evidence > B-EXEC-PROVENANCE trips alone  973ms
   ✓ gate4b derives all twelve execution criteria from raw evidence > B-EXEC-CONFIG trips alone  1281ms
   ✓ gate4b derives all twelve execution criteria from raw evidence > B-EXEC-TERMINATION trips alone  1282ms
   ✓ gate4b derives all twelve execution criteria from raw evidence > B-EXEC-SYMMETRY trips alone on an internally consistent asymmetric delta  1311ms
   ✓ gate4b derives all twelve execution criteria from raw evidence > B-EXEC-NOISE trips alone on a shifted witness stream  1073ms
   ✓ gate4b derives all twelve execution criteria from raw evidence > B-EXEC-CONVERGENCE trips alone  1273ms
   ✓ gate4b derives all twelve execution criteria from raw evidence > B-EXEC-SURFACE trips alone  1273ms
   ✓ gate4b derives all twelve execution criteria from raw evidence > B-EXEC-LEDGER trips alone  1300ms
   ✓ gate4b derives all twelve execution criteria from raw evidence > B-EXEC-PECLET trips alone  1260ms
   ✓ gate4b derives all twelve execution criteria from raw evidence > B-EXEC-CHECKPOINT trips alone  648ms
   ✓ gate4b derives all twelve execution criteria from raw evidence > B-EXEC-NUMERIC trips alone on a reopened artifact byte mismatch  466ms
   ✓ gate4b derives all twelve execution criteria from raw evidence > B-EXEC-COMPLETE trips alone on a missing registered sweep point  1042ms
   ✓ gate4b derives all twelve execution criteria from raw evidence > B-EXEC-COMPLETE trips alone on a duplicated registered record  938ms
   ✓ gate4b rejects the registered LK negative list by name > wrong surface policy fails B-EXEC-CONFIG  376ms
   ✓ gate4b rejects the registered LK negative list by name > reflecting far field fails B-EXEC-CONFIG  377ms
   ✓ gate4b rejects the registered LK negative list by name > a legacy-v3 checkpoint artifact fails B-EXEC-CHECKPOINT  634ms
   ✓ gate4b rejects the registered LK negative list by name > a checkpoint policy shift fails B-EXEC-CHECKPOINT  660ms
   ✓ gate4b rejects the registered LK negative list by name > residual-only convergence claims fail B-EXEC-CONVERGENCE  1321ms
   ✓ gate4b rejects the registered LK negative list by name > a forged divergence report that disagrees with shell/exchange fails B-EXEC-CONVERGENCE  1283ms
   ✓ gate4b rejects the registered LK negative list by name > clipped-demand omission fails B-EXEC-LEDGER  1296ms
   ✓ gate4b rejects the registered LK negative list by name > an incomplete temperature sweep fails B-EXEC-COMPLETE  1140ms
   ✓ gate4b noise witnesses are independently recomputed > a divergent same-seed replay fails B-EXEC-NOISE alone  1304ms
   ✓ gate4b noise witnesses are independently recomputed > a witness cell set detached from the reconstructed boundary fails B-EXEC-NOISE  1285ms
   ✓ gate4b noise witnesses are independently recomputed > epsilon/seed round-trip through the frozen LK v2 checkpoint is enforced  966ms
   ✓ gate4b timeline evidence is independently recomputed > clamping the transformed negatives to zero fails the bitwise density transform  1168ms
   ✓ gate4b timeline evidence is independently recomputed > the cross-temperature vapor ledger catches final-temperature multiplication by name  1181ms
   ✓ gate4b artifact and checkpoint seams > reopens and cross-links the complete exact payload set  435ms
   ✓ gate4b artifact and checkpoint seams > rejects byte mutations in every Pass-B artifact family  1257ms
   ✓ gate4b artifact and checkpoint seams > B-EXEC-CONFIG owns corrupt manifest bytes: invalid UTF-8  413ms
   ✓ gate4b artifact and checkpoint seams > B-EXEC-CONFIG owns corrupt manifest bytes: invalid JSON  411ms
   ✓ gate4b artifact and checkpoint seams > B-EXEC-CONFIG owns corrupt manifest bytes: noncanonical whitespace  400ms
   ✓ gate4b artifact and checkpoint seams > B-EXEC-CONFIG owns corrupt manifest bytes: BOM-prefixed canonical bytes  402ms
   ✓ gate4b artifact and checkpoint seams > B-EXEC-CONFIG owns corrupt manifest bytes: canonical bytes off the freeze  403ms
   ✓ gate4b serial orchestration seams > executes the frozen matrix serially and publishes a verifiable bundle on validity  1717ms
   ✓ gate4b serial orchestration seams > records diagnostic morphology misses without blocking exit 0 or publication  1700ms
   ✓ gate4b serial orchestration seams > an execution-integrity failure publishes nothing and exits 1 by name  1467ms
   ✓ gate4b serial orchestration seams > refuses to present an execution-valid verdict without a verified publication  1173ms
   ✓ gate4b serial orchestration seams > refuses to present an execution-invalid verdict that carries a publication  1464ms
   ✓ gate4b real solver integration (tiny dims) > captures a validated dual-outcome noise witness and replays bit-identically  695ms
 ✓ runner/test/gate5-runner.test.ts (27 tests) 37460ms
   ✓ Phase 5 lane runner > publishes only after stable clean provenance and source snapshots  1931ms
   ✓ Phase 5 lane runner > removes the canonical lane when source identity drifts after rename  1150ms
   ✓ Phase 5 lane runner > runs the probe from the snapshot root, never the live working tree  1529ms
   ✓ Phase 5 immutable source snapshot > exports a detached commit-bound worktree that live edits cannot change  924ms
   ✓ Phase 5 immutable source snapshot > derives the registered inventory from the commit, not from the checkout  1144ms
   ✓ Phase 5 immutable source snapshot > releases the snapshot when the inventory read fails  610ms
   ✓ Phase 5 immutable source snapshot > refuses a snapshot request without a full commit id  380ms
   ✓ Phase 5 immutable source snapshot > removes the snapshot without descending into the installed dependencies  584ms
   ✓ Phase 5 immutable source snapshot > quarantines the snapshot before any recursive removal  567ms
   ✓ Phase 5 immutable source snapshot > refuses to delete a replacement that appears at the private snapshot path  546ms
   ✓ Phase 5 aggregate gate > reopens the lane, re-derives all criteria, and commits the index last  2686ms
   ✓ Phase 5 aggregate gate > re-derives the lane's commit inventory with no seams at all  4963ms
   ✓ Phase 5 aggregate gate > rejects a lane from another commit  1911ms
   ✓ Phase 5 aggregate gate > rejects source drift before aggregate publication  1542ms
   ✓ Phase 5 aggregate gate > detects post-publication lane mutation and removes only its aggregate files  1902ms
   ✓ Phase 5 aggregate gate > refuses to delete a replacement aggregate report during failed cleanup  2319ms
   ✓ Phase 5 aggregate gate > recovers an authenticated orphan report after an interrupted publication  3106ms
   ✓ Phase 5 aggregate gate > rejects aggregate report mutation against its commit marker  2673ms
   ✓ Phase 5 aggregate gate > rejects hard-linked aggregate artifacts  2657ms
   ✓ Phase 5 aggregate gate > never overwrites completed aggregate evidence  2338ms
   ✓ Phase 5 aggregate gate > rejects unindexed aggregate-directory entries  1532ms
   ✓ Phase 5 aggregate gate > makes both public commands flagless at the CLI boundary  328ms
 ✓ runner/test/gate5-evidence.test.ts (51 tests) 15155ms
   ✓ Phase 5 lane evidence publication > publishes and independently reopens the complete indexed graph  2287ms
   ✓ Phase 5 lane evidence publication > reconstructs an interleaved global readback audit from per-fixture artifacts  1521ms
   ✓ Phase 5 lane evidence publication > uses the real core decoders when no test-only checkpoint seam is supplied  403ms
   ✓ Phase 5 lane evidence publication > rejects UTF-8 BOMs in terminal evidence  404ms
   ✓ Phase 5 lane evidence publication > rejects an indexed artifact byte mutation after publication  1526ms
   ✓ Phase 5 lane evidence publication > rejects noncanonical JSON even if a caller edits a JSON artifact directly  1522ms
   ✓ Phase 5 lane evidence publication > rejects unindexed extra files  1531ms
   ✓ Phase 5 lane evidence publication > rejects a coherent index kind shift against the frozen artifact graph  1509ms
   ✓ Phase 5 lane evidence publication > rejects hard-linked artifacts and removes its private failed attempt  382ms
   ✓ Phase 5 lane evidence publication > detects a staging mutation before rename and leaves no canonical lane  768ms
   ✓ Phase 5 lane evidence publication > refuses to delete a replacement that appears at the private staging path  756ms
   ✓ ADR-0019 G-G Dirichlet corrected-mass ledger > publishes the complete registered chronology and both device witnesses  1882ms
   ✓ ADR-0019 G-G Dirichlet corrected-mass ledger > rejects a negative-control roster the runner's own replay does not observe  351ms
 ✓ runner/test/gate4-protocol.test.ts (90 tests) 13080ms
   ✓ Phase 4 hollow ensemble validators > recomputes real open-tube geometry and passes distinct streams plus a full-state replay  411ms
   ✓ Phase 4 hollow ensemble validators > rejects raw guard mutation: 'missing canonical seed site'  310ms
   ✓ Phase 4 hollow ensemble validators > rejects raw guard mutation: 'shifted canonical seed'  405ms
   ✓ Phase 4 hollow ensemble validators > rejects raw guard mutation: 'wrong dimensions'  417ms
   ✓ Phase 4 hollow ensemble validators > rejects a reused ensemble execution identity through A-HOLLOW-NONVACUOUS  345ms
   ✓ Phase 4 hollow ensemble validators > rejects independent replay divergence in 'previous occupancy'  348ms
   ✓ Phase 4 hollow ensemble validators > rejects independent replay divergence in 'final occupancy'  346ms
   ✓ Phase 4 hollow ensemble validators > rejects independent replay divergence in 'surface field'  348ms
   ✓ Phase 4 hollow ensemble validators > rejects independent replay divergence in 'vapor field'  346ms
   ✓ Phase 4 hollow ensemble validators > rejects raw solid, sealed, pre-hollowed, and domain-contact geometry by A-HOLLOW-EACH  1397ms
   ✓ Phase 4 hollow ensemble validators > ignores fabricated metric claims and independently derives a solid failure  351ms
   ✓ Phase 4 hollow ensemble validators > rejects seed-vacuous occupancy, replay divergence, identity reuse, and overlapping buffers  1416ms
   ✓ Phase 4 hollow ensemble validators > keeps structural inspection independent from raw morphology checks  354ms
   ✓ Phase 4 hollow ensemble validators > enforces the 12,000-cycle cap on every Pass A hollow primary and replay  1970ms
 ✓ runner/test/phase10-ap-lifecycle.test.ts (5 tests) 12154ms
   ✓ Phase 10 A-P retained lifecycle > runs the exact produce/verify/publish commands and republishes only identical bytes  5478ms
   ✓ Phase 10 A-P retained lifecycle > refuses CLI omission and a receipt path outside the candidate  1407ms
   ✓ Phase 10 A-P retained lifecycle > rejects verification-path, duplicate-attempt-root, and packet-path catalogue mutations  1118ms
   ✓ Phase 10 A-P retained lifecycle > rejects checkout-unstable callable bytes  1039ms
   ✓ Phase 10 A-P retained lifecycle > rejects post-verification control tampering and handcrafted execution provenance  3110ms
 ✓ runner/test/gate5-protocol.test.ts (47 tests) 6967ms
   ✓ Phase 5 negative controls executed at their named boundary > re-derives the unmutated capture's raw evidence from its own payload  379ms
   ✓ Phase 5 negative controls executed at their named boundary > returns the frozen control inventory in registered order  350ms
   ✓ Phase 5 negative controls executed at their named boundary > observes an owner-independent failing set for the tolerance bypass  360ms
   ✓ Phase 5 negative controls executed at their named boundary > NC-WINDOWS-BACKEND-RELABEL corrupts its named evidence and is refused by the evaluator  370ms
   ✓ Phase 5 negative controls executed at their named boundary > NC-PROTOCOL-HASH-SHIFT corrupts its named evidence and is refused by the evaluator  360ms
   ✓ Phase 5 negative controls executed at their named boundary > NC-REQUIRED-LIMIT-DOWNGRADE corrupts its named evidence and is refused by the evaluator  363ms
   ✓ Phase 5 negative controls executed at their named boundary > NC-AXIS-SWAP corrupts its named evidence and is refused by the evaluator  372ms
   ✓ Phase 5 negative controls executed at their named boundary > NC-WRONG-BOUNDARY-CLAMP corrupts its named evidence and is refused by the evaluator  358ms
   ✓ Phase 5 negative controls executed at their named boundary > NC-STALE-PING-PONG corrupts its named evidence and is refused by the evaluator  359ms
   ✓ Phase 5 negative controls executed at their named boundary > NC-LK-RESIDUAL-ONLY corrupts its named evidence and is refused by the evaluator  360ms
   ✓ Phase 5 negative controls executed at their named boundary > NC-SYMMETRY-BIT corrupts its named evidence and is refused by the evaluator  358ms
   ✓ Phase 5 negative controls executed at their named boundary > NC-DOMAIN-CONTACT corrupts its named evidence and is refused by the evaluator  359ms
   ✓ Phase 5 negative controls executed at their named boundary > NC-EXCESSIVE-DISPATCH corrupts its named evidence and is refused by the evaluator  362ms
   ✓ Phase 5 negative controls executed at their named boundary > NC-LATE-EDIT-ACK corrupts its named evidence and is refused by the evaluator  356ms
   ✓ Phase 5 negative controls executed at their named boundary > NC-LATE-FIRST-FRAME corrupts its named evidence and is refused by the evaluator  360ms
   ✓ Phase 5 negative controls executed at their named boundary > NC-FULL-FIELD-PER-FRAME corrupts its named evidence and is refused by the evaluator  353ms
   ✓ Phase 5 negative controls executed at their named boundary > NC-CHECKPOINT-DTYPE-SHIFT corrupts its named evidence and is refused by the evaluator  352ms
   ✓ Phase 5 negative controls executed at their named boundary > NC-TOLERANCE-BYPASS corrupts its named evidence and is refused by the evaluator  362ms
   ✓ Phase 5 negative controls executed at their named boundary > NC-ARTIFACT-BYTE-MUTATION corrupts its named evidence and is refused by the evaluator  359ms
 ✓ runner/test/gutcheck-hardening.test.ts (57 tests | 15 skipped) 3942ms
   ✓ evidence manifest pinning > does not mistake an eval import with the library at argv[1] for direct CLI execution  535ms
   ✓ evidence manifest pinning > makes a live manifest update wait until the current lock holder exits its action  488ms
   ✓ archive-pack ledger semantics > fails closed on malformed, wrong-format, and absent priors (round-2)  301ms
   ✓ grow-batch frame-enabled resume > does not skip wrong spec, dimensions, domain, ticks, seed, noise, extraction, cadence, or final tick  652ms
 ✓ runner/test/gate-enforce.test.ts (21 tests) 3439ms
 ✓ runner/test/gate6-aggregate.test.ts (21 tests) 2643ms
 ✓ core/test/lk-resume-checkpoint.test.ts (22 tests) 1195ms
   ✓ streamed LK resume checkpoint v3 > splits f64 fields exactly at the fixed chunk boundary without crossing field/alignment seams  1155ms
 ✓ runner/test/grow-lk.test.ts (12 tests) 1251ms
   ✓ grow-lk policy/checkpoint evidence path > produces bit-identical compact checkpoints sequentially and in concurrent processes  494ms
 ✓ runner/test/gate4-aggregate.test.ts (17 tests) 373ms
stdout | runner/test/hil-bld-batch-execution.test.ts > named batch execution > executes independent processes at the requested overlap and retains each exact command/log/exit
launch row=fixture-0 active=1 remaining=4
launch row=fixture-1 active=2 remaining=3

stdout | runner/test/hil-bld-batch-execution.test.ts > named batch execution > executes independent processes at the requested overlap and retains each exact command/log/exit
finish row=fixture-1 code=0 signal=null active=1 completed=1/5

stdout | runner/test/hil-bld-batch-execution.test.ts > named batch execution > executes independent processes at the requested overlap and retains each exact command/log/exit
launch row=fixture-2 active=2 remaining=2

stdout | runner/test/hil-bld-batch-execution.test.ts > named batch execution > executes independent processes at the requested overlap and retains each exact command/log/exit
finish row=fixture-0 code=0 signal=null active=1 completed=2/5

stdout | runner/test/hil-bld-batch-execution.test.ts > named batch execution > executes independent processes at the requested overlap and retains each exact command/log/exit
launch row=fixture-3 active=2 remaining=1

stdout | runner/test/hil-bld-batch-execution.test.ts > named batch execution > executes independent processes at the requested overlap and retains each exact command/log/exit
finish row=fixture-2 code=0 signal=null active=1 completed=3/5

stdout | runner/test/hil-bld-batch-execution.test.ts > named batch execution > executes independent processes at the requested overlap and retains each exact command/log/exit
launch row=fixture-4 active=2 remaining=0

stdout | runner/test/hil-bld-batch-execution.test.ts > named batch execution > executes independent processes at the requested overlap and retains each exact command/log/exit
finish row=fixture-3 code=0 signal=null active=1 completed=4/5

stdout | runner/test/hil-bld-batch-execution.test.ts > named batch execution > executes independent processes at the requested overlap and retains each exact command/log/exit
finish row=fixture-4 code=0 signal=null active=0 completed=5/5

stdout | runner/test/hil-bld-batch-execution.test.ts > named batch execution > kills its active workers and leaves queued work unstarted when memory falls
launch row=slow-0 active=1 remaining=2
launch row=slow-1 active=2 remaining=1

stdout | runner/test/hil-bld-batch-execution.test.ts > named batch execution > kills its active workers and leaves queued work unstarted when memory falls
finish row=slow-1 code=null signal=SIGTERM active=1 completed=1/3

stdout | runner/test/hil-bld-batch-execution.test.ts > named batch execution > kills its active workers and leaves queued work unstarted when memory falls
finish row=slow-0 code=null signal=SIGTERM active=0 completed=2/3

stdout | runner/test/hil-bld-batch-execution.test.ts > named batch execution > enforces a hard wall budget and stops a failing probe queue
launch row=slow-first active=1 remaining=1

stdout | runner/test/hil-bld-batch-execution.test.ts > named batch execution > enforces a hard wall budget and stops a failing probe queue
finish row=slow-first code=null signal=SIGTERM active=0 completed=1/2

stdout | runner/test/hil-bld-batch-execution.test.ts > named batch execution > retains a crashed worker while allowing independent science rows to continue
launch row=fail-first active=1 remaining=1

stdout | runner/test/hil-bld-batch-execution.test.ts > named batch execution > retains a crashed worker while allowing independent science rows to continue
finish row=fail-first code=7 signal=null active=0 completed=1/2

stdout | runner/test/hil-bld-batch-execution.test.ts > named batch execution > retains a crashed worker while allowing independent science rows to continue
launch row=surviving active=1 remaining=0

stdout | runner/test/hil-bld-batch-execution.test.ts > named batch execution > retains a crashed worker while allowing independent science rows to continue
finish row=surviving code=0 signal=null active=0 completed=2/2

stdout | runner/test/hil-bld-batch-execution.test.ts > checkpointed attempt records > preserves each resumed process attempt and refuses accidental reuse of its logs
launch row=checkpointed active=1 remaining=0

stdout | runner/test/hil-bld-batch-execution.test.ts > checkpointed attempt records > preserves each resumed process attempt and refuses accidental reuse of its logs
finish row=checkpointed code=0 signal=null active=0 completed=1/1

stdout | runner/test/hil-bld-batch-execution.test.ts > checkpointed attempt records > preserves each resumed process attempt and refuses accidental reuse of its logs
launch row=checkpointed active=1 remaining=0

stdout | runner/test/hil-bld-batch-execution.test.ts > checkpointed attempt records > preserves each resumed process attempt and refuses accidental reuse of its logs
finish row=checkpointed code=0 signal=null active=0 completed=1/1

 ✓ runner/test/hil-bld-batch-execution.test.ts (9 tests) 2461ms
   ✓ named batch execution > executes independent processes at the requested overlap and retains each exact command/log/exit  785ms
   ✓ named batch execution > retains a crashed worker while allowing independent science rows to continue  518ms
   ✓ checkpointed attempt records > preserves each resumed process attempt and refuses accidental reuse of its logs  540ms
 ✓ runner/test/hil-bld-batch-resume.test.ts (10 tests) 1164ms
   ✓ explicit first-batch resume > binds resume to the original checkpointed campaign, exact probe, host, source, runtime and rows  727ms
 ✓ runner/test/hil-bld-batch-roster.test.ts (6 tests) 12ms
 ✓ runner/test/phase10-c0v-s6-historical-ap.test.ts (1 test) 13793ms
   ✓ Phase 10 C0V S6 accepted historical A-P reopen > reopens the complete accepted prefix through its retained V5 protocol and exact 15 paths  13649ms
 ✓ runner/test/named-crystal-direct-production.test.ts (5 tests) 175ms
 ✓ runner/test/phase10-c0v-s6-lifecycle.test.ts (5 tests) 13769ms
   ✓ Phase 10 C0V S6 lifecycle whole-file publication overlay > reopens the accepted A-P lifecycle through its retained recovery-v5 protocol only  13600ms
 ✓ runner/test/phase9-knowledge-source.test.ts (9 tests) 44ms
 ✓ runner/test/phase10-final-package.test.ts (3 tests) 643ms
   ✓ Phase 10 final package > matches the published report to its bound producer commit  629ms
 ✓ runner/test/phase9-mgt-analytic.test.ts (18 tests) 801ms
 ✓ runner/test/phase9-permanent-control-readiness.test.ts (5 tests) 3247ms
   ✓ Phase 9 S2 permanent-control readiness > rejects shifted frozen inputs instead of accepting caller-attested availability  1713ms
   ✓ Phase 9 S2 permanent-control readiness > refuses present-day source drift rather than re-pinning the historical protocol  999ms
 ✓ runner/test/named-crystal-early-stop-probes.test.ts (3 tests) 32ms
 ✓ runner/test/named-crystal-hard-form-probes.test.ts (4 tests) 1316ms
   ✓ named-crystal hard-form probe tranche > materializes every custom seed as a fitting connected GG+ initial condition  1287ms
 ✓ runner/test/named-crystal-final-resolution-c-cadence-repair.test.ts (5 tests) 33ms
 ✓ runner/test/named-crystal-baseline-probes.test.ts (3 tests) 931ms
   ✓ named-crystal baseline probe tranche > materializes every custom profile as a fitting, connected GG+ seed  904ms
 ✓ solver-cpu/test/monopole-far-field.test.ts (10 tests) 88131ms
   ✓ monopole-matched far field > holds symmetry at the LARGEST fill-CFL, which is what amplifies a ulp shell error  13277ms
   ✓ monopole-matched far field — construction > holds the shell at exactly sigma_infinity until growth has been measured  353ms
   ✓ monopole-matched far field — its validity limit > stops being domain-independent below a limit that has to be measured per configuration  9034ms
 ✓ runner/test/phase10-c0v-s6-authority.test.ts (19 tests) 118130ms
   ✓ Phase 10 C0V S6 execution-v2 authority > binds recovery-v6 to the accepted A-P checkpoint and authorizes only moving-produce v2  313ms
   ✓ Phase 10 C0V S6 execution-v2 authority > binds recovery-v7 to the exact recovery-v6 stop and authorizes only moving-produce v3  321ms
   ✓ Phase 10 C0V S6 execution-v2 authority > binds recovery-v8 to the exact recovery-v7 stop and authorizes only moving-produce v4  326ms
   ✓ Phase 10 C0V S6 execution-v2 authority > binds recovery-v9 to the exact recovery-v8 stop and authorizes only moving-produce v5  333ms
   ✓ Phase 10 C0V S6 execution-v2 authority > independently closes all ten supplemental A-P graph checks  107742ms
   ✓ Phase 10 C0V S6 execution-v2 authority > executes the split missing-producer and uncalled-check mutations non-vacuously  503ms
   ✓ Phase 10 C0V S6 execution-v2 authority > strict-parses the canonical graph and registers every successor output schema once  2623ms
   ✓ Phase 10 C0V S6 execution-v2 authority > keeps every authority path unignored and byte-stable on checkout  4774ms
 ✓ runner/test/phase10-c0v-reference-lifecycle.test.ts (12 tests) 42007ms
   ✓ Phase 10 C0V neutral S5 reference lifecycle > supplies frozen static source bytes to the independent refusal checker  2603ms
   ✓ Phase 10 C0V neutral S5 reference lifecycle > derives, independently checks, publishes, and retries exact synthetic bytes  8885ms
   ✓ Phase 10 C0V neutral S5 reference lifecycle > publishes a registered discrepancy refusal instead of silently dropping the artifact  6672ms
   ✓ Phase 10 C0V neutral S5 reference lifecycle > reexecutes the independent check and rejects a post-check receipt mutation  4599ms
   ✓ Phase 10 C0V neutral S5 reference lifecycle > rejects an unknown field in a scientific candidate before independent checking  2479ms
   ✓ Phase 10 C0V neutral S5 reference lifecycle > rejects tracked code drift and untracked static source locators  690ms
   ✓ Phase 10 C0V neutral S5 reference lifecycle > accepts Git-equivalent CRLF only for package metadata and keeps protocol bytes exact  3431ms
   ✓ Phase 10 C0V neutral S5 reference lifecycle > recursively detects a forbidden dynamic local import  792ms
   ✓ Phase 10 C0V neutral S5 reference lifecycle > rejects an aliased staging parent before writing an attempt  1385ms
   ✓ Phase 10 C0V neutral S5 reference lifecycle > rejects a retained publication timestamp that predates its independent check  4546ms
   ✓ Phase 10 C0V neutral S5 reference lifecycle > rejects future timestamps at the derive and check command boundaries  5924ms
 ✓ runner/test/phase10-intake.test.ts (12 tests) 50984ms
   ✓ Phase 10 A-I synthetic lifecycle > runs exact produce, safely resumes a partial candidate, verifies, and publishes beside unchanged A-S bytes  13394ms
   ✓ Phase 10 A-I synthetic lifecycle > refuses duplicate artifacts, wrong dependency, and wrong evaluator provenance before any new write  9110ms
   ✓ Phase 10 A-I synthetic lifecycle > rejects a producer-only shared currency-derivation bug  6153ms
   ✓ Phase 10 A-I synthetic lifecycle > rejects an implementation that omits a registered check-caller invocation  6148ms
   ✓ Phase 10 A-I synthetic lifecycle > refuses a committed post-freeze support-module drift  6027ms
   ✓ Phase 10 A-I freeze-before-input ordering > refuses observation from a descendant HEAD before any endpoint or NAS operation  3930ms
 ✓ solver-cpu/test/lk-basal-width.test.ts (12 tests) 5293ms
   ✓ ADR 0058 exposed-support basal width experiment > matches the broad control from nonuniform vapor with nonzero fill  625ms
   ✓ ADR 0058 exposed-support basal width experiment > matches the dipped control from nonuniform vapor with nonzero fill  1100ms
   ✓ ADR 0059 early/late basal-width history > preserves the nonuniform early-only numerical prefix and accumulated fill  1102ms
   ✓ ADR 0059 early/late basal-width history > crosses the early-only cutoff without splitting and changes both coupled kinetics without attachment  308ms
   ✓ ADR 0059 early/late basal-width history > preserves the nonuniform late-only numerical prefix and accumulated fill  1157ms
   ✓ ADR 0059 early/late basal-width history > crosses the late-only cutoff without splitting and changes both coupled kinetics without attachment  307ms
 ✓ solver-cpu/test/gg-solver.test.ts (15 tests) 3438ms
   ✓ GGSolver — mass conservation (gate at full size runs via runner; this is the dev-grid version) > crystal-free control run characterizes the float floor  303ms
   ✓ GGSolver — mass conservation (gate at full size runs via runner; this is the dev-grid version) > conserves total mass to < 1e-10 relative over 10 000 ticks GROWN, noise OFF, reflecting  1910ms
   ✓ GGSolver — mass conservation (gate at full size runs via runner; this is the dev-grid version) > conserves total mass with noise ON (the §6 form conserves by construction)  557ms
 ✓ runner/test/phase10-c0v-s6-radial.test.ts (24 tests) 4271ms
   ✓ Phase 10 C0V S6 radial production and independent evaluation > encodes the exact 5,891-byte witness and binds the S5 science protocol  3223ms
 ✓ runner/test/phase10-c0v-s6-aggregate.test.ts (5 tests) 3406ms
   ✓ Phase 10 C0V S6 aggregate > keeps aggregate producers outside the independent evaluator closure  3398ms
 ✓ runner/test/phase5-wp0.test.ts (12 tests) 2024ms
   ✓ Phase 5 criteria freeze > runs the pre-GPU binary32 shadow inside the frozen envelope  2017ms
 ✓ runner/test/phase5-lk-reduction-shadow.test.ts (3 tests) 2033ms
   ✓ Phase 5 LK f32 reduction shadow > measures every frozen blocking LK topology before production WGSL exists  2029ms
 ✓ runner/test/phase8-search-protocol-successor.test.ts (15 tests) 930ms
 ✓ runner/test/phase6-wp2-ladder-eval.test.ts (24 tests) 1131ms
 ✓ runner/test/phase6-independent-evidence-scripts.test.ts (10 tests) 1047ms
 ✓ runner/test/phase10-obligation-preflight.test.ts (14 tests) 1312ms
   ✓ Phase 10 A-P strict contracts > keeps every registered research output trackable with raw-byte-stable attributes  1095ms
 ✓ runner/test/post-phase10-spatial.test.ts (1 test) 836ms
   ✓ optional spatial boundary observations > records the converged pre-update boundary without changing numerical trajectories  835ms
 ✓ runner/test/post-phase10-holefill.test.ts (11 tests) 816ms
 ✓ runner/test/phase9-dbt-publication.test.ts (67 tests) 605ms
 ✓ runner/test/post-phase10-facet-factorial.test.ts (8 tests) 701ms
 ✓ runner/test/phase8-target-book.test.ts (18 tests) 847ms
   ✓ published Phase 8 freeze > re-derives the book, pins, and split from published bytes  800ms
 ✓ runner/test/progress-index.test.ts (11 tests) 292ms
 ✓ runner/test/phase10-c0v-schema-promotion.test.ts (7 tests) 684ms
   ✓ Phase 10 C0V schema promotion > keeps every new research contract pretty-2 LF, trackable, and byte-stable  604ms
 ✓ runner/test/post-phase10-followup.test.ts (5 tests) 451ms
   ✓ post-Phase-10 follow-up wave 2 > runs one abrupt event at its exact first extent crossing  448ms
 ✓ runner/test/phase8-search-protocol.test.ts (22 tests) 344ms
 ✓ runner/test/post-phase10-basal-history.test.ts (4 tests) 348ms
 ✓ runner/test/post-phase10-cavity-analysis.test.ts (26 tests) 334ms
 ✓ runner/test/phase6-ladder-reader.test.ts (3 tests) 370ms
 ✓ runner/test/phase10-c0v-s6-executor-dispatch.test.ts (19 tests) 272ms
 ✓ runner/test/phase9-measurement-adapters-row-parsers.test.ts (12 tests) 239ms
 ✓ runner/test/post-phase10-cavity.test.ts (5 tests) 247ms
 ✓ runner/test/phase6-wp2-ladder-independent.test.ts (4 tests) 271ms
 ✓ solver-cpu/test/diffusion.test.ts (11 tests) 231ms
 ✓ runner/test/phase10-c0v-s6-semantic-fingerprint.test.ts (2 tests) 228ms
 ✓ runner/test/post-phase10-basal-width.test.ts (4 tests) 250ms
 ✓ runner/test/phase9-mgp-intake.test.ts (15 tests) 116ms
 ✓ runner/test/phase8-focused-discovery.test.ts (3 tests) 222ms
 ✓ runner/test/vite-nas-serving.test.ts (23 tests | 3 skipped) 191ms
 ✓ runner/test/phase6-heldout-source-lock.test.ts (7 tests) 158ms
 ✓ runner/test/phase9-mf-mk2-publication.test.ts (7 tests) 149ms
 ✓ runner/test/phase9-mpk-residual-foundation.test.ts (5 tests) 46ms
 ✓ runner/test/phase9-measurement-adapters.test.ts (20 tests) 123ms
 ✓ runner/test/phase6-protocol.test.ts (50 tests) 183ms
 ✓ runner/test/phase9-source-overlay.test.ts (8 tests) 109ms
 ✓ runner/test/phase9-dbt-model.test.ts (27 tests) 114ms
 ✓ solver-cpu/test/discovery-resume.test.ts (20 tests) 5019ms
   ✓ separate discovery continuation > ordinary M1: repeated resumes preserve fields, order, diagnostics and evolution  474ms
   ✓ separate discovery continuation > ordinary no-dip: repeated resumes preserve fields, order, diagnostics and evolution  434ms
   ✓ separate discovery continuation > both: repeated resumes preserve fields, order, diagnostics and evolution  421ms
   ✓ separate discovery continuation > neither: repeated resumes preserve fields, order, diagnostics and evolution  416ms
   ✓ separate discovery continuation > basal-only: repeated resumes preserve fields, order, diagnostics and evolution  425ms
   ✓ separate discovery continuation > prism-only: repeated resumes preserve fields, order, diagnostics and evolution  415ms
   ✓ separate discovery continuation > full width: repeated resumes preserve fields, order, diagnostics and evolution  428ms
   ✓ separate discovery continuation > early-only: resumes on both sides of the physical-time cutoff retain the switch  405ms
   ✓ separate discovery continuation > late-only: resumes on both sides of the physical-time cutoff retain the switch  421ms
 ✓ solver-cpu/test/lk-hole-filling.test.ts (9 tests) 29412ms
   ✓ ADR 0056 geometric completion counterfactual > -4.5 M1: enabled preserves ordinary evolution including geometric completion  4508ms
   ✓ ADR 0056 geometric completion counterfactual > -4.5 M1_NO_DIP_ABLATION: enabled preserves ordinary evolution including geometric completion  9573ms
   ✓ ADR 0056 geometric completion counterfactual > -5 M1: enabled preserves ordinary evolution including geometric completion  4412ms
   ✓ ADR 0056 geometric completion counterfactual > -5 M1_NO_DIP_ABLATION: enabled preserves ordinary evolution including geometric completion  9560ms
   ✓ ADR 0056 geometric completion counterfactual > M1 still grows kinetically with exact attached symmetry at fill-CFL 0.2  497ms
   ✓ ADR 0056 geometric completion counterfactual > M1_NO_DIP_ABLATION still grows kinetically with exact attached symmetry at fill-CFL 0.2  570ms
 ✓ solver-cpu/test/lk-solver.test.ts (41 tests) 20995ms
   ✓ LKSolver — divergence identity (§4.4 test 3) > at convergence, Dirichlet injection equals signed net boundary exchange  400ms
   ✓ LKSolver — ledger identity (§4.4 test 4) > fill ledger + hole-fill deficit account for every attached cell and every partial fill  2893ms
   ✓ LKSolver — ledger identity (§4.4 test 4) > NON-TAUTOLOGICAL: the ledger delta equals independently recomputed kinetic demand  973ms
   ✓ LKSolver — legacy-v3 sink-vs-demand regression > COMPUTED: legacy Robin absorption vs converged-field per-sweep demand  1779ms
   ✓ LKSolver — fill-CFL (§4.4 test 5, kinetic-only per the round-2 correction) > no growth step's KINETIC fill ever exceeds the bound  2571ms
   ✓ LKSolver — growth, determinism, symmetry > a crystal grows at all (plan, Stage 2b check)  3812ms
   ✓ LKSolver — growth, determinism, symmetry > two runs with the same options are bit-identical (pinned-oracle scope)  3466ms
   ✓ LKSolver — growth, determinism, symmetry > noise off, hexPrism: every attachment delta is D6h-invariant and the full metric reads 0  3839ms
   ✓ opposing-vapor mean, D6h equivariance > v6 is an ordering change only: it reaches the same state v5 does at this scale  454ms
 ✓ solver-cpu/test/prepared-kinetics.test.ts (35 tests) 16492ms
   ✓ prepared LK kinetics are a bit-identical solver refactor > CAK_A1 legacy-v3 noise=0  533ms
   ✓ prepared LK kinetics are a bit-identical solver refactor > CAK_A1 legacy-v3 noise=0.375  503ms
   ✓ prepared LK kinetics are a bit-identical solver refactor > CAK_A1 aggregate-hv-g1h1-v4 noise=0  503ms
   ✓ prepared LK kinetics are a bit-identical solver refactor > CAK_A1 aggregate-hv-g1h1-v4 noise=0.375  495ms
   ✓ prepared LK kinetics are a bit-identical solver refactor > CAK_A1 aggregate-hv-g1h1-v5 noise=0  498ms
   ✓ prepared LK kinetics are a bit-identical solver refactor > CAK_A1 aggregate-hv-g1h1-v5 noise=0.375  492ms
   ✓ prepared LK kinetics are a bit-identical solver refactor > CAK_A1 aggregate-hv-g1h1-v6 noise=0  497ms
   ✓ prepared LK kinetics are a bit-identical solver refactor > CAK_A1 aggregate-hv-g1h1-v6 noise=0.375  497ms
   ✓ prepared LK kinetics are a bit-identical solver refactor > CAK legacy-v3 noise=0  493ms
   ✓ prepared LK kinetics are a bit-identical solver refactor > CAK legacy-v3 noise=0.375  496ms
   ✓ prepared LK kinetics are a bit-identical solver refactor > CAK aggregate-hv-g1h1-v4 noise=0  493ms
   ✓ prepared LK kinetics are a bit-identical solver refactor > CAK aggregate-hv-g1h1-v4 noise=0.375  492ms
   ✓ prepared LK kinetics are a bit-identical solver refactor > CAK aggregate-hv-g1h1-v5 noise=0  503ms
   ✓ prepared LK kinetics are a bit-identical solver refactor > CAK aggregate-hv-g1h1-v5 noise=0.375  502ms
   ✓ prepared LK kinetics are a bit-identical solver refactor > CAK aggregate-hv-g1h1-v6 noise=0  495ms
   ✓ prepared LK kinetics are a bit-identical solver refactor > CAK aggregate-hv-g1h1-v6 noise=0.375  496ms
   ✓ prepared LK kinetics are a bit-identical solver refactor > M1 legacy-v3 noise=0  495ms
   ✓ prepared LK kinetics are a bit-identical solver refactor > M1 legacy-v3 noise=0.375  495ms
   ✓ prepared LK kinetics are a bit-identical solver refactor > M1 aggregate-hv-g1h1-v4 noise=0  492ms
   ✓ prepared LK kinetics are a bit-identical solver refactor > M1 aggregate-hv-g1h1-v4 noise=0.375  499ms
   ✓ prepared LK kinetics are a bit-identical solver refactor > M1 aggregate-hv-g1h1-v5 noise=0  491ms
   ✓ prepared LK kinetics are a bit-identical solver refactor > M1 aggregate-hv-g1h1-v5 noise=0.375  495ms
   ✓ prepared LK kinetics are a bit-identical solver refactor > M1 aggregate-hv-g1h1-v6 noise=0  488ms
   ✓ prepared LK kinetics are a bit-identical solver refactor > M1 aggregate-hv-g1h1-v6 noise=0.375  495ms
   ✓ prepared LK kinetics are a bit-identical solver refactor > M1_NO_DIP_ABLATION legacy-v3 noise=0  493ms
   ✓ prepared LK kinetics are a bit-identical solver refactor > M1_NO_DIP_ABLATION legacy-v3 noise=0.375  506ms
   ✓ prepared LK kinetics are a bit-identical solver refactor > M1_NO_DIP_ABLATION aggregate-hv-g1h1-v4 noise=0  493ms
   ✓ prepared LK kinetics are a bit-identical solver refactor > M1_NO_DIP_ABLATION aggregate-hv-g1h1-v4 noise=0.375  495ms
   ✓ prepared LK kinetics are a bit-identical solver refactor > M1_NO_DIP_ABLATION aggregate-hv-g1h1-v5 noise=0  494ms
   ✓ prepared LK kinetics are a bit-identical solver refactor > M1_NO_DIP_ABLATION aggregate-hv-g1h1-v5 noise=0.375  496ms
   ✓ prepared LK kinetics are a bit-identical solver refactor > M1_NO_DIP_ABLATION aggregate-hv-g1h1-v6 noise=0  495ms
   ✓ prepared LK kinetics are a bit-identical solver refactor > M1_NO_DIP_ABLATION aggregate-hv-g1h1-v6 noise=0.375  497ms
 ✓ solver-cpu/test/lk-facet-dips.test.ts (8 tests) 14341ms
   ✓ ADR 0055 finite facet preparation > -4.5 both preserves ordinary evolution through attachment  3489ms
   ✓ ADR 0055 finite facet preparation > -4.5 neither preserves ordinary evolution through attachment  3304ms
   ✓ ADR 0055 finite facet preparation > -5 both preserves ordinary evolution through attachment  3448ms
   ✓ ADR 0055 finite facet preparation > -5 neither preserves ordinary evolution through attachment  3320ms
 ✓ solver-cpu/test/lk-resume.test.ts (16 tests) 13224ms
   ✓ LK v3 field-adopting restore > CAK: direct, checkpoint-every-cycle, and multiply resumed evolution are exact  5509ms
   ✓ LK v3 field-adopting restore > M1: direct, checkpoint-every-cycle, and multiply resumed evolution are exact  5483ms
   ✓ LK v3 field-adopting restore > CAK: converged multi-sweep continuation remains exact after nonlinear events  1111ms
   ✓ LK v3 field-adopting restore > M1: converged multi-sweep continuation remains exact after nonlinear events  1103ms
 ✓ runner/test/phase10-c0-lifecycle.test.ts (16 tests) 2127ms
   ✓ Phase 10 C0 frozen existing-byte lifecycle > installs derive and publish artifacts idempotently at only the registered destination  1044ms
 ✓ solver-cpu/test/surface-cycle-hardening.test.ts (18 tests) 1329ms
   ✓ SurfaceOperator cycle ownership hardening > makes direct and wrapper G-G cycles bit-identical with noise enabled  462ms
 ✓ runner/test/nas-asset-transaction-lib.test.ts (43 tests | 1 skipped) 1718ms
 ✓ runner/test/nas-assets-catalog.test.ts (9 tests) 1275ms
   ✓ tracked NAS asset catalogue > re-derives every machine-readable tracked owner selection  461ms
   ✓ tracked NAS asset catalogue > assigns every live ledger row to exactly one collection owner  766ms
 ✓ solver-cpu/test/timeline-environment.test.ts (10 tests) 731ms
 ✓ runner/test/named-crystal-final-compose-accept.test.ts (6 tests) 653ms
 ✓ runner/test/gutcheck-growth-out.test.ts (2 tests) 457ms
 ✓ runner/test/gutcheck-animation-queue-cli.test.ts (1 test) 365ms
   ✓ gut-check animation queue CLI > plans portable A/B manifests and dry-runs both workers  364ms
 ✓ runner/test/gutcheck-build-index-catalog.test.ts (4 tests | 1 skipped) 354ms
 ✓ runner/test/depletion-metric.test.ts (3 tests) 323ms
 ✓ runner/test/nas-asset-restore-cli.test.ts (15 tests) 299ms
 ✓ runner/test/evidence-integrity.test.ts (7 tests) 447ms
   ✓ evidence integrity (Phase 6 lessons, enforced) > every file in the manifest exists and matches its digest  368ms
 ✓ solver-cpu/test/phase6-ablation-arm.test.ts (1 test) 250ms
 ✓ runner/test/gate3.test.ts (20 tests) 152ms
 ✓ runner/test/nas-assets.test.ts (26 tests) 124ms
 ✓ runner/test/phase6-provenance.test.ts (12 tests) 155ms
 ✓ runner/test/nas-asset-selection-lib.test.ts (18 tests) 102ms
 ✓ runner/test/phase6-arm2.test.ts (38 tests) 150ms
 ✓ runner/test/phase6-arm3.test.ts (26 tests) 161ms
 ✓ runner/test/rule7-lint.test.ts (3 tests) 114ms
 ✓ solver-cpu/test/operator.test.ts (3 tests) 89ms
 ✓ solver-cpu/test/gg-plus-solver.test.ts (4 tests) 88ms
 ✓ runner/test/phase10-c0v-s6-executor-worker.test.ts (6 tests) 89ms
 ✓ runner/test/gate4-evidence.test.ts (44 tests) 90ms
 ✓ runner/test/phase6-sweep.test.ts (39 tests) 109ms
 ✓ runner/test/gutcheck-growth-fleet.test.ts (5 tests) 77ms
 ✓ runner/test/nas-asset-bootstrap.test.ts (21 tests) 60ms
 ✓ app/test/gpuengine.test.ts (38 tests) 47ms
 ✓ app/test/dendrite-data.test.ts (3 tests) 45ms
 ✓ core/test/metrics.test.ts (32 tests) 32ms
 ✓ app/test/inspect.test.ts (20 tests) 27ms
 ✓ core/test/libbrecht.test.ts (35 tests) 26ms
 ✓ runner/test/phase10-c0v-radial-reference.test.ts (10 tests) 19ms
 ✓ runner/test/discovery-resume.test.ts (18 tests) 9792ms
   ✓ discovery row continuation > serializes stale-owner replacement and admits only one of two real worker contenders  615ms
   ✓ discovery row continuation > matches complete scientific output across multiple resumes: ordinary  581ms
   ✓ discovery row continuation > matches complete scientific output across multiple resumes: no-dip  505ms
   ✓ discovery row continuation > matches complete scientific output across multiple resumes: both  539ms
   ✓ discovery row continuation > matches complete scientific output across multiple resumes: neither  505ms
   ✓ discovery row continuation > matches complete scientific output across multiple resumes: basal-only  524ms
   ✓ discovery row continuation > matches complete scientific output across multiple resumes: prism-only  501ms
   ✓ discovery row continuation > matches complete scientific output across multiple resumes: width  527ms
   ✓ discovery row continuation > matches complete scientific output across multiple resumes: early width  544ms
   ✓ discovery row continuation > matches complete scientific output across multiple resumes: warm to cold  555ms
   ✓ discovery row continuation > matches complete scientific output across multiple resumes: cold to warm no-dip  1768ms
   ✓ discovery row continuation > preserves and removes uncommitted event/snapshot tails, ignoring an incomplete generation  378ms
   ✓ discovery row continuation > continues an actually killed worker in a fresh process with identical scientific output  1276ms
 ✓ runner/test/gate4a-reference.test.ts (6 tests) 38ms
 ✓ app/test/stoprule.test.ts (8 tests) 23ms
 ✓ core/test/lattice.test.ts (13 tests) 18ms
 ✓ runner/test/phase10-c0v-s6-aggregate-parent.test.ts (2 tests) 18ms
 ✓ runner/test/phase10-c0v-contracts.test.ts (5 tests) 17ms
 ✓ core/test/timeline.test.ts (20 tests) 15ms
 ✓ app/test/gutcheck-growth-format.test.ts (26 tests) 15ms
 ✓ app/test/ggtimeline.test.ts (7 tests) 15ms
 ✓ runner/test/nas-mount-identity.test.ts (9 tests) 16ms
 ✓ runner/test/hil-batch2.test.ts (4 tests) 620ms
   ✓ registered HIL second batch > routes the real entry point to its own roster and refuses old worker IDs  377ms
 ✓ runner/test/gutcheck-photo-match-cli.test.ts (2 tests) 77ms
 ✓ runner/test/phase10-c0v-s6-worker-progress.test.ts (6 tests) 42ms
 ✓ solver-gpu/test/layout.test.ts (10 tests) 54ms
 ✓ solver-cpu/test/dirichlet.test.ts (3 tests) 53ms
 ✓ runner/test/post-phase10-discovery.test.ts (6 tests) 59ms
 ✓ runner/test/phase8-plot-extraction-v3.test.ts (7 tests) 48ms
 ✓ runner/test/growth-study-assets.test.ts (5 tests) 49ms
 ✓ runner/test/named-crystal-final-compose.test.ts (4 tests) 48ms
 ✓ runner/test/phase8-plot-extraction.test.ts (17 tests) 34ms
 ✓ runner/test/nas-asset-lib.test.ts (52 tests) 31ms
 ✓ runner/test/phase10-c0v-s6-publication-finalization-paths.test.ts (2 tests) 33ms
 ✓ runner/test/phase9-mv-preflight.test.ts (2 tests) 31ms
 ✓ runner/test/phase8-benchmark-selection.test.ts (5 tests) 30ms
 ✓ runner/test/phase8-bacon-successor.test.ts (4 tests) 26ms
 ✓ runner/test/phase8-benchmark-final.test.ts (7 tests) 27ms
 ✓ runner/test/phase8-corpus-local.test.ts (22 tests) 24ms
 ✓ runner/test/phase8-native-history.test.ts (8 tests) 22ms
 ✓ solver-gpu/test/gg-surface.test.ts (17 tests) 19ms
 ✓ core/test/prng.test.ts (6 tests) 14ms
 ✓ runner/test/phase6-crossplatform.test.ts (13 tests) 14ms
 ✓ core/test/checkpoint.test.ts (15 tests) 13ms
 ✓ app/test/gpu-instrument.test.ts (17 tests) 13ms
 ✓ runner/test/render-worktrees-closeout-nas-publication.test.ts (3 tests) 12ms
 ✓ runner/test/phase9-ms-categorical.test.ts (8 tests) 12ms
 ✓ runner/test/phase9-mh-msr-foundation.test.ts (8 tests) 11ms
 ✓ solver-gpu/test/diffusion.test.ts (12 tests) 12ms
 ✓ runner/test/phase9-mf-mk2-model.test.ts (16 tests) 11ms
 ✓ runner/test/phase9-transport-analytic.test.ts (20 tests) 11ms
 ✓ solver-cpu/test/lk-cycle-phase.test.ts (5 tests) 11ms
 ✓ solver-gpu/test/lk-applied-noise.test.ts (10 tests) 11ms
 ✓ app/test/gpuview.test.ts (29 tests) 10ms
 ✓ runner/test/phase9-dbt-preflight.test.ts (2 tests) 11ms
 ✓ runner/test/post-phase10-long.test.ts (2 tests) 10ms
 ✓ app/test/gutcheck-scene-motion.test.ts (8 tests) 10ms
 ✓ runner/test/phase9-hollowing-rivals.test.ts (12 tests) 9ms
 ✓ runner/test/phase9-nas.test.ts (6 tests) 9ms
 ✓ runner/test/phase6-size-strata.test.ts (8 tests) 9ms
 ✓ runner/test/discovery-budget.test.ts (11 tests) 455ms
 ✓ app/test/snapshot.test.ts (3 tests) 8ms
 ✓ runner/test/pgm.test.ts (2 tests) 8ms
 ✓ app/test/gutcheck-growth-comparison-record.test.ts (20 tests) 7ms
 ✓ solver-gpu/test/transport.test.ts (10 tests) 6ms
 ✓ runner/test/named-crystal-catalog.test.ts (4 tests) 7ms
 ✓ runner/test/gate2b-v4-artifact.test.ts (2 tests) 6ms
 ✓ app/test/display.test.ts (10 tests) 6ms
 ✓ runner/test/phase6-sdak.test.ts (13 tests) 6ms
 ✓ runner/test/gate5-readback-attribution.test.ts (16 tests) 6ms
 ✓ runner/test/hil-bld-batch-summary.test.ts (7 tests) 293ms
 ✓ app/test/growth-statistics.test.ts (5 tests) 6ms
 ✓ app/test/named-crystal-catalog-service.test.ts (2 tests) 6ms
 ✓ core/test/target-observables.test.ts (26 tests) 5ms
 ✓ app/test/protocol.test.ts (15 tests) 5ms
 ✓ runner/test/gutcheck-growth-scientific-nas-publication.test.ts (2 tests) 5ms
 ✓ app/test/scenarios.test.ts (11 tests) 4ms
 ✓ app/test/lkoverlays.test.ts (14 tests) 4ms
 ✓ app/test/overlays.test.ts (14 tests) 3ms
 ✓ runner/test/discovery-resume-publication.test.ts (10 tests) 2757ms
   ✓ bounded checkpoint publication retries > generation: transient EPERM publishes the exact new state once  308ms
 ✓ app/test/hexgeom.test.ts (8 tests) 3ms
 ✓ runner/test/growth-gallery-restore.test.ts (4 tests) 9ms
 ✓ runner/test/named-crystal-current-audit.test.ts (2 tests) 2ms
 ✓ app/test/hud.test.ts (8 tests) 2ms
 ✓ runner/test/named-crystal-baseline-probe-review.test.ts (3 tests) 2ms
 ✓ app/test/gutcheck-growth-framing.test.ts (2 tests) 6ms
 ✓ app/test/colormap.test.ts (8 tests) 6ms
 ✓ runner/test/phase6-diagram.test.ts (6 tests) 5ms
 ✓ runner/test/suite-integrity.test.ts (4 tests) 6ms
 ✓ runner/test/phase10-c0v-s6-watchdog-transition.test.ts (5 tests) 4ms
 ✓ runner/test/post-phase10-cavity-geometry.test.ts (6 tests) 5ms
 ✓ runner/test/phase9-mv-eligibility.test.ts (6 tests) 4ms
 ✓ app/test/gpudevice.test.ts (15 tests) 3ms
 ✓ app/test/growth-comparison-contract.test.ts (3 tests) 3ms
 ✓ solver-gpu/test/lk-conversion.test.ts (3 tests) 4ms
 ✓ app/test/growth-study-data.test.ts (3 tests) 4ms
 ✓ app/test/slice.test.ts (11 tests) 3ms
 ✓ runner/test/phase10-c0v-s6-publication.test.ts (3 tests) 3ms
 ✓ solver-cpu/test/spherical-reference.test.ts (10 tests) 4ms
 ✓ runner/test/post-phase10-cavity-spatial.test.ts (5 tests) 3ms
 ✓ core/test/params.test.ts (11 tests) 3ms
 ✓ runner/test/phase10-c0v-s6-static-parent.test.ts (4 tests) 3ms
 ✓ app/test/gutcheck-animation-queue.test.ts (4 tests) 3ms
 ✓ app/test/surface.test.ts (6 tests) 3ms
 ✓ runner/test/post-phase10-adaptive.test.ts (4 tests) 3ms
 ✓ app/test/growth-scene.test.ts (5 tests) 3ms
 ✓ runner/test/post-phase10-confirm.test.ts (3 tests) 3ms
 ✓ solver-gpu/test/lk-input.test.ts (5 tests) 3ms
 ✓ runner/test/phase10-c0v-s6-radial-publish-parent.test.ts (2 tests) 3ms
 ✓ runner/test/phase10-c0v-s6-radial-parent.test.ts (2 tests) 2ms
 ✓ app/test/three-views.test.ts (2 tests) 2ms
 ✓ app/test/catalog-volume.test.ts (3 tests) 2ms
 ✓ app/test/readout.test.ts (6 tests) 2ms
 ✓ runner/test/phase10-c0v-s6-moving-locked-dispatch.test.ts (1 test) 2ms
 ✓ app/test/growth-asset.test.ts (2 tests) 2ms
 ✓ app/test/growth-scene-review-camera.test.ts (5 tests) 2ms
 ✓ solver-gpu/test/lk-cycle.test.ts (2 tests) 2ms
 ✓ solver-gpu/test/gg-surface-numerical.test.ts (1 test) 2ms
 ✓ app/test/growth-study-library.test.ts (3 tests) 2ms
 ✓ runner/test/cli-entry.test.ts (6 tests) 520ms
 ✓ app/test/spike-gg-realism-frame.test.ts (3 tests) 1ms

 Test Files  235 passed (235)
      Tests  3045 passed | 23 skipped (3068)
   Start at  17:43:01
   Duration  971.73s (transform 2.93s, setup 0ms, collect 29.20s, tests 919.82s, environment 20ms, prepare 8.16s)

