
> virtual-cloud-chamber@0.0.0 test
> npm run lint:rule7 && npm run typecheck && vitest run


> virtual-cloud-chamber@0.0.0 lint:rule7
> node scripts/lint-rule7.mjs

rule7: clean (2343 files scanned)

> virtual-cloud-chamber@0.0.0 typecheck
> tsc --noEmit && tsc -p app --noEmit


 RUN  v3.2.7 G:/Code Files/snowflake-bld-exploration

 ✓ runner/test/phase10-c0v-s6-executor.test.ts (67 tests) 70268ms
   ✓ Phase 10 C0V S6 filesystem and closure refusal boundary > reopens the exact nine-generation stop before recovery-v9 lock acquisition  972ms
   ✓ Phase 10 C0V S6 filesystem and closure refusal boundary > reopens the accepted V5 A-P freeze from Git after the V8 source successor  18593ms
   ✓ Phase 10 C0V S6 filesystem and closure refusal boundary > requires the live run-lock token before any current A-P candidate write  10066ms
   ✓ Phase 10 C0V S6 filesystem and closure refusal boundary > raw-projects all seven produce cap prefixes with a strict equality boundary  1633ms
   ✓ Phase 10 C0V S6 filesystem and closure refusal boundary > raw-projects moving and static semantic refusals and rejects a wrong exit class  639ms
   ✓ Phase 10 C0V S6 filesystem and closure refusal boundary > admits only exact freeze lifecycle dirt and a normal launch-HEAD index  1161ms
   ✓ Phase 10 C0V S6 filesystem and closure refusal boundary > serializes distinct packets under the catalogue-bound package lock  875ms
   ✓ Phase 10 C0V S6 filesystem and closure refusal boundary > rejects materialized successor runs before locking and admits verify-existing  2046ms
   ✓ Phase 10 C0V S6 filesystem and closure refusal boundary > binds resolution metadata to the exact HEAD blob while accepting only Git-equivalent EOLs  646ms
   ✓ Phase 10 C0V S6 filesystem and closure refusal boundary > rejects hard-linked source closure bytes and alternate loaders  9286ms
   ✓ Phase 10 C0V S6 filesystem and closure refusal boundary > rejects a coherently changed assume-unchanged manifest and dependency  470ms
   ✓ Phase 10 C0V S6 filesystem and closure refusal boundary > reopens a historical launch manifest after a later evidence-manifest commit  570ms
   ✓ Phase 10 C0V S6 filesystem and closure refusal boundary > binds the retained preflight manifest identity to the recorded launch HEAD bytes  431ms
   ✓ Phase 10 C0V S6 filesystem and closure refusal boundary > admits only exact direct prototype inspections in trusted strict parsers  4437ms
   ✓ Phase 10 C0V S6 filesystem and closure refusal boundary > rejects node:fs from the radial producer builtin closure  932ms
   ✓ Phase 10 C0V S6 filesystem and closure refusal boundary > rejects node:child_process from the radial producer builtin closure  924ms
   ✓ Phase 10 C0V S6 filesystem and closure refusal boundary > resolves the live publish producer, verifier, and check-caller closures under exact builtin rosters  15037ms
   ✓ Phase 10 C0V S6 filesystem and closure refusal boundary > rejects tuning a producer dependency that existed at the science freeze  752ms
 ✓ runner/test/gate4b.test.ts (78 tests) 62684ms
   ✓ gate4b derives all twelve execution criteria from raw evidence > passes the complete synthetic 11-run evidence matrix  2171ms
   ✓ gate4b derives all twelve execution criteria from raw evidence > records all eight diagnostic morphology verdicts on the same matrix  573ms
   ✓ gate4b derives all twelve execution criteria from raw evidence > B-EXEC-PROVENANCE trips alone  1326ms
   ✓ gate4b derives all twelve execution criteria from raw evidence > B-EXEC-CONFIG trips alone  1812ms
   ✓ gate4b derives all twelve execution criteria from raw evidence > B-EXEC-TERMINATION trips alone  1760ms
   ✓ gate4b derives all twelve execution criteria from raw evidence > B-EXEC-SYMMETRY trips alone on an internally consistent asymmetric delta  1785ms
   ✓ gate4b derives all twelve execution criteria from raw evidence > B-EXEC-NOISE trips alone on a shifted witness stream  1556ms
   ✓ gate4b derives all twelve execution criteria from raw evidence > B-EXEC-CONVERGENCE trips alone  1822ms
   ✓ gate4b derives all twelve execution criteria from raw evidence > B-EXEC-SURFACE trips alone  1808ms
   ✓ gate4b derives all twelve execution criteria from raw evidence > B-EXEC-LEDGER trips alone  1792ms
   ✓ gate4b derives all twelve execution criteria from raw evidence > B-EXEC-PECLET trips alone  1786ms
   ✓ gate4b derives all twelve execution criteria from raw evidence > B-EXEC-CHECKPOINT trips alone  1000ms
   ✓ gate4b derives all twelve execution criteria from raw evidence > B-EXEC-NUMERIC trips alone on a reopened artifact byte mismatch  648ms
   ✓ gate4b derives all twelve execution criteria from raw evidence > B-EXEC-COMPLETE trips alone on a missing registered sweep point  1627ms
   ✓ gate4b derives all twelve execution criteria from raw evidence > B-EXEC-COMPLETE trips alone on a duplicated registered record  1432ms
   ✓ gate4b rejects the registered LK negative list by name > wrong surface policy fails B-EXEC-CONFIG  508ms
   ✓ gate4b rejects the registered LK negative list by name > reflecting far field fails B-EXEC-CONFIG  508ms
   ✓ gate4b rejects the registered LK negative list by name > a legacy-v3 checkpoint artifact fails B-EXEC-CHECKPOINT  992ms
   ✓ gate4b rejects the registered LK negative list by name > a checkpoint policy shift fails B-EXEC-CHECKPOINT  987ms
   ✓ gate4b rejects the registered LK negative list by name > residual-only convergence claims fail B-EXEC-CONVERGENCE  1790ms
   ✓ gate4b rejects the registered LK negative list by name > a forged divergence report that disagrees with shell/exchange fails B-EXEC-CONVERGENCE  1787ms
   ✓ gate4b rejects the registered LK negative list by name > clipped-demand omission fails B-EXEC-LEDGER  1777ms
   ✓ gate4b rejects the registered LK negative list by name > an incomplete temperature sweep fails B-EXEC-COMPLETE  1589ms
   ✓ gate4b noise witnesses are independently recomputed > a divergent same-seed replay fails B-EXEC-NOISE alone  1810ms
   ✓ gate4b noise witnesses are independently recomputed > a witness cell set detached from the reconstructed boundary fails B-EXEC-NOISE  1826ms
   ✓ gate4b noise witnesses are independently recomputed > epsilon/seed round-trip through the frozen LK v2 checkpoint is enforced  1514ms
   ✓ gate4b timeline evidence is independently recomputed > clamping the transformed negatives to zero fails the bitwise density transform  1820ms
   ✓ gate4b timeline evidence is independently recomputed > the cross-temperature vapor ledger catches final-temperature multiplication by name  1815ms
   ✓ gate4b artifact and checkpoint seams > reopens and cross-links the complete exact payload set  706ms
   ✓ gate4b artifact and checkpoint seams > rejects byte mutations in every Pass-B artifact family  2071ms
   ✓ gate4b artifact and checkpoint seams > B-EXEC-CONFIG owns corrupt manifest bytes: invalid UTF-8  632ms
   ✓ gate4b artifact and checkpoint seams > B-EXEC-CONFIG owns corrupt manifest bytes: invalid JSON  626ms
   ✓ gate4b artifact and checkpoint seams > B-EXEC-CONFIG owns corrupt manifest bytes: noncanonical whitespace  626ms
   ✓ gate4b artifact and checkpoint seams > B-EXEC-CONFIG owns corrupt manifest bytes: BOM-prefixed canonical bytes  635ms
   ✓ gate4b artifact and checkpoint seams > B-EXEC-CONFIG owns corrupt manifest bytes: canonical bytes off the freeze  618ms
   ✓ gate4b serial orchestration seams > executes the frozen matrix serially and publishes a verifiable bundle on validity  3005ms
   ✓ gate4b serial orchestration seams > records diagnostic morphology misses without blocking exit 0 or publication  2864ms
   ✓ gate4b serial orchestration seams > an execution-integrity failure publishes nothing and exits 1 by name  2394ms
   ✓ gate4b serial orchestration seams > refuses to present an execution-valid verdict without a verified publication  1881ms
   ✓ gate4b serial orchestration seams > refuses to present an execution-invalid verdict that carries a publication  2346ms
   ✓ gate4b real solver integration (tiny dims) > captures a validated dual-outcome noise witness and replays bit-identically  1212ms
 ✓ runner/test/gate4a.test.ts (89 tests) 129563ms
   ✓ gate4a derives all eight execution criteria from raw evidence > passes the complete synthetic 13-run evidence matrix  8993ms
   ✓ gate4a derives all eight execution criteria from raw evidence > A-EXEC-PROVENANCE trips alone  3758ms
   ✓ gate4a derives all eight execution criteria from raw evidence > A-EXEC-CONFIG trips alone  4466ms
   ✓ gate4a derives all eight execution criteria from raw evidence > A-EXEC-SYMMETRY trips alone on an internally consistent asymmetric delta  3952ms
   ✓ gate4a derives all eight execution criteria from raw evidence > A-EXEC-SYMMETRY trips alone on asymmetric boundary/vapor bits with symmetric occupancy  3987ms
   ✓ gate4a derives all eight execution criteria from raw evidence > A-EXEC-NOISE trips alone  3679ms
   ✓ gate4a derives all eight execution criteria from raw evidence > A-EXEC-NOISE alone owns representative run-disconnected evidence  4361ms
   ✓ gate4a derives all eight execution criteria from raw evidence > A-EXEC-MASS trips alone  4519ms
   ✓ gate4a derives all eight execution criteria from raw evidence > A-EXEC-DOMAIN trips alone  4517ms
   ✓ gate4a derives all eight execution criteria from raw evidence > A-EXEC-DOMAIN trips alone on a reconstructed contacting crystal  4761ms
   ✓ gate4a derives all eight execution criteria from raw evidence > A-EXEC-TERMINATION trips alone  4215ms
   ✓ gate4a derives all eight execution criteria from raw evidence > A-EXEC-TERMINATION trips alone on shifted threshold  3606ms
   ✓ gate4a derives all eight execution criteria from raw evidence > A-EXEC-TERMINATION trips alone on shifted cycle-0 mean  3631ms
   ✓ gate4a derives all eight execution criteria from raw evidence > A-EXEC-TERMINATION trips alone on far-field run carrying extent witness  4407ms
   ✓ gate4a derives all eight execution criteria from raw evidence > A-EXEC-TERMINATION rejects a size run carrying a far-field witness  1971ms
   ✓ gate4a derives all eight execution criteria from raw evidence > A-EXEC-TERMINATION alone owns a forged transition report and equal fabricated masses  4448ms
   ✓ gate4a derives all eight execution criteria from raw evidence > A-EXEC-NUMERIC trips alone on a reopened artifact byte mismatch  1922ms
   ✓ gate4a derives all eight execution criteria from raw evidence > A-EXEC-NUMERIC reconstruction rejects multi-witness mutation: orphan witness on an empty-delta row  494ms
   ✓ gate4a derives all eight execution criteria from raw evidence > A-EXEC-NUMERIC reconstruction rejects multi-witness mutation: out-of-order witness cycles  478ms
   ✓ gate4a derives all eight execution criteria from raw evidence > A-EXEC-NUMERIC alone owns a representative malformed delta chain  1336ms
   ✓ gate4a derives all eight execution criteria from raw evidence > A-EXEC-NUMERIC owns a checkpoint/scenario metric mismatch  2176ms
   ✓ gate4a branch morphology is nonvacuous against raw attachment chains > a coherent seed-only comparator changes only A-BRANCH from true to false  12618ms
   ✓ gate4a branch morphology is nonvacuous against raw attachment chains > rejects a grown final comparator whose attachment deltas are missing before morphology  2803ms
   ✓ gate4a artifact and checkpoint seams > reopens and cross-links the complete exact payload set  1861ms
   ✓ gate4a artifact and checkpoint seams > rejects Pass-A v1 manifest and scenario identities  1860ms
   ✓ gate4a artifact and checkpoint seams > rejects byte mutations in every Pass-A artifact family  3013ms
   ✓ gate4a artifact and checkpoint seams > rejects missing scenario farFieldWitness metadata keys or types  1657ms
   ✓ gate4a artifact and checkpoint seams > rejects extra scenario farFieldWitness metadata keys or types  1654ms
   ✓ gate4a artifact and checkpoint seams > rejects renamed scenario farFieldWitness metadata keys or types  1659ms
   ✓ gate4a artifact and checkpoint seams > rejects mistyped scenario farFieldWitness metadata keys or types  1685ms
   ✓ gate4a artifact and checkpoint seams > A-EXEC-CONFIG owns corrupt manifest bytes: invalid UTF-8  2196ms
   ✓ gate4a artifact and checkpoint seams > A-EXEC-CONFIG owns corrupt manifest bytes: invalid JSON  2186ms
   ✓ gate4a artifact and checkpoint seams > A-EXEC-CONFIG owns corrupt manifest bytes: noncanonical whitespace  2247ms
   ✓ gate4a artifact and checkpoint seams > A-EXEC-CONFIG owns corrupt manifest bytes: BOM-prefixed canonical bytes  2185ms
   ✓ gate4a artifact and checkpoint seams > A-EXEC-CONFIG owns corrupt manifest bytes: canonical bytes off the freeze  2199ms
   ✓ gate4a artifact and checkpoint seams > rejects a canonically re-encoded noise header mutation with unchanged field bytes  2863ms
   ✓ gate4a serial orchestration seams > executes the frozen matrix serially without a cross-run resolver  8069ms
 ✓ runner/test/gutcheck-hardening.test.ts (57 tests | 25 skipped) 5582ms
   ✓ evidence manifest pinning > does not mistake an eval import with the library at argv[1] for direct CLI execution  364ms
   ✓ evidence manifest pinning > makes a live manifest update wait until the current lock holder exits its action  501ms
   ✓ workpack is self-contained > builds a pack whose grow-batch resolves and dry-runs from inside the pack  938ms
   ✓ workpack is self-contained > uses canonical invocation identity when deciding whether a fake-repo spec is already done  501ms
   ✓ archive-pack ledger semantics > fails closed on malformed, wrong-format, and absent priors (round-2)  409ms
   ✓ grow-batch frame-enabled resume > does not skip wrong spec, dimensions, domain, ticks, seed, noise, extraction, cadence, or final tick  855ms
 ✓ runner/test/phase10-scope-overlay.test.ts (24 tests) 67275ms
   ✓ Phase 10 A-S scope overlay > rejects a coordinated zero-blocker validation-credit upgrade even with repaired report and index  895ms
   ✓ Phase 10 A-S scope overlay > rejects a coordinated producer-provenance rewrite even with a repaired artifact index  888ms
   ✓ Phase 10 A-S scope overlay > requires the exact candidate-local receipt path at the CLI boundary  1198ms
   ✓ Phase 10 A-S static packet lifecycle > rejects a structurally valid committed post-freeze classification-protocol drift  2095ms
   ✓ Phase 10 A-S static packet lifecycle > requires an exact passing A-P dependency lifecycle before A-S preflight  17215ms
   ✓ Phase 10 A-S static packet lifecycle > executes the exact clean-head produce, verify, publish sequence and resumes exact publication  8400ms
   ✓ Phase 10 A-S static packet lifecycle > refuses a dirty preflight and a tampered retained observed runtime  5201ms
   ✓ Phase 10 A-S static packet lifecycle > rejects terminal obligation-set drift and malformed mutation witnesses  8058ms
   ✓ Phase 10 A-S static packet lifecycle > prevalidates a conflicting receipt destination and safely retries after its removal  7650ms
   ✓ Phase 10 A-S static packet lifecycle > resumes either exact scope-only or receipt-only partial publication orientation  13698ms
 ✓ runner/test/phase10-c0v-s6-authority.test.ts (19 tests) 150200ms
   ✓ Phase 10 C0V S6 execution-v2 authority > binds recovery-v2 to the exact recovery-v1 stop and authorizes only A-P v3  313ms
   ✓ Phase 10 C0V S6 execution-v2 authority > binds recovery-v3 to the exact recovery-v2 stop and authorizes only A-P v4  323ms
   ✓ Phase 10 C0V S6 execution-v2 authority > binds recovery-v4 to the exact recovery-v3 stop and authorizes only A-P v5  325ms
   ✓ Phase 10 C0V S6 execution-v2 authority > binds recovery-v5 to the exact recovery-v4 stop and authorizes only A-P v6  325ms
   ✓ Phase 10 C0V S6 execution-v2 authority > binds recovery-v6 to the accepted A-P checkpoint and authorizes only moving-produce v2  515ms
   ✓ Phase 10 C0V S6 execution-v2 authority > binds recovery-v7 to the exact recovery-v6 stop and authorizes only moving-produce v3  526ms
   ✓ Phase 10 C0V S6 execution-v2 authority > binds recovery-v8 to the exact recovery-v7 stop and authorizes only moving-produce v4  529ms
   ✓ Phase 10 C0V S6 execution-v2 authority > binds recovery-v9 to the exact recovery-v8 stop and authorizes only moving-produce v5  531ms
   ✓ Phase 10 C0V S6 execution-v2 authority > independently closes all ten supplemental A-P graph checks  136438ms
   ✓ Phase 10 C0V S6 execution-v2 authority > executes the split missing-producer and uncalled-check mutations non-vacuously  1149ms
   ✓ Phase 10 C0V S6 execution-v2 authority > strict-parses the canonical graph and registers every successor output schema once  4027ms
   ✓ Phase 10 C0V S6 execution-v2 authority > keeps every authority path unignored and byte-stable on checkout  4505ms
 ✓ runner/test/phase10-c0v-s6-radial.test.ts (24 tests) 5649ms
   ✓ Phase 10 C0V S6 radial production and independent evaluation > encodes the exact 5,891-byte witness and binds the S5 science protocol  3917ms
   ✓ Phase 10 C0V S6 radial production and independent evaluation > retains each raw mutation and purely rederives the clean science and complete NC audit  324ms
 ✓ solver-cpu/test/lk-solver.test.ts (41 tests) 35274ms
   ✓ LKSolver — divergence identity (§4.4 test 3) > at convergence, Dirichlet injection equals signed net boundary exchange  644ms
   ✓ LKSolver — ledger identity (§4.4 test 4) > fill ledger + hole-fill deficit account for every attached cell and every partial fill  5043ms
   ✓ LKSolver — ledger identity (§4.4 test 4) > NON-TAUTOLOGICAL: the ledger delta equals independently recomputed kinetic demand  1643ms
   ✓ LKSolver — legacy-v3 sink-vs-demand regression > COMPUTED: legacy Robin absorption vs converged-field per-sweep demand  2988ms
   ✓ LKSolver — fill-CFL (§4.4 test 5, kinetic-only per the round-2 correction) > no growth step's KINETIC fill ever exceeds the bound  4293ms
   ✓ LKSolver — growth, determinism, symmetry > a crystal grows at all (plan, Stage 2b check)  6438ms
   ✓ LKSolver — growth, determinism, symmetry > two runs with the same options are bit-identical (pinned-oracle scope)  5636ms
   ✓ LKSolver — growth, determinism, symmetry > noise off, hexPrism: every attachment delta is D6h-invariant and the full metric reads 0  6514ms
   ✓ opposing-vapor mean, D6h equivariance > v6 holds the opposing mean, the field and the attached set exactly D6h-invariant  389ms
   ✓ opposing-vapor mean, D6h equivariance > v6 is an ordering change only: it reaches the same state v5 does at this scale  762ms
 ✓ core/test/lk-resume-checkpoint.test.ts (22 tests) 2087ms
   ✓ streamed LK resume checkpoint v3 > splits f64 fields exactly at the fixed chunk boundary without crossing field/alignment seams  2031ms
 ✓ app/test/phase4-verify.test.ts (59 tests) 54829ms
   ✓ frozen run completeness and provenance > the visual harness rejects a Pass-A v1 bundle before capture output exists  977ms
   ✓ real publication provenance is derived from recorded Git objects > accepts immutable recorded commits without requiring recorded HEAD == current HEAD  595ms
   ✓ real publication provenance is derived from recorded Git objects > rejects both false and true ancestry rewrites against independently recomputed facts  484ms
   ✓ real publication provenance is derived from recorded Git objects > rejects solver source rewrites at an otherwise descendant recorded commit  2642ms
   ✓ visual harness test-hook isolation > an ordinary harness without IPC never activates or waits for a test hook  483ms
   ✓ visual harness output-parent swap hooks > fails closed when the absent output parent becomes a Pass A junction after the verifying log  498ms
   ✓ visual harness output-parent swap hooks > cleans trusted staging when the output parent becomes a Pass A junction after staging  515ms
   ✓ visual harness staged-file hard-link attacks > rejects a first-PNG destination precreated as a hard link to the Pass A manifest  7709ms
   ✓ visual harness staged-file hard-link attacks > rejects a staged manifest precreated as a hard link to the Pass A report  12742ms
   ✓ visual harness staged-file hard-link attacks > rejects a post-create external hard link before publication  12693ms
   ✓ visual harness staged-file hard-link attacks > rolls back and rejects a post-rename external hard link before publication verification  12812ms
 ✓ runner/test/phase6-protocol.test.ts (50 tests) 234ms
 ✓ runner/test/nas-asset-transaction-lib.test.ts (43 tests | 6 skipped) 2518ms
 ✓ runner/test/post-phase10-cavity-analysis.test.ts (26 tests) 1060ms
 ✓ runner/test/phase9-mgt-analytic.test.ts (18 tests) 1048ms
   ✓ Phase 9 M-GT frozen foundation > exact-binds the final S0B bytes and retains every M-GT restriction as a physical-score block  342ms
   ✓ Phase 9 M-GT frozen foundation > exact-binds the knowledge files, equation sources, hypothesis, and prior diagnostic range  339ms
 ✓ runner/test/gutcheck-growth-comparison-publisher.test.ts (33 tests | 3 skipped) 8850ms
   ✓ Run B comparison NAS publisher > publishes the exact 17-file bundle by one verified same-share rename  652ms
   ✓ Run B comparison NAS publisher > allows a source hard link because staged files are exclusive fresh copies  585ms
   ✓ Run B comparison NAS publisher > rejects forged browser witnesses even when the top-level status remains pass  2757ms
   ✓ Run B comparison NAS publisher > detects a source mutation after copy and preserves its failed staging  336ms
   ✓ Run B comparison NAS publisher > detects a referenced-video mutation before rename and preserves its failed staging  340ms
   ✓ Run B comparison NAS publisher > detects a staging mutation and preserves the exact failed bytes  335ms
   ✓ Run B comparison NAS publisher > rejects a staged hard-link alias while preserving the outside alias  328ms
   ✓ Run B comparison NAS publisher > refuses ownership verification when the private staging path was replaced  323ms
   ✓ Run B comparison NAS publisher > reports and preserves failed owned staging without any recursive-delete implementation  338ms
   ✓ Run B comparison NAS publisher > rechecks and preserves an empty canonical directory that appears before rename  371ms
   ✓ Run B comparison NAS publisher > preserves the canonical bundle when final rehash detects post-rename damage  378ms
   ✓ Run B comparison NAS publisher > preserves the canonical bundle when the referenced video changes after rename  380ms
   ✓ Run B comparison NAS publisher > rejects a final hard-link alias and preserves the published bytes for diagnosis  376ms
 ✓ runner/test/phase6-wp2-ladder-eval.test.ts (24 tests) 1548ms
   ✓ Phase 6 WP2 ladder dispatcher lock and clamp (review H5) > clamps --concurrency to 1..12, the plan's recorded ceiling, by name  335ms
 ✓ runner/test/gate4-protocol.test.ts (90 tests) 20182ms
   ✓ Phase 4 hollow ensemble validators > recomputes real open-tube geometry and passes distinct streams plus a full-state replay  623ms
   ✓ Phase 4 hollow ensemble validators > rejects raw guard mutation: 'missing canonical seed site'  471ms
   ✓ Phase 4 hollow ensemble validators > rejects raw guard mutation: 'extra canonical seed site'  464ms
   ✓ Phase 4 hollow ensemble validators > rejects raw guard mutation: 'shifted canonical seed'  606ms
   ✓ Phase 4 hollow ensemble validators > rejects raw guard mutation: 'wrong dimensions'  624ms
   ✓ Phase 4 hollow ensemble validators > rejects raw guard mutation: 'wrong target'  441ms
   ✓ Phase 4 hollow ensemble validators > rejects raw guard mutation: 'wrong step cap'  438ms
   ✓ Phase 4 hollow ensemble validators > rejects raw guard mutation: 'wrong stop'  455ms
   ✓ Phase 4 hollow ensemble validators > rejects raw guard mutation: 'nonconsecutive crossing'  437ms
   ✓ Phase 4 hollow ensemble validators > rejects raw guard mutation: 'malformed final occupancy length'  445ms
   ✓ Phase 4 hollow ensemble validators > rejects raw guard mutation: 'nonbinary occupancy'  434ms
   ✓ Phase 4 hollow ensemble validators > rejects raw guard mutation: 'initial occupancy not subset of previ…'  450ms
   ✓ Phase 4 hollow ensemble validators > rejects raw guard mutation: 'previous occupancy not subset of final'  444ms
   ✓ Phase 4 hollow ensemble validators > rejects raw guard mutation: 'wrong previous raw extent'  451ms
   ✓ Phase 4 hollow ensemble validators > rejects raw guard mutation: 'wrong final raw extent'  450ms
   ✓ Phase 4 hollow ensemble validators > rejects raw guard mutation: 'invalid execution identity'  442ms
   ✓ Phase 4 hollow ensemble validators > rejects raw guard mutation: 'overlapping raw field buffers'  430ms
   ✓ Phase 4 hollow ensemble validators > rejects a reused ensemble execution identity through A-HOLLOW-NONVACUOUS  537ms
   ✓ Phase 4 hollow ensemble validators > rejects independent replay divergence in 'initial occupancy'  439ms
   ✓ Phase 4 hollow ensemble validators > rejects independent replay divergence in 'previous occupancy'  535ms
   ✓ Phase 4 hollow ensemble validators > rejects independent replay divergence in 'final occupancy'  529ms
   ✓ Phase 4 hollow ensemble validators > rejects independent replay divergence in 'surface field'  534ms
   ✓ Phase 4 hollow ensemble validators > rejects independent replay divergence in 'vapor field'  541ms
   ✓ Phase 4 hollow ensemble validators > rejects raw solid, sealed, pre-hollowed, and domain-contact geometry by A-HOLLOW-EACH  2163ms
   ✓ Phase 4 hollow ensemble validators > ignores fabricated metric claims and independently derives a solid failure  538ms
   ✓ Phase 4 hollow ensemble validators > rejects seed-vacuous occupancy, replay divergence, identity reuse, and overlapping buffers  2238ms
   ✓ Phase 4 hollow ensemble validators > keeps structural inspection independent from raw morphology checks  541ms
   ✓ Phase 4 hollow ensemble validators > keeps B hollowing diagnostic while recomputing the registered B-domain geometry  443ms
   ✓ Phase 4 hollow ensemble validators > enforces the 12,000-cycle cap on every Pass A hollow primary and replay  3016ms
 ✓ runner/test/phase9-transport-analytic.test.ts (20 tests) 18ms
 ✓ runner/test/phase10-c0-lifecycle.test.ts (16 tests) 3565ms
   ✓ Phase 10 C0 frozen existing-byte lifecycle > independently re-derives all checks and executes all seven named controls  455ms
   ✓ Phase 10 C0 frozen existing-byte lifecycle > independently proves every exact control target and rejects no-op, wrong-target, and cross-target attacks  319ms
   ✓ Phase 10 C0 frozen existing-byte lifecycle > binds producer and evaluator provenance to the exact same retained preflight  316ms
   ✓ Phase 10 C0 frozen existing-byte lifecycle > writes both independently derived verification receipt schemas from resolved callables  447ms
   ✓ Phase 10 C0 frozen existing-byte lifecycle > installs derive and publish artifacts idempotently at only the registered destination  1778ms
 ✓ runner/test/phase9-mh-msr-foundation.test.ts (8 tests) 18ms
 ✓ runner/test/phase10-c0v-s6-preflight-observer.test.ts (12 tests) 1015ms
   ✓ Phase 10 C0V S6 parent preflight observer > binds preflight authority to the exact active lock-issued parent watchdog  440ms
 ✓ runner/test/phase9-dbt-publication.test.ts (67 tests) 982ms
   ✓ Phase 9 D-BT source-data publication pipeline > skips an off-grid decrease and requires a later prepare-visible monotonic mutation  316ms
 ✓ runner/test/phase6-sweep.test.ts (39 tests) 149ms
 ✓ runner/test/gate5-evidence.test.ts (51 tests) 26816ms
   ✓ Phase 5 lane evidence publication > publishes and independently reopens the complete indexed graph  4110ms
   ✓ Phase 5 lane evidence publication > reconstructs an interleaved global readback audit from per-fixture artifacts  2684ms
   ✓ Phase 5 lane evidence publication > uses the real core decoders when no test-only checkpoint seam is supplied  767ms
   ✓ Phase 5 lane evidence publication > rejects UTF-8 BOMs in terminal evidence  773ms
   ✓ Phase 5 lane evidence publication > rejects an indexed artifact byte mutation after publication  2657ms
   ✓ Phase 5 lane evidence publication > rejects noncanonical JSON even if a caller edits a JSON artifact directly  2650ms
   ✓ Phase 5 lane evidence publication > rejects unindexed extra files  2657ms
   ✓ Phase 5 lane evidence publication > rejects a coherent index kind shift against the frozen artifact graph  2667ms
   ✓ Phase 5 lane evidence publication > rejects hard-linked artifacts and removes its private failed attempt  734ms
   ✓ Phase 5 lane evidence publication > detects a staging mutation before rename and leaves no canonical lane  1397ms
   ✓ Phase 5 lane evidence publication > refuses to delete a replacement that appears at the private staging path  1378ms
   ✓ ADR-0019 G-G Dirichlet corrected-mass ledger > publishes the complete registered chronology and both device witnesses  3268ms
   ✓ ADR-0019 G-G Dirichlet corrected-mass ledger > rejects a negative-control roster the runner's own replay does not observe  575ms
 ✓ runner/test/phase10-intake.test.ts (12 tests) 95163ms
   ✓ Phase 10 A-I synthetic lifecycle > runs exact produce, safely resumes a partial candidate, verifies, and publishes beside unchanged A-S bytes  18003ms
   ✓ Phase 10 A-I synthetic lifecycle > refuses duplicate artifacts, wrong dependency, and wrong evaluator provenance before any new write  11870ms
   ✓ Phase 10 A-I synthetic lifecycle > rejects a producer-only shared currency-derivation bug  13011ms
   ✓ Phase 10 A-I synthetic lifecycle > rejects an implementation that omits a registered check-caller invocation  12857ms
   ✓ Phase 10 A-I synthetic lifecycle > refuses a committed post-freeze support-module drift  12220ms
   ✓ Phase 10 A-I freeze-before-input ordering > refuses observation from a descendant HEAD before any endpoint or NAS operation  9265ms
 ❯ runner/test/gutcheck-growth-comparison-builder.test.ts (15 tests | 2 failed) 190ms
   ✓ comparison record derivation > accepts a custom collection mount through the documented NAS override only with the exact marker 23ms
   ✓ comparison record derivation > rejects an arbitrary collection root that merely copies the exact public marker 9ms
   ✓ comparison record derivation > never treats another host's mount syntax as a cwd-relative auto-detection root 5ms
   ✓ comparison record derivation > preserves the registered legacy out-path layout 5ms
   × comparison record derivation > requires collection manifests to share one real root and contain no symlink 18ms
     → EPERM: operation not permitted, symlink 'C:\Users\biao3\AppData\Local\Temp\gutcheck-comparison-collection-link-target-QGJ8Fh' -> 'C:\Users\biao3\AppData\Local\Temp\gutcheck-comparison-collection-link-69vD9y\collections\gutcheck-generated-public\2026-08-15\payload\large\anim-B'
   ✓ comparison record derivation > derives manifest identity, exact attachment counts, occupancy, runtime, and binary frame headers 17ms
   ✓ comparison record derivation > rejects incomplete, path-traversing, and compact-count-inconsistent manifests 10ms
   × comparison record derivation > rejects a frame symlink and binary headers that disagree with the manifest 10ms
     → EPERM: operation not permitted, symlink 'C:\Users\biao3\AppData\Local\Temp\gutcheck-comparison-frame-escape-iackpV\outside.bin' -> 'C:\Users\biao3\AppData\Local\Temp\gutcheck-comparison-frame-escape-iackpV\raw\mesh-t000000.bin'
   ✓ comparison record derivation > binds the compact source manifest and independently derived full occupancy digests 29ms
   ✓ comparison record derivation > refuses an otherwise coherent non-Run-B input before it can produce a comparison-v1 record 10ms
   ✓ comparison record derivation > locks the complete G-G parameter vector and captured launch/runtime identity 10ms
   ✓ runtime and ffprobe evidence parsers > requires exactly one final compact progress line with matching tick and counts 0ms
   ✓ runtime and ffprobe evidence parsers > derives video duration and decoded frame count from strict ffprobe JSON 1ms
   ✓ CLI and no-clobber publication > requires every named input and the registered poster times 1ms
   ✓ CLI and no-clobber publication > publishes atomically without replacing an existing record or leaking temporaries 12ms
 ✓ runner/test/vite-nas-serving.test.ts (23 tests | 3 skipped) 403ms
 ✓ runner/test/phase10-c0v-moving-static-reference.test.ts (10 tests) 215ms
 ✓ runner/test/phase10-executor.test.ts (13 tests) 67709ms
   ✓ Phase 10 bounded non-solver executor > losing concurrent run acquires no authorization observation before the writer lock  2246ms
   ✓ Phase 10 bounded non-solver executor > runs a read-only preflight against a clean committed synthetic code freeze without opening rows  5148ms
   ✓ Phase 10 bounded non-solver executor > rejects stage-set, command, path, and resource mutations in retained preflight bytes  4918ms
   ✓ Phase 10 bounded non-solver executor > rejects dependency schema substitution and callable, preflight, and eager-worker transitive drift  18880ms
   ✓ Phase 10 bounded non-solver executor > accepts the registered c0-publish dependency schema and rejects a generic-schema substitution  15260ms
   ✓ Phase 10 bounded non-solver executor > validates the distinct c0-publish independent-verification dependency shape and six-artifact roster  20866ms
   ✓ Phase 10 bounded non-solver executor > CLI no-args exits nonzero before any execution or scientific input access  370ms
 ✓ runner/test/phase6-arm2.test.ts (38 tests) 209ms
 ✓ runner/test/progress-index.test.ts (11 tests) 392ms
 ✓ runner/test/phase10-c0v-reference-lifecycle.test.ts (12 tests) 52185ms
   ✓ Phase 10 C0V neutral S5 reference lifecycle > supplies frozen static source bytes to the independent refusal checker  3166ms
   ✓ Phase 10 C0V neutral S5 reference lifecycle > derives, independently checks, publishes, and retries exact synthetic bytes  11103ms
   ✓ Phase 10 C0V neutral S5 reference lifecycle > publishes a registered discrepancy refusal instead of silently dropping the artifact  8467ms
   ✓ Phase 10 C0V neutral S5 reference lifecycle > reexecutes the independent check and rejects a post-check receipt mutation  5742ms
   ✓ Phase 10 C0V neutral S5 reference lifecycle > rejects an unknown field in a scientific candidate before independent checking  2982ms
   ✓ Phase 10 C0V neutral S5 reference lifecycle > rejects tracked code drift and untracked static source locators  841ms
   ✓ Phase 10 C0V neutral S5 reference lifecycle > accepts Git-equivalent CRLF only for package metadata and keeps protocol bytes exact  4261ms
   ✓ Phase 10 C0V neutral S5 reference lifecycle > recursively detects a forbidden dynamic local import  921ms
   ✓ Phase 10 C0V neutral S5 reference lifecycle > rejects an aliased staging parent before writing an attempt  1688ms
   ✓ Phase 10 C0V neutral S5 reference lifecycle > rejects a retained publication timestamp that predates its independent check  5658ms
   ✓ Phase 10 C0V neutral S5 reference lifecycle > rejects future timestamps at the derive and check command boundaries  7354ms
 ✓ runner/test/phase10-obligation-preflight.test.ts (14 tests) 1701ms
   ✓ Phase 10 A-P strict contracts > keeps every registered research output trackable with raw-byte-stable attributes  1025ms
   ✓ Phase 10 A-P callable and receipt preflight > allows planned callables only at freeze and verifies resolved module identities for launch  373ms
 ✓ runner/test/phase9-ms-categorical.test.ts (8 tests) 21ms
 ✓ runner/test/gate5-protocol.test.ts (47 tests) 11386ms
   ✓ Phase 5 negative controls executed at their named boundary > re-derives the unmutated capture's raw evidence from its own payload  610ms
   ✓ Phase 5 negative controls executed at their named boundary > returns the frozen control inventory in registered order  563ms
   ✓ Phase 5 negative controls executed at their named boundary > observes an owner-independent failing set for the tolerance bypass  572ms
   ✓ Phase 5 negative controls executed at their named boundary > NC-WINDOWS-BACKEND-RELABEL corrupts its named evidence and is refused by the evaluator  588ms
   ✓ Phase 5 negative controls executed at their named boundary > NC-PROTOCOL-HASH-SHIFT corrupts its named evidence and is refused by the evaluator  593ms
   ✓ Phase 5 negative controls executed at their named boundary > NC-REQUIRED-LIMIT-DOWNGRADE corrupts its named evidence and is refused by the evaluator  586ms
   ✓ Phase 5 negative controls executed at their named boundary > NC-AXIS-SWAP corrupts its named evidence and is refused by the evaluator  591ms
   ✓ Phase 5 negative controls executed at their named boundary > NC-WRONG-BOUNDARY-CLAMP corrupts its named evidence and is refused by the evaluator  590ms
   ✓ Phase 5 negative controls executed at their named boundary > NC-STALE-PING-PONG corrupts its named evidence and is refused by the evaluator  590ms
   ✓ Phase 5 negative controls executed at their named boundary > NC-LK-RESIDUAL-ONLY corrupts its named evidence and is refused by the evaluator  591ms
   ✓ Phase 5 negative controls executed at their named boundary > NC-SYMMETRY-BIT corrupts its named evidence and is refused by the evaluator  588ms
   ✓ Phase 5 negative controls executed at their named boundary > NC-DOMAIN-CONTACT corrupts its named evidence and is refused by the evaluator  589ms
   ✓ Phase 5 negative controls executed at their named boundary > NC-EXCESSIVE-DISPATCH corrupts its named evidence and is refused by the evaluator  588ms
   ✓ Phase 5 negative controls executed at their named boundary > NC-LATE-EDIT-ACK corrupts its named evidence and is refused by the evaluator  594ms
   ✓ Phase 5 negative controls executed at their named boundary > NC-LATE-FIRST-FRAME corrupts its named evidence and is refused by the evaluator  606ms
   ✓ Phase 5 negative controls executed at their named boundary > NC-FULL-FIELD-PER-FRAME corrupts its named evidence and is refused by the evaluator  590ms
   ✓ Phase 5 negative controls executed at their named boundary > NC-CHECKPOINT-DTYPE-SHIFT corrupts its named evidence and is refused by the evaluator  598ms
   ✓ Phase 5 negative controls executed at their named boundary > NC-TOLERANCE-BYPASS corrupts its named evidence and is refused by the evaluator  593ms
   ✓ Phase 5 negative controls executed at their named boundary > NC-ARTIFACT-BYTE-MUTATION corrupts its named evidence and is refused by the evaluator  588ms
 ✓ solver-gpu/test/gg-surface.test.ts (17 tests) 30ms
 ✓ runner/test/phase10-c0v-s6-executor-dispatch.test.ts (19 tests) 308ms
 ✓ solver-gpu/test/diffusion.test.ts (12 tests) 18ms
 ✓ runner/test/nas-asset-lib.test.ts (52 tests | 4 skipped) 77ms
 ✓ runner/test/phase9-mf-mk2-model.test.ts (16 tests) 18ms
 ✓ runner/test/phase9-dbt-model.test.ts (27 tests) 173ms
 ✓ runner/test/nas-asset-legacy-restore.test.ts (19 tests | 4 skipped) 969ms
   ✓ legacy NAS restore and restored-tree verifier > scans alias namespaces by directory rather than once per flat file  549ms
 ✓ core/test/checkpoint.test.ts (15 tests) 22ms
 ✓ runner/test/gate5-runner.test.ts (27 tests) 60073ms
   ✓ Phase 5 lane runner > publishes only after stable clean provenance and source snapshots  3299ms
   ✓ Phase 5 lane runner > removes the canonical lane when source identity drifts after rename  2019ms
   ✓ Phase 5 lane runner > runs the probe from the snapshot root, never the live working tree  2654ms
   ✓ Phase 5 immutable source snapshot > exports a detached commit-bound worktree that live edits cannot change  1034ms
   ✓ Phase 5 immutable source snapshot > derives the registered inventory from the commit, not from the checkout  1414ms
   ✓ Phase 5 immutable source snapshot > releases the snapshot when the inventory read fails  687ms
   ✓ Phase 5 immutable source snapshot > refuses a snapshot request without a full commit id  371ms
   ✓ Phase 5 immutable source snapshot > removes the snapshot without descending into the installed dependencies  683ms
   ✓ Phase 5 immutable source snapshot > quarantines the snapshot before any recursive removal  634ms
   ✓ Phase 5 immutable source snapshot > refuses to delete a replacement that appears at the private snapshot path  631ms
   ✓ Phase 5 aggregate gate > reopens the lane, re-derives all criteria, and commits the index last  4580ms
   ✓ Phase 5 aggregate gate > re-derives the lane's commit inventory with no seams at all  7384ms
   ✓ Phase 5 aggregate gate > rejects a lane from another commit  3269ms
   ✓ Phase 5 aggregate gate > rejects source drift before aggregate publication  2666ms
   ✓ Phase 5 aggregate gate > detects post-publication lane mutation and removes only its aggregate files  3300ms
   ✓ Phase 5 aggregate gate > refuses to delete a replacement aggregate report during failed cleanup  3907ms
   ✓ Phase 5 aggregate gate > recovers an authenticated orphan report after an interrupted publication  5272ms
   ✓ Phase 5 aggregate gate > rejects aggregate report mutation against its commit marker  4555ms
   ✓ Phase 5 aggregate gate > rejects hard-linked aggregate artifacts  4523ms
   ✓ Phase 5 aggregate gate > never overwrites completed aggregate evidence  3966ms
   ✓ Phase 5 aggregate gate > rejects unindexed aggregate-directory entries  2655ms
   ✓ Phase 5 aggregate gate > makes both public commands flagless at the CLI boundary  402ms
 ✓ runner/test/nas-assets.test.ts (26 tests) 259ms
 ✓ core/test/timeline.test.ts (20 tests) 23ms
 ✓ app/test/gpuengine.test.ts (38 tests) 79ms
 ✓ solver-cpu/test/lk-basal-width.test.ts (12 tests) 9018ms
   ✓ ADR 0058 exposed-support basal width experiment > matches the broad control from nonuniform vapor with nonzero fill  1020ms
   ✓ ADR 0058 exposed-support basal width experiment > matches the dipped control from nonuniform vapor with nonzero fill  1898ms
   ✓ ADR 0058 exposed-support basal width experiment > uses independently classified mixed widths in the Robin law and kinetic demand  433ms
   ✓ ADR 0059 early/late basal-width history > preserves the nonuniform early-only numerical prefix and accumulated fill  1913ms
   ✓ ADR 0059 early/late basal-width history > crosses the early-only cutoff without splitting and changes both coupled kinetics without attachment  532ms
   ✓ ADR 0059 early/late basal-width history > preserves the nonuniform late-only numerical prefix and accumulated fill  1985ms
   ✓ ADR 0059 early/late basal-width history > crosses the late-only cutoff without splitting and changes both coupled kinetics without attachment  536ms
   ✓ ADR 0059 early/late basal-width history > uses the new window when accumulated time equals the cutoff exactly  390ms
 ✓ runner/test/phase6-arm3.test.ts (26 tests) 194ms
 ✓ core/test/metrics.test.ts (32 tests) 43ms
 ✓ runner/test/gate4-aggregate.test.ts (17 tests) 463ms
 ✓ runner/test/phase10-c0v-contracts.test.ts (5 tests) 25ms
 ✓ solver-cpu/test/lk-resume.test.ts (16 tests) 23941ms
   ✓ LK v3 field-adopting restore > CAK: direct, checkpoint-every-cycle, and multiply resumed evolution are exact  9950ms
   ✓ LK v3 field-adopting restore > M1: direct, checkpoint-every-cycle, and multiply resumed evolution are exact  9967ms
   ✓ LK v3 field-adopting restore > CAK: converged multi-sweep continuation remains exact after nonlinear events  1997ms
   ✓ LK v3 field-adopting restore > M1: converged multi-sweep continuation remains exact after nonlinear events  2001ms
 ✓ core/test/libbrecht.test.ts (35 tests) 41ms
 ✓ runner/test/phase9-hollowing-rivals.test.ts (12 tests) 13ms
 ✓ runner/test/phase9-source-overlay.test.ts (8 tests) 168ms
 ✓ runner/test/phase8-corpus-local.test.ts (22 tests) 42ms
 ✓ solver-cpu/test/surface-cycle-hardening.test.ts (18 tests) 2384ms
   ✓ SurfaceOperator cycle ownership hardening > makes direct and wrapper G-G cycles bit-identical with noise enabled  824ms
   ✓ SurfaceOperator cycle ownership hardening > makes direct and wrapper LK cycles bit-identical with noise enabled  467ms
 ✓ runner/test/nas-asset-bootstrap.test.ts (21 tests | 2 skipped) 152ms
 ✓ app/test/gpuview.test.ts (29 tests) 15ms
 ✓ runner/test/phase8-native-history.test.ts (8 tests) 38ms
 ✓ solver-cpu/test/timeline-environment.test.ts (10 tests) 1287ms
   ✓ GGSolver abrupt environment transitions (ADR 0011) > rejects no-op, malformed, and non-finite targets atomically  421ms
   ✓ LKSolver abrupt environment transitions (ADR 0011) > invalid, no-op, overflowed, malformed, and impossible-density changes are atomic  389ms
 ✓ runner/test/nas-asset-selection-lib.test.ts (18 tests) 206ms
 ✓ app/test/gutcheck-growth-format.test.ts (26 tests) 22ms
 ✓ runner/test/phase9-mv-preflight.test.ts (2 tests) 45ms
 ✓ runner/test/phase8-target-book.test.ts (18 tests) 1129ms
   ✓ published Phase 8 freeze > re-derives the book, pins, and split from published bytes  1012ms
 ✓ runner/test/nas-assets-catalog.test.ts (9 tests) 1922ms
   ✓ tracked NAS asset catalogue > re-derives every machine-readable tracked owner selection  599ms
   ✓ tracked NAS asset catalogue > assigns every live ledger row to exactly one collection owner  1267ms
 ✓ runner/test/phase10-c0v-radial-reference.test.ts (10 tests) 29ms
 ✓ runner/test/evidence-integrity.test.ts (7 tests) 501ms
   ✓ evidence integrity (Phase 6 lessons, enforced) > every file in the manifest exists and matches its digest  403ms
 ✓ runner/test/phase5-wp0.test.ts (12 tests) 3220ms
   ✓ Phase 5 criteria freeze > runs the pre-GPU binary32 shadow inside the frozen envelope  3209ms
 ✓ runner/test/phase8-benchmark-final.test.ts (7 tests) 41ms
 ✓ runner/test/gate4-evidence.test.ts (44 tests) 273ms
 ✓ runner/test/phase8-plot-extraction.test.ts (17 tests) 56ms
 ✓ runner/test/phase9-mf-mk2-publication.test.ts (7 tests) 236ms
 ✓ runner/test/grow-lk.test.ts (12 tests) 1669ms
   ✓ grow-lk policy/checkpoint evidence path > produces bit-identical compact checkpoints sequentially and in concurrent processes  663ms
 ✓ runner/test/phase10-c0v-s6-semantic-fingerprint.test.ts (2 tests) 374ms
   ✓ Phase 10 C0V S6 semantic fingerprints > round-trips real A-P controls through independent reproof and verification-v2  355ms
 ✓ app/test/gutcheck-growth-comparison-record.test.ts (20 tests) 13ms
 ✓ runner/test/phase6-size-strata.test.ts (8 tests) 14ms
 ✓ runner/test/phase9-mgp-intake.test.ts (15 tests) 491ms
   ✓ Phase 9 M-GP source-only intake > resolves every source only through the portable NAS resolver when the share is present  369ms
 ✓ runner/test/phase9-measurement-adapters.test.ts (20 tests) 196ms
 ✓ core/test/target-observables.test.ts (26 tests) 8ms
 ✓ runner/test/phase10-c0v-s6-executor-worker.test.ts (6 tests) 128ms
 ✓ app/test/inspect.test.ts (20 tests) 36ms
 ✓ runner/test/phase10-ap-lifecycle.test.ts (5 tests) 15104ms
   ✓ Phase 10 A-P retained lifecycle > runs the exact produce/verify/publish commands and republishes only identical bytes  6733ms
   ✓ Phase 10 A-P retained lifecycle > refuses CLI omission and a receipt path outside the candidate  1922ms
   ✓ Phase 10 A-P retained lifecycle > rejects verification-path, duplicate-attempt-root, and packet-path catalogue mutations  1356ms
   ✓ Phase 10 A-P retained lifecycle > rejects checkout-unstable callable bytes  1351ms
   ✓ Phase 10 A-P retained lifecycle > rejects post-verification control tampering and handcrafted execution provenance  3740ms
 ✓ solver-gpu/test/transport.test.ts (10 tests) 11ms
 ✓ runner/test/phase6-crossplatform.test.ts (13 tests) 21ms
 ✓ runner/test/phase10-c0v-schema-promotion.test.ts (7 tests) 704ms
   ✓ Phase 10 C0V schema promotion > keeps every new research contract pretty-2 LF, trackable, and byte-stable  580ms
 ✓ runner/test/phase9-measurement-adapters-row-parsers.test.ts (12 tests) 343ms
 ✓ solver-cpu/test/prepared-kinetics.test.ts (35 tests) 30199ms
   ✓ prepared LK kinetics are a bit-identical solver refactor > CAK_A1 legacy-v3 noise=0  939ms
   ✓ prepared LK kinetics are a bit-identical solver refactor > CAK_A1 legacy-v3 noise=0.375  926ms
   ✓ prepared LK kinetics are a bit-identical solver refactor > CAK_A1 aggregate-hv-g1h1-v4 noise=0  911ms
   ✓ prepared LK kinetics are a bit-identical solver refactor > CAK_A1 aggregate-hv-g1h1-v4 noise=0.375  909ms
   ✓ prepared LK kinetics are a bit-identical solver refactor > CAK_A1 aggregate-hv-g1h1-v5 noise=0  911ms
   ✓ prepared LK kinetics are a bit-identical solver refactor > CAK_A1 aggregate-hv-g1h1-v5 noise=0.375  917ms
   ✓ prepared LK kinetics are a bit-identical solver refactor > CAK_A1 aggregate-hv-g1h1-v6 noise=0  910ms
   ✓ prepared LK kinetics are a bit-identical solver refactor > CAK_A1 aggregate-hv-g1h1-v6 noise=0.375  911ms
   ✓ prepared LK kinetics are a bit-identical solver refactor > CAK legacy-v3 noise=0  910ms
   ✓ prepared LK kinetics are a bit-identical solver refactor > CAK legacy-v3 noise=0.375  909ms
   ✓ prepared LK kinetics are a bit-identical solver refactor > CAK aggregate-hv-g1h1-v4 noise=0  916ms
   ✓ prepared LK kinetics are a bit-identical solver refactor > CAK aggregate-hv-g1h1-v4 noise=0.375  903ms
   ✓ prepared LK kinetics are a bit-identical solver refactor > CAK aggregate-hv-g1h1-v5 noise=0  902ms
   ✓ prepared LK kinetics are a bit-identical solver refactor > CAK aggregate-hv-g1h1-v5 noise=0.375  903ms
   ✓ prepared LK kinetics are a bit-identical solver refactor > CAK aggregate-hv-g1h1-v6 noise=0  902ms
   ✓ prepared LK kinetics are a bit-identical solver refactor > CAK aggregate-hv-g1h1-v6 noise=0.375  904ms
   ✓ prepared LK kinetics are a bit-identical solver refactor > M1 legacy-v3 noise=0  908ms
   ✓ prepared LK kinetics are a bit-identical solver refactor > M1 legacy-v3 noise=0.375  913ms
   ✓ prepared LK kinetics are a bit-identical solver refactor > M1 aggregate-hv-g1h1-v4 noise=0  903ms
   ✓ prepared LK kinetics are a bit-identical solver refactor > M1 aggregate-hv-g1h1-v4 noise=0.375  907ms
   ✓ prepared LK kinetics are a bit-identical solver refactor > M1 aggregate-hv-g1h1-v5 noise=0  899ms
   ✓ prepared LK kinetics are a bit-identical solver refactor > M1 aggregate-hv-g1h1-v5 noise=0.375  903ms
   ✓ prepared LK kinetics are a bit-identical solver refactor > M1 aggregate-hv-g1h1-v6 noise=0  905ms
   ✓ prepared LK kinetics are a bit-identical solver refactor > M1 aggregate-hv-g1h1-v6 noise=0.375  911ms
   ✓ prepared LK kinetics are a bit-identical solver refactor > M1_NO_DIP_ABLATION legacy-v3 noise=0  909ms
   ✓ prepared LK kinetics are a bit-identical solver refactor > M1_NO_DIP_ABLATION legacy-v3 noise=0.375  913ms
   ✓ prepared LK kinetics are a bit-identical solver refactor > M1_NO_DIP_ABLATION aggregate-hv-g1h1-v4 noise=0  913ms
   ✓ prepared LK kinetics are a bit-identical solver refactor > M1_NO_DIP_ABLATION aggregate-hv-g1h1-v4 noise=0.375  922ms
   ✓ prepared LK kinetics are a bit-identical solver refactor > M1_NO_DIP_ABLATION aggregate-hv-g1h1-v5 noise=0  911ms
   ✓ prepared LK kinetics are a bit-identical solver refactor > M1_NO_DIP_ABLATION aggregate-hv-g1h1-v5 noise=0.375  905ms
   ✓ prepared LK kinetics are a bit-identical solver refactor > M1_NO_DIP_ABLATION aggregate-hv-g1h1-v6 noise=0  906ms
   ✓ prepared LK kinetics are a bit-identical solver refactor > M1_NO_DIP_ABLATION aggregate-hv-g1h1-v6 noise=0.375  909ms
   ✓ prepared LK kinetics are a bit-identical solver refactor > keeps the prepared temperature constants across a same-temperature reservoir event  455ms
   ✓ prepared LK kinetics are a bit-identical solver refactor > leaves arbitrary test overrides ahead of prepared production kinetics  316ms
   ✓ prepared LK kinetics are a bit-identical solver refactor > does not publish a prepared temperature when an event rejects after staging it  302ms
 ✓ runner/test/post-phase10-basal-history.test.ts (4 tests) 486ms
 ✓ runner/test/phase8-search-protocol.test.ts (22 tests) 568ms
 ✓ runner/test/gutcheck-growth-baker.test.ts (11 tests) 537ms
stdout | runner/test/hil-bld-batch-execution.test.ts > named batch execution > pauses dispatch without killing the active update, then keeps a distinct retry log
launch row=first active=1 remaining=1

stdout | runner/test/hil-bld-batch-execution.test.ts > named batch execution > pauses dispatch without killing the active update, then keeps a distinct retry log
finish row=first code=0 signal=null active=0 completed=1/2

stdout | runner/test/hil-bld-batch-execution.test.ts > named batch execution > pauses dispatch without killing the active update, then keeps a distinct retry log
launch row=first active=1 remaining=0

stdout | runner/test/hil-bld-batch-execution.test.ts > named batch execution > pauses dispatch without killing the active update, then keeps a distinct retry log
finish row=first code=0 signal=null active=0 completed=1/1

stdout | runner/test/hil-bld-batch-execution.test.ts > named batch execution > executes independent processes at the requested overlap and retains each exact command/log/exit
launch row=fixture-0 active=1 remaining=4
launch row=fixture-1 active=2 remaining=3

stdout | runner/test/hil-bld-batch-execution.test.ts > named batch execution > executes independent processes at the requested overlap and retains each exact command/log/exit
finish row=fixture-0 code=0 signal=null active=1 completed=1/5

stdout | runner/test/hil-bld-batch-execution.test.ts > named batch execution > executes independent processes at the requested overlap and retains each exact command/log/exit
launch row=fixture-2 active=2 remaining=2

stdout | runner/test/hil-bld-batch-execution.test.ts > named batch execution > executes independent processes at the requested overlap and retains each exact command/log/exit
finish row=fixture-1 code=0 signal=null active=1 completed=2/5

stdout | runner/test/hil-bld-batch-execution.test.ts > named batch execution > executes independent processes at the requested overlap and retains each exact command/log/exit
launch row=fixture-3 active=2 remaining=1

stdout | runner/test/hil-bld-batch-execution.test.ts > named batch execution > executes independent processes at the requested overlap and retains each exact command/log/exit
finish row=fixture-2 code=0 signal=null active=1 completed=3/5

stdout | runner/test/hil-bld-batch-execution.test.ts > named batch execution > executes independent processes at the requested overlap and retains each exact command/log/exit
launch row=fixture-4 active=2 remaining=0

stdout | runner/test/hil-bld-batch-execution.test.ts > named batch execution > executes independent processes at the requested overlap and retains each exact command/log/exit
finish row=fixture-3 code=0 signal=null active=1 completed=4/5

stdout | runner/test/hil-bld-batch-execution.test.ts > named batch execution > executes independent processes at the requested overlap and retains each exact command/log/exit
finish row=fixture-4 code=0 signal=null active=0 completed=5/5

stdout | runner/test/hil-bld-batch-execution.test.ts > named batch execution > kills its active workers and leaves queued work unstarted when memory falls
launch row=slow-0 active=1 remaining=2
launch row=slow-1 active=2 remaining=1

stdout | runner/test/hil-bld-batch-execution.test.ts > named batch execution > kills its active workers and leaves queued work unstarted when memory falls
finish row=slow-1 code=null signal=SIGTERM active=1 completed=1/3

stdout | runner/test/hil-bld-batch-execution.test.ts > named batch execution > kills its active workers and leaves queued work unstarted when memory falls
finish row=slow-0 code=null signal=SIGTERM active=0 completed=2/3

stdout | runner/test/hil-bld-batch-execution.test.ts > named batch execution > enforces a hard wall budget and stops a failing probe queue
launch row=slow-first active=1 remaining=1

stdout | runner/test/hil-bld-batch-execution.test.ts > named batch execution > enforces a hard wall budget and stops a failing probe queue
finish row=slow-first code=null signal=SIGTERM active=0 completed=1/2

stdout | runner/test/hil-bld-batch-execution.test.ts > named batch execution > retains a crashed worker while allowing independent science rows to continue
launch row=fail-first active=1 remaining=1

stdout | runner/test/hil-bld-batch-execution.test.ts > named batch execution > retains a crashed worker while allowing independent science rows to continue
finish row=fail-first code=7 signal=null active=0 completed=1/2

stdout | runner/test/hil-bld-batch-execution.test.ts > named batch execution > retains a crashed worker while allowing independent science rows to continue
launch row=surviving active=1 remaining=0

stdout | runner/test/hil-bld-batch-execution.test.ts > named batch execution > retains a crashed worker while allowing independent science rows to continue
finish row=surviving code=0 signal=null active=0 completed=2/2

stdout | runner/test/hil-bld-batch-execution.test.ts > resumable campaign ownership > rejects legacy campaigns and stale immutable source before resume
Pause requested: no new rows; active rows save after their current coupled update.

 ✓ runner/test/hil-bld-batch-execution.test.ts (12 tests) 4791ms
   ✓ named batch execution > pauses dispatch without killing the active update, then keeps a distinct retry log  606ms
   ✓ named batch execution > dispatches nothing when an operator pause is already pending  2048ms
   ✓ named batch execution > executes independent processes at the requested overlap and retains each exact command/log/exit  823ms
   ✓ named batch execution > retains a crashed worker while allowing independent science rows to continue  568ms
 ✓ runner/test/gate5-readback-attribution.test.ts (16 tests) 9ms
 ✓ runner/test/nas-asset-restore-cli.test.ts (15 tests) 452ms
 ✓ runner/test/phase6-sdak.test.ts (13 tests) 9ms
 ✓ runner/test/post-phase10-holefill.test.ts (11 tests) 1031ms
   ✓ bounded post-Phase-10 geometric-completion experiment > lists the separate larger campaign and applies the existing concurrency ceiling  327ms
   ✓ bounded post-Phase-10 geometric-completion experiment > lists four new rows without their reused controls and retains the 28-worker ceiling  333ms
 ✓ runner/test/post-phase10-discovery-resume.test.ts (14 tests) 10909ms
   ✓ BLD experimental row continuation > preserves scientific events and exact solver bytes across multiple restores: both  1074ms
   ✓ BLD experimental row continuation > preserves scientific events and exact solver bytes across multiple restores: neither  1027ms
   ✓ BLD experimental row continuation > preserves scientific events and exact solver bytes across multiple restores: basal-only  978ms
   ✓ BLD experimental row continuation > preserves scientific events and exact solver bytes across multiple restores: prism-only  999ms
   ✓ BLD experimental row continuation > preserves scientific events and exact solver bytes across multiple restores: ordinary-no-dip  970ms
   ✓ BLD experimental row continuation > preserves scientific events and exact solver bytes across multiple restores: full-width  1004ms
   ✓ BLD experimental row continuation > preserves scientific events and exact solver bytes across multiple restores: early-width  991ms
   ✓ BLD experimental row continuation > matches a legacy uninterrupted control after real fresh-process pause and resume  1443ms
   ✓ BLD experimental row continuation > keeps the step allowance resumable and honors pause before initial growth  312ms
   ✓ BLD experimental row continuation > classifies real scientific endpoints as terminal and verifies their bytes before skipping  335ms
   ✓ BLD experimental row continuation > preserves an uncommitted event tail and orphan observations while ignoring a torn inactive slot  893ms
   ✓ BLD experimental row continuation > refuses corrupted committed events or pointer without silently falling back  448ms
   ✓ BLD experimental row continuation > recovers unpublished initial bytes only with the separate initial binding  300ms
 ✓ solver-cpu/test/gg-solver.test.ts (15 tests) 5482ms
   ✓ GGSolver — mass conservation (gate at full size runs via runner; this is the dev-grid version) > crystal-free control run characterizes the float floor  474ms
   ✓ GGSolver — mass conservation (gate at full size runs via runner; this is the dev-grid version) > conserves total mass to < 1e-10 relative over 10 000 ticks GROWN, noise OFF, reflecting  3002ms
   ✓ GGSolver — mass conservation (gate at full size runs via runner; this is the dev-grid version) > conserves total mass with noise ON (the §6 form conserves by construction)  937ms
 ✓ runner/test/phase8-search-protocol-successor.test.ts (15 tests) 1501ms
 ✓ runner/test/phase9-permanent-control-readiness.test.ts (5 tests) 4375ms
   ✓ Phase 9 S2 permanent-control readiness > derives the exact 51-row census and refuses both controls without running or scoring  353ms
   ✓ Phase 9 S2 permanent-control readiness > rejects shifted frozen inputs instead of accepting caller-attested availability  2321ms
   ✓ Phase 9 S2 permanent-control readiness > refuses present-day source drift rather than re-pinning the historical protocol  1316ms
   ✓ Phase 9 S2 permanent-control readiness > binds the bounded protocol and every named input and implementation artifact  376ms
 ✓ runner/test/phase10-c0v-s6-worker-progress.test.ts (6 tests) 66ms
 ✓ runner/test/named-crystal-final-compose-accept.test.ts (6 tests) 4349ms
   ✓ named crystal final Compose acceptance > verifies 297 captures and reaches the terminal 99-slot catalog  1831ms
   ✓ named crystal final Compose acceptance > refuses exact Compose report drift  576ms
   ✓ named crystal final Compose acceptance > refuses a capture whose bytes drift after browser review  589ms
   ✓ named crystal final Compose acceptance > refuses a cold payload at the web ceiling  602ms
   ✓ named crystal final Compose acceptance > refuses an asymmetric premature deferred-route transition  629ms
 ✓ solver-cpu/test/monopole-far-field.test.ts (10 tests) 152607ms
   ✓ monopole-matched far field > holds symmetry at the LARGEST fill-CFL, which is what amplifies a ulp shell error  22880ms
   ✓ monopole-matched far field — construction > holds the shell at exactly sigma_infinity until growth has been measured  619ms
   ✓ monopole-matched far field — its validity limit > stops being domain-independent below a limit that has to be measured per configuration  15744ms
 ✓ runner/test/phase6-heldout-source-lock.test.ts (7 tests) 207ms
 ✓ runner/test/phase8-bacon-successor.test.ts (4 tests) 45ms
 ✓ runner/test/gate3.test.ts (20 tests) 209ms
 ✓ runner/test/gate6-aggregate.test.ts (21 tests) 3716ms
 ✓ solver-cpu/test/diffusion.test.ts (11 tests) 376ms
 ✓ runner/test/phase9-knowledge-source.test.ts (9 tests | 2 skipped) 87ms
 ✓ runner/test/named-crystal-final-direct-accept.test.ts (5 tests) 849ms
 ✓ runner/test/phase10-c0v-s6-watchdog-transition.test.ts (5 tests) 7ms
 ✓ solver-cpu/test/spherical-reference.test.ts (10 tests) 5ms
 ✓ runner/test/post-phase10-facet-factorial.test.ts (8 tests) 873ms
   ✓ bounded post-Phase-10 facet factorial > lists the separate larger campaign and applies the existing concurrency ceiling  331ms
   ✓ bounded post-Phase-10 facet factorial > lists only those four launch rows and retains the 28-worker ceiling  330ms
 ✓ app/test/ggtimeline.test.ts (7 tests) 24ms
 ✓ runner/test/phase9-dbt-preflight.test.ts (2 tests) 16ms
 ✓ app/test/gpu-instrument.test.ts (17 tests) 21ms
 ✓ app/test/lkoverlays.test.ts (14 tests) 6ms
 ✓ runner/test/phase9-mpk-residual-foundation.test.ts (5 tests) 124ms
 ✓ runner/test/growth-study-assets.test.ts (5 tests) 97ms
 ✓ runner/test/hil-bld-batch-roster.test.ts (6 tests) 19ms
 ✓ runner/test/phase10-b-acquisition.test.ts (4 tests) 542ms
 ✓ runner/test/gutcheck-build-index-catalog.test.ts (4 tests | 1 skipped) 648ms
   ✓ gutcheck index catalogue boundary > emits only catalogue-authorized logical NAS URLs from a marked share  328ms
 ✓ app/test/gpudevice.test.ts (15 tests) 5ms
 ✓ runner/test/phase10-c0v-s6-publication-finalization-paths.test.ts (2 tests) 60ms
 ✓ app/test/overlays.test.ts (14 tests) 5ms
 ✓ app/test/gutcheck-scene-motion.test.ts (8 tests) 15ms
 ✓ solver-gpu/test/gg-surface-numerical.test.ts (1 test) 3ms
 ✓ runner/test/phase10-c0v-s6-aggregate.test.ts (5 tests) 4332ms
   ✓ Phase 10 C0V S6 aggregate > keeps aggregate producers outside the independent evaluator closure  4320ms
 ✓ runner/test/phase10-c0v-s6-lifecycle.test.ts (5 tests) 18898ms
   ✓ Phase 10 C0V S6 lifecycle whole-file publication overlay > reopens the accepted A-P lifecycle through its retained recovery-v5 protocol only  18539ms
 ✓ runner/test/gutcheck-growth-out.test.ts (2 tests) 628ms
   ✓ grow-params --growth-out > writes a gutcheck-growth-v1 asset the website decoder rules accept  416ms
 ✓ runner/test/named-crystal-final-compose.test.ts (4 tests) 263ms
 ✓ runner/test/phase8-plot-extraction-v3.test.ts (7 tests) 71ms
 ✓ runner/test/phase6-independent-evidence-scripts.test.ts (10 tests) 1447ms
   ✓ Phase 6 independent evidence script labels > evaluates TAX2 M2 with its own unit prefactors, not CAK's A_prism curve  312ms
 ✓ solver-gpu/test/lk-applied-noise.test.ts (10 tests) 17ms
 ✓ solver-cpu/test/lk-experimental-resume.test.ts (9 tests) 16346ms
   ✓ ADR 0060 BLD experimental continuation > broad: initial, every-cycle and multiple restores preserve complete evolution  2424ms
   ✓ ADR 0060 BLD experimental continuation > both: initial, every-cycle and multiple restores preserve complete evolution  2312ms
   ✓ ADR 0060 BLD experimental continuation > neither: initial, every-cycle and multiple restores preserve complete evolution  2297ms
   ✓ ADR 0060 BLD experimental continuation > basal-only: initial, every-cycle and multiple restores preserve complete evolution  2288ms
   ✓ ADR 0060 BLD experimental continuation > prism-only: initial, every-cycle and multiple restores preserve complete evolution  2297ms
   ✓ ADR 0060 BLD experimental continuation > full width: initial, every-cycle and multiple restores preserve complete evolution  2275ms
   ✓ ADR 0060 BLD experimental continuation > early width: initial, every-cycle and multiple restores preserve complete evolution  2304ms
 ✓ runner/test/phase8-benchmark-selection.test.ts (5 tests) 48ms
 ✓ runner/test/phase6-provenance.test.ts (12 tests) 269ms
 ✓ runner/test/discovery-budget.test.ts (11 tests) 560ms
 ✓ app/test/scenarios.test.ts (11 tests) 6ms
 ✓ solver-gpu/test/layout.test.ts (10 tests) 83ms
 ✓ runner/test/named-crystal-final-resolution-production.test.ts (9 tests) 579ms
 ✓ core/test/lk-experimental-resume-checkpoint.test.ts (10 tests) 41ms
 ✓ solver-cpu/test/lk-hole-filling.test.ts (9 tests) 51874ms
   ✓ ADR 0056 geometric completion counterfactual > -4.5 M1: enabled preserves ordinary evolution including geometric completion  7956ms
   ✓ ADR 0056 geometric completion counterfactual > -4.5 M1_NO_DIP_ABLATION: enabled preserves ordinary evolution including geometric completion  16935ms
   ✓ ADR 0056 geometric completion counterfactual > -5 M1: enabled preserves ordinary evolution including geometric completion  7854ms
   ✓ ADR 0056 geometric completion counterfactual > -5 M1_NO_DIP_ABLATION: enabled preserves ordinary evolution including geometric completion  16861ms
   ✓ ADR 0056 geometric completion counterfactual > M1 still grows kinetically with exact attached symmetry at fill-CFL 0.2  837ms
   ✓ ADR 0056 geometric completion counterfactual > M1_NO_DIP_ABLATION still grows kinetically with exact attached symmetry at fill-CFL 0.2  923ms
 ✓ runner/test/post-phase10-basal-width.test.ts (4 tests) 344ms
 ✓ runner/test/nas-mount-identity.test.ts (9 tests | 2 skipped) 47ms
 ✓ runner/test/phase10-c0v-s6-static-parent.test.ts (4 tests) 4ms
 ✓ runner/test/post-phase10-cavity-spatial.test.ts (5 tests) 5ms
 ✓ runner/test/post-phase10-cavity-geometry.test.ts (6 tests) 7ms
 ✓ runner/test/gate-enforce.test.ts (21 tests) 4512ms
 ✓ runner/test/post-phase10-discovery.test.ts (6 tests) 81ms
 ✓ runner/test/gutcheck-growth-fleet.test.ts (5 tests) 121ms
 ✓ runner/test/phase9-mv-eligibility.test.ts (6 tests) 6ms
 ✓ runner/test/named-crystal-direct-production-review.test.ts (2 tests) 57ms
 ✓ solver-cpu/test/lk-facet-dips.test.ts (8 tests) 25040ms
   ✓ ADR 0055 finite facet preparation > -4.5 both preserves ordinary evolution through attachment  6082ms
   ✓ ADR 0055 finite facet preparation > -4.5 neither preserves ordinary evolution through attachment  5844ms
   ✓ ADR 0055 finite facet preparation > -5 both preserves ordinary evolution through attachment  6055ms
   ✓ ADR 0055 finite facet preparation > -5 neither preserves ordinary evolution through attachment  5779ms
   ✓ ADR 0055 finite facet preparation > basal-only uses the selected facet law in both Robin solution and deposited fill  394ms
   ✓ ADR 0055 finite facet preparation > prism-only uses the selected facet law in both Robin solution and deposited fill  440ms
   ✓ ADR 0055 finite facet preparation > prism-only/holefill-off uses the selected facet law in both Robin solution and deposited fill  443ms
 ✓ runner/test/phase10-c0v-s6-aggregate-parent.test.ts (2 tests) 27ms
 ✓ runner/test/post-phase10-followup.test.ts (5 tests) 743ms
   ✓ post-Phase-10 follow-up wave 2 > runs one abrupt event at its exact first extent crossing  739ms
 ✓ runner/test/phase6-wp2-ladder-independent.test.ts (4 tests) 365ms
 ✓ runner/test/phase6-ladder-reader.test.ts (3 tests) 468ms
 ✓ runner/test/named-crystal-direct-production-2.test.ts (6 tests) 279ms
 ✓ app/test/slice.test.ts (11 tests) 5ms
 ✓ app/test/protocol.test.ts (15 tests) 8ms
 ✓ runner/test/render-worktrees-closeout-nas-publication.test.ts (3 tests) 28ms
 ✓ runner/test/phase10-b-branches.test.ts (3 tests) 757ms
 ✓ solver-cpu/test/lk-cycle-phase.test.ts (5 tests) 15ms
 ✓ app/test/stoprule.test.ts (8 tests) 38ms
 ✓ runner/test/named-crystal-final-resolution-production-c.test.ts (5 tests) 331ms
 ✓ runner/test/named-crystal-final-resolution-c-cadence-repair.test.ts (5 tests) 72ms
 ✓ core/test/lattice.test.ts (13 tests) 29ms
 ✓ runner/test/suite-integrity.test.ts (4 tests) 15ms
 ✓ runner/test/hil-bld-batch-summary.test.ts (8 tests) 554ms
 ✓ runner/test/phase5-lk-reduction-shadow.test.ts (3 tests) 3058ms
   ✓ Phase 5 LK f32 reduction shadow > measures every frozen blocking LK topology before production WGSL exists  3052ms
 ✓ runner/test/depletion-metric.test.ts (3 tests) 481ms
 ✓ runner/test/phase9-nas.test.ts (6 tests | 1 skipped) 20ms
 ✓ runner/test/post-phase10-cavity.test.ts (5 tests) 321ms
   ✓ post-Phase-10 cavity mechanism wave > lists the complete executable roster and rejects a worker request above the maker cap  315ms
 ✓ runner/test/gate4a-reference.test.ts (6 tests) 60ms
 ✓ runner/test/phase10-c0v-s6-radial-publish-parent.test.ts (2 tests) 4ms
 ✓ app/test/hexgeom.test.ts (8 tests) 5ms
 ✓ app/test/snapshot.test.ts (3 tests) 10ms
 ✓ runner/test/named-crystal-hard-form-probes.test.ts (4 tests) 2238ms
   ✓ named-crystal hard-form probe tranche > materializes every custom seed as a fitting connected GG+ initial condition  2182ms
 ✓ runner/test/named-crystal-direct-production.test.ts (5 tests) 311ms
 ✓ runner/test/named-crystal-early-stop-probes.test.ts (3 tests) 60ms
 ✓ solver-cpu/test/gg-plus-solver.test.ts (4 tests) 140ms
 ✓ runner/test/phase10-c0v-s6-publication.test.ts (3 tests) 6ms
 ✓ runner/test/post-phase10-spatial.test.ts (1 test) 1300ms
   ✓ optional spatial boundary observations > records the converged pre-update boundary without changing numerical trajectories  1299ms
 ✓ solver-gpu/test/lk-input.test.ts (5 tests) 4ms
 ✓ app/test/display.test.ts (10 tests) 8ms
 ✓ runner/test/phase6-diagram.test.ts (6 tests) 7ms
 ✓ runner/test/gutcheck-growth-scientific-nas-publication.test.ts (2 tests) 7ms
 ✓ app/test/readout.test.ts (6 tests) 3ms
 ✓ runner/test/phase8-focused-discovery.test.ts (3 tests) 324ms
 ✓ app/test/surface.test.ts (6 tests) 5ms
 ✓ solver-cpu/test/operator.test.ts (3 tests) 141ms
 ✓ app/test/growth-comparison-contract.test.ts (3 tests) 5ms
 ✓ runner/test/named-crystal-catalog.test.ts (4 tests) 10ms
 ✓ runner/test/phase10-c0v-s6-moving-locked-dispatch.test.ts (1 test) 3ms
 ✓ core/test/params.test.ts (11 tests) 5ms
 ✓ runner/test/gutcheck-animation-queue-cli.test.ts (1 test) 486ms
   ✓ gut-check animation queue CLI > plans portable A/B manifests and dry-runs both workers  485ms
 ✓ app/test/gutcheck-animation-queue.test.ts (4 tests) 4ms
 ✓ app/test/growth-study-data.test.ts (3 tests) 6ms
 ✓ solver-cpu/test/dirichlet.test.ts (3 tests) 89ms
 ✓ app/test/growth-statistics.test.ts (5 tests) 9ms
 ✓ runner/test/growth-gallery-restore.test.ts (4 tests) 31ms
 ✓ runner/test/phase10-c0v-s6-radial-parent.test.ts (2 tests) 4ms
 ✓ app/test/catalog-volume.test.ts (3 tests) 4ms
 ✓ solver-gpu/test/lk-conversion.test.ts (3 tests) 5ms
 ✓ runner/test/named-crystal-baseline-probes.test.ts (3 tests) 1599ms
   ✓ named-crystal baseline probe tranche > materializes every custom profile as a fitting, connected GG+ seed  1533ms
 ✓ runner/test/phase10-final-package.test.ts (3 tests) 905ms
   ✓ Phase 10 final package > matches the published report to its bound producer commit  884ms
 ✓ runner/test/named-crystal-baseline-probe-review.test.ts (3 tests) 4ms
 ✓ app/test/named-crystal-catalog-service.test.ts (2 tests) 26ms
 ✓ app/test/hud.test.ts (8 tests) 4ms
 ✓ app/test/growth-scene.test.ts (5 tests) 4ms
 ✓ app/test/growth-study-library.test.ts (3 tests) 3ms
 ✓ runner/test/post-phase10-adaptive.test.ts (4 tests) 4ms
 ✓ app/test/gutcheck-growth-framing.test.ts (2 tests) 9ms
 ✓ solver-gpu/test/lk-cycle.test.ts (2 tests) 3ms
 ✓ solver-cpu/test/phase6-ablation-arm.test.ts (1 test) 426ms
   ✓ phase6 three-arm growth differential (WP2 sub-unit A) > CAK, M1, and M1_NO_DIP_ABLATION produce finite, converged, pairwise distinct states  425ms
 ✓ app/test/colormap.test.ts (8 tests) 8ms
 ✓ runner/test/cli-entry.test.ts (6 tests) 700ms
 ✓ app/test/dendrite-data.test.ts (3 tests) 63ms
 ✓ runner/test/post-phase10-confirm.test.ts (3 tests) 4ms
 ✓ app/test/three-views.test.ts (2 tests) 4ms
 ✓ runner/test/rule7-lint.test.ts (3 tests) 172ms
 ✓ app/test/growth-scene-review-camera.test.ts (5 tests) 3ms
 ✓ core/test/prng.test.ts (6 tests) 21ms
 ✓ runner/test/named-crystal-current-audit.test.ts (2 tests) 4ms
 ✓ app/test/spike-gg-realism-frame.test.ts (3 tests) 2ms
 ✓ app/test/growth-asset.test.ts (2 tests) 3ms
 ✓ runner/test/post-phase10-long.test.ts (2 tests) 15ms
 ✓ runner/test/pgm.test.ts (2 tests) 9ms
 ✓ runner/test/gutcheck-photo-match-cli.test.ts (2 tests) 99ms
 ✓ runner/test/phase10-c0v-s6-historical-ap.test.ts (1 test) 18653ms
   ✓ Phase 10 C0V S6 accepted historical A-P reopen > reopens the complete accepted prefix through its retained V5 protocol and exact 15 paths  18315ms
 ✓ runner/test/gate2b-v4-artifact.test.ts (2 tests) 12ms

 Test Files  1 failed | 232 passed (233)
      Tests  2 failed | 2988 passed | 53 skipped (3043)
   Start at  21:47:33
   Duration  1474.11s (transform 4.02s, setup 0ms, collect 43.48s, tests 1394.33s, environment 31ms, prepare 15.50s)

