
> virtual-cloud-chamber@0.0.0 test
> npm run lint:rule7 && npm run typecheck && vitest run


> virtual-cloud-chamber@0.0.0 lint:rule7
> node scripts/lint-rule7.mjs

rule7: clean (2343 files scanned)

> virtual-cloud-chamber@0.0.0 typecheck
> tsc --noEmit && tsc -p app --noEmit


 RUN  v3.2.7 G:/Code Files/snowflake-bld-exploration

 ✓ runner/test/gutcheck-growth-comparison-builder.test.ts (17 tests | 2 skipped) 185ms
 ✓ solver-cpu/test/monopole-far-field.test.ts (10 tests) 151289ms
   ✓ monopole-matched far field > holds symmetry at the LARGEST fill-CFL, which is what amplifies a ulp shell error  22695ms
   ✓ monopole-matched far field — construction > holds the shell at exactly sigma_infinity until growth has been measured  614ms
   ✓ monopole-matched far field — its validity limit > stops being domain-independent below a limit that has to be measured per configuration  15562ms
 ✓ runner/test/phase10-c0v-s6-authority.test.ts (19 tests) 144944ms
   ✓ Phase 10 C0V S6 execution-v2 authority > binds recovery-v2 to the exact recovery-v1 stop and authorizes only A-P v3  323ms
   ✓ Phase 10 C0V S6 execution-v2 authority > binds recovery-v3 to the exact recovery-v2 stop and authorizes only A-P v4  324ms
   ✓ Phase 10 C0V S6 execution-v2 authority > binds recovery-v4 to the exact recovery-v3 stop and authorizes only A-P v5  335ms
   ✓ Phase 10 C0V S6 execution-v2 authority > binds recovery-v5 to the exact recovery-v4 stop and authorizes only A-P v6  335ms
   ✓ Phase 10 C0V S6 execution-v2 authority > binds recovery-v6 to the accepted A-P checkpoint and authorizes only moving-produce v2  533ms
   ✓ Phase 10 C0V S6 execution-v2 authority > binds recovery-v7 to the exact recovery-v6 stop and authorizes only moving-produce v3  539ms
   ✓ Phase 10 C0V S6 execution-v2 authority > binds recovery-v8 to the exact recovery-v7 stop and authorizes only moving-produce v4  530ms
   ✓ Phase 10 C0V S6 execution-v2 authority > binds recovery-v9 to the exact recovery-v8 stop and authorizes only moving-produce v5  530ms
   ✓ Phase 10 C0V S6 execution-v2 authority > independently closes all ten supplemental A-P graph checks  131343ms
   ✓ Phase 10 C0V S6 execution-v2 authority > executes the split missing-producer and uncalled-check mutations non-vacuously  1125ms
   ✓ Phase 10 C0V S6 execution-v2 authority > strict-parses the canonical graph and registers every successor output schema once  3873ms
   ✓ Phase 10 C0V S6 execution-v2 authority > keeps every authority path unignored and byte-stable on checkout  4464ms
 ✓ runner/test/gate4a.test.ts (89 tests) 126303ms
   ✓ gate4a derives all eight execution criteria from raw evidence > passes the complete synthetic 13-run evidence matrix  8584ms
   ✓ gate4a derives all eight execution criteria from raw evidence > A-EXEC-PROVENANCE trips alone  3638ms
   ✓ gate4a derives all eight execution criteria from raw evidence > A-EXEC-CONFIG trips alone  4339ms
   ✓ gate4a derives all eight execution criteria from raw evidence > A-EXEC-SYMMETRY trips alone on an internally consistent asymmetric delta  3845ms
   ✓ gate4a derives all eight execution criteria from raw evidence > A-EXEC-SYMMETRY trips alone on asymmetric boundary/vapor bits with symmetric occupancy  3834ms
   ✓ gate4a derives all eight execution criteria from raw evidence > A-EXEC-NOISE trips alone  3557ms
   ✓ gate4a derives all eight execution criteria from raw evidence > A-EXEC-NOISE alone owns representative run-disconnected evidence  4303ms
   ✓ gate4a derives all eight execution criteria from raw evidence > A-EXEC-MASS trips alone  4436ms
   ✓ gate4a derives all eight execution criteria from raw evidence > A-EXEC-DOMAIN trips alone  4370ms
   ✓ gate4a derives all eight execution criteria from raw evidence > A-EXEC-DOMAIN trips alone on a reconstructed contacting crystal  4609ms
   ✓ gate4a derives all eight execution criteria from raw evidence > A-EXEC-TERMINATION trips alone  4111ms
   ✓ gate4a derives all eight execution criteria from raw evidence > A-EXEC-TERMINATION trips alone on shifted threshold  3569ms
   ✓ gate4a derives all eight execution criteria from raw evidence > A-EXEC-TERMINATION trips alone on shifted cycle-0 mean  3564ms
   ✓ gate4a derives all eight execution criteria from raw evidence > A-EXEC-TERMINATION trips alone on far-field run carrying extent witness  4328ms
   ✓ gate4a derives all eight execution criteria from raw evidence > A-EXEC-TERMINATION rejects a size run carrying a far-field witness  1923ms
   ✓ gate4a derives all eight execution criteria from raw evidence > A-EXEC-TERMINATION alone owns a forged transition report and equal fabricated masses  4328ms
   ✓ gate4a derives all eight execution criteria from raw evidence > A-EXEC-NUMERIC trips alone on a reopened artifact byte mismatch  1877ms
   ✓ gate4a derives all eight execution criteria from raw evidence > A-EXEC-NUMERIC reconstruction rejects multi-witness mutation: orphan witness on an empty-delta row  481ms
   ✓ gate4a derives all eight execution criteria from raw evidence > A-EXEC-NUMERIC reconstruction rejects multi-witness mutation: out-of-order witness cycles  464ms
   ✓ gate4a derives all eight execution criteria from raw evidence > A-EXEC-NUMERIC alone owns a representative malformed delta chain  1303ms
   ✓ gate4a derives all eight execution criteria from raw evidence > A-EXEC-NUMERIC owns a checkpoint/scenario metric mismatch  2106ms
   ✓ gate4a branch morphology is nonvacuous against raw attachment chains > a coherent seed-only comparator changes only A-BRANCH from true to false  12317ms
   ✓ gate4a branch morphology is nonvacuous against raw attachment chains > rejects a grown final comparator whose attachment deltas are missing before morphology  2765ms
   ✓ gate4a artifact and checkpoint seams > reopens and cross-links the complete exact payload set  1843ms
   ✓ gate4a artifact and checkpoint seams > rejects Pass-A v1 manifest and scenario identities  1847ms
   ✓ gate4a artifact and checkpoint seams > rejects byte mutations in every Pass-A artifact family  2915ms
   ✓ gate4a artifact and checkpoint seams > rejects missing scenario farFieldWitness metadata keys or types  1651ms
   ✓ gate4a artifact and checkpoint seams > rejects extra scenario farFieldWitness metadata keys or types  1629ms
   ✓ gate4a artifact and checkpoint seams > rejects renamed scenario farFieldWitness metadata keys or types  1634ms
   ✓ gate4a artifact and checkpoint seams > rejects mistyped scenario farFieldWitness metadata keys or types  1649ms
   ✓ gate4a artifact and checkpoint seams > A-EXEC-CONFIG owns corrupt manifest bytes: invalid UTF-8  2180ms
   ✓ gate4a artifact and checkpoint seams > A-EXEC-CONFIG owns corrupt manifest bytes: invalid JSON  2170ms
   ✓ gate4a artifact and checkpoint seams > A-EXEC-CONFIG owns corrupt manifest bytes: noncanonical whitespace  2146ms
   ✓ gate4a artifact and checkpoint seams > A-EXEC-CONFIG owns corrupt manifest bytes: BOM-prefixed canonical bytes  2189ms
   ✓ gate4a artifact and checkpoint seams > A-EXEC-CONFIG owns corrupt manifest bytes: canonical bytes off the freeze  2176ms
   ✓ gate4a artifact and checkpoint seams > rejects a canonically re-encoded noise header mutation with unchanged field bytes  2814ms
   ✓ gate4a serial orchestration seams > executes the frozen matrix serially without a cross-run resolver  7815ms
 ✓ runner/test/phase10-intake.test.ts (12 tests) 89757ms
   ✓ Phase 10 A-I synthetic lifecycle > runs exact produce, safely resumes a partial candidate, verifies, and publishes beside unchanged A-S bytes  17461ms
   ✓ Phase 10 A-I synthetic lifecycle > refuses duplicate artifacts, wrong dependency, and wrong evaluator provenance before any new write  11543ms
   ✓ Phase 10 A-I synthetic lifecycle > rejects a producer-only shared currency-derivation bug  12173ms
   ✓ Phase 10 A-I synthetic lifecycle > rejects an implementation that omits a registered check-caller invocation  12279ms
   ✓ Phase 10 A-I synthetic lifecycle > refuses a committed post-freeze support-module drift  11471ms
   ✓ Phase 10 A-I freeze-before-input ordering > refuses observation from a descendant HEAD before any endpoint or NAS operation  8536ms
 ✓ runner/test/phase10-c0v-s6-executor.test.ts (67 tests) 64656ms
   ✓ Phase 10 C0V S6 filesystem and closure refusal boundary > reopens the exact nine-generation stop before recovery-v9 lock acquisition  944ms
   ✓ Phase 10 C0V S6 filesystem and closure refusal boundary > reopens the accepted V5 A-P freeze from Git after the V8 source successor  17040ms
   ✓ Phase 10 C0V S6 filesystem and closure refusal boundary > requires the live run-lock token before any current A-P candidate write  9318ms
   ✓ Phase 10 C0V S6 filesystem and closure refusal boundary > raw-projects all seven produce cap prefixes with a strict equality boundary  1547ms
   ✓ Phase 10 C0V S6 filesystem and closure refusal boundary > raw-projects moving and static semantic refusals and rejects a wrong exit class  607ms
   ✓ Phase 10 C0V S6 filesystem and closure refusal boundary > admits only exact freeze lifecycle dirt and a normal launch-HEAD index  1085ms
   ✓ Phase 10 C0V S6 filesystem and closure refusal boundary > serializes distinct packets under the catalogue-bound package lock  859ms
   ✓ Phase 10 C0V S6 filesystem and closure refusal boundary > rejects materialized successor runs before locking and admits verify-existing  1904ms
   ✓ Phase 10 C0V S6 filesystem and closure refusal boundary > binds resolution metadata to the exact HEAD blob while accepting only Git-equivalent EOLs  584ms
   ✓ Phase 10 C0V S6 filesystem and closure refusal boundary > rejects hard-linked source closure bytes and alternate loaders  8459ms
   ✓ Phase 10 C0V S6 filesystem and closure refusal boundary > rejects a coherently changed assume-unchanged manifest and dependency  448ms
   ✓ Phase 10 C0V S6 filesystem and closure refusal boundary > reopens a historical launch manifest after a later evidence-manifest commit  521ms
   ✓ Phase 10 C0V S6 filesystem and closure refusal boundary > binds the retained preflight manifest identity to the recorded launch HEAD bytes  395ms
   ✓ Phase 10 C0V S6 filesystem and closure refusal boundary > admits only exact direct prototype inspections in trusted strict parsers  3973ms
   ✓ Phase 10 C0V S6 filesystem and closure refusal boundary > rejects node:fs from the radial producer builtin closure  848ms
   ✓ Phase 10 C0V S6 filesystem and closure refusal boundary > rejects node:child_process from the radial producer builtin closure  844ms
   ✓ Phase 10 C0V S6 filesystem and closure refusal boundary > resolves the live publish producer, verifier, and check-caller closures under exact builtin rosters  13802ms
   ✓ Phase 10 C0V S6 filesystem and closure refusal boundary > rejects tuning a producer dependency that existed at the science freeze  701ms
 ✓ runner/test/phase10-executor.test.ts (13 tests) 65115ms
   ✓ Phase 10 bounded non-solver executor > losing concurrent run acquires no authorization observation before the writer lock  2162ms
   ✓ Phase 10 bounded non-solver executor > runs a read-only preflight against a clean committed synthetic code freeze without opening rows  4999ms
   ✓ Phase 10 bounded non-solver executor > rejects stage-set, command, path, and resource mutations in retained preflight bytes  4700ms
   ✓ Phase 10 bounded non-solver executor > rejects dependency schema substitution and callable, preflight, and eager-worker transitive drift  18193ms
   ✓ Phase 10 bounded non-solver executor > accepts the registered c0-publish dependency schema and rejects a generic-schema substitution  14588ms
   ✓ Phase 10 bounded non-solver executor > validates the distinct c0-publish independent-verification dependency shape and six-artifact roster  20078ms
   ✓ Phase 10 bounded non-solver executor > CLI no-args exits nonzero before any execution or scientific input access  375ms
 ✓ runner/test/phase10-scope-overlay.test.ts (24 tests) 65820ms
   ✓ Phase 10 A-S scope overlay > rejects a coordinated zero-blocker validation-credit upgrade even with repaired report and index  886ms
   ✓ Phase 10 A-S scope overlay > rejects a coordinated producer-provenance rewrite even with a repaired artifact index  873ms
   ✓ Phase 10 A-S scope overlay > requires the exact candidate-local receipt path at the CLI boundary  1192ms
   ✓ Phase 10 A-S static packet lifecycle > rejects a structurally valid committed post-freeze classification-protocol drift  2052ms
   ✓ Phase 10 A-S static packet lifecycle > requires an exact passing A-P dependency lifecycle before A-S preflight  16939ms
   ✓ Phase 10 A-S static packet lifecycle > executes the exact clean-head produce, verify, publish sequence and resumes exact publication  8231ms
   ✓ Phase 10 A-S static packet lifecycle > refuses a dirty preflight and a tampered retained observed runtime  5101ms
   ✓ Phase 10 A-S static packet lifecycle > rejects terminal obligation-set drift and malformed mutation witnesses  7813ms
   ✓ Phase 10 A-S static packet lifecycle > prevalidates a conflicting receipt destination and safely retries after its removal  7508ms
   ✓ Phase 10 A-S static packet lifecycle > resumes either exact scope-only or receipt-only partial publication orientation  13300ms
 ✓ runner/test/gate4b.test.ts (78 tests) 60258ms
   ✓ gate4b derives all twelve execution criteria from raw evidence > passes the complete synthetic 11-run evidence matrix  2105ms
   ✓ gate4b derives all twelve execution criteria from raw evidence > records all eight diagnostic morphology verdicts on the same matrix  564ms
   ✓ gate4b derives all twelve execution criteria from raw evidence > B-EXEC-PROVENANCE trips alone  1295ms
   ✓ gate4b derives all twelve execution criteria from raw evidence > B-EXEC-CONFIG trips alone  1735ms
   ✓ gate4b derives all twelve execution criteria from raw evidence > B-EXEC-TERMINATION trips alone  1721ms
   ✓ gate4b derives all twelve execution criteria from raw evidence > B-EXEC-SYMMETRY trips alone on an internally consistent asymmetric delta  1762ms
   ✓ gate4b derives all twelve execution criteria from raw evidence > B-EXEC-NOISE trips alone on a shifted witness stream  1465ms
   ✓ gate4b derives all twelve execution criteria from raw evidence > B-EXEC-CONVERGENCE trips alone  1744ms
   ✓ gate4b derives all twelve execution criteria from raw evidence > B-EXEC-SURFACE trips alone  1736ms
   ✓ gate4b derives all twelve execution criteria from raw evidence > B-EXEC-LEDGER trips alone  1716ms
   ✓ gate4b derives all twelve execution criteria from raw evidence > B-EXEC-PECLET trips alone  1726ms
   ✓ gate4b derives all twelve execution criteria from raw evidence > B-EXEC-CHECKPOINT trips alone  968ms
   ✓ gate4b derives all twelve execution criteria from raw evidence > B-EXEC-NUMERIC trips alone on a reopened artifact byte mismatch  622ms
   ✓ gate4b derives all twelve execution criteria from raw evidence > B-EXEC-COMPLETE trips alone on a missing registered sweep point  1567ms
   ✓ gate4b derives all twelve execution criteria from raw evidence > B-EXEC-COMPLETE trips alone on a duplicated registered record  1370ms
   ✓ gate4b rejects the registered LK negative list by name > wrong surface policy fails B-EXEC-CONFIG  494ms
   ✓ gate4b rejects the registered LK negative list by name > reflecting far field fails B-EXEC-CONFIG  484ms
   ✓ gate4b rejects the registered LK negative list by name > a legacy-v3 checkpoint artifact fails B-EXEC-CHECKPOINT  970ms
   ✓ gate4b rejects the registered LK negative list by name > a checkpoint policy shift fails B-EXEC-CHECKPOINT  978ms
   ✓ gate4b rejects the registered LK negative list by name > residual-only convergence claims fail B-EXEC-CONVERGENCE  1735ms
   ✓ gate4b rejects the registered LK negative list by name > a forged divergence report that disagrees with shell/exchange fails B-EXEC-CONVERGENCE  1721ms
   ✓ gate4b rejects the registered LK negative list by name > clipped-demand omission fails B-EXEC-LEDGER  1735ms
   ✓ gate4b rejects the registered LK negative list by name > an incomplete temperature sweep fails B-EXEC-COMPLETE  1529ms
   ✓ gate4b noise witnesses are independently recomputed > a divergent same-seed replay fails B-EXEC-NOISE alone  1761ms
   ✓ gate4b noise witnesses are independently recomputed > a witness cell set detached from the reconstructed boundary fails B-EXEC-NOISE  1733ms
   ✓ gate4b noise witnesses are independently recomputed > epsilon/seed round-trip through the frozen LK v2 checkpoint is enforced  1444ms
   ✓ gate4b timeline evidence is independently recomputed > clamping the transformed negatives to zero fails the bitwise density transform  1752ms
   ✓ gate4b timeline evidence is independently recomputed > the cross-temperature vapor ledger catches final-temperature multiplication by name  1764ms
   ✓ gate4b artifact and checkpoint seams > reopens and cross-links the complete exact payload set  675ms
   ✓ gate4b artifact and checkpoint seams > rejects byte mutations in every Pass-B artifact family  2000ms
   ✓ gate4b artifact and checkpoint seams > B-EXEC-CONFIG owns corrupt manifest bytes: invalid UTF-8  597ms
   ✓ gate4b artifact and checkpoint seams > B-EXEC-CONFIG owns corrupt manifest bytes: invalid JSON  605ms
   ✓ gate4b artifact and checkpoint seams > B-EXEC-CONFIG owns corrupt manifest bytes: noncanonical whitespace  599ms
   ✓ gate4b artifact and checkpoint seams > B-EXEC-CONFIG owns corrupt manifest bytes: BOM-prefixed canonical bytes  604ms
   ✓ gate4b artifact and checkpoint seams > B-EXEC-CONFIG owns corrupt manifest bytes: canonical bytes off the freeze  598ms
   ✓ gate4b serial orchestration seams > executes the frozen matrix serially and publishes a verifiable bundle on validity  2830ms
   ✓ gate4b serial orchestration seams > records diagnostic morphology misses without blocking exit 0 or publication  2741ms
   ✓ gate4b serial orchestration seams > an execution-integrity failure publishes nothing and exits 1 by name  2269ms
   ✓ gate4b serial orchestration seams > refuses to present an execution-valid verdict without a verified publication  1798ms
   ✓ gate4b serial orchestration seams > refuses to present an execution-invalid verdict that carries a publication  2266ms
   ✓ gate4b real solver integration (tiny dims) > captures a validated dual-outcome noise witness and replays bit-identically  1074ms
 ✓ runner/test/gate5-runner.test.ts (27 tests) 58664ms
   ✓ Phase 5 lane runner > publishes only after stable clean provenance and source snapshots  3312ms
   ✓ Phase 5 lane runner > removes the canonical lane when source identity drifts after rename  1968ms
   ✓ Phase 5 lane runner > runs the probe from the snapshot root, never the live working tree  2578ms
   ✓ Phase 5 immutable source snapshot > exports a detached commit-bound worktree that live edits cannot change  991ms
   ✓ Phase 5 immutable source snapshot > derives the registered inventory from the commit, not from the checkout  1343ms
   ✓ Phase 5 immutable source snapshot > releases the snapshot when the inventory read fails  654ms
   ✓ Phase 5 immutable source snapshot > refuses a snapshot request without a full commit id  351ms
   ✓ Phase 5 immutable source snapshot > removes the snapshot without descending into the installed dependencies  663ms
   ✓ Phase 5 immutable source snapshot > quarantines the snapshot before any recursive removal  610ms
   ✓ Phase 5 immutable source snapshot > refuses to delete a replacement that appears at the private snapshot path  610ms
   ✓ Phase 5 aggregate gate > reopens the lane, re-derives all criteria, and commits the index last  4444ms
   ✓ Phase 5 aggregate gate > re-derives the lane's commit inventory with no seams at all  7205ms
   ✓ Phase 5 aggregate gate > rejects a lane from another commit  3196ms
   ✓ Phase 5 aggregate gate > rejects source drift before aggregate publication  2628ms
   ✓ Phase 5 aggregate gate > detects post-publication lane mutation and removes only its aggregate files  3227ms
   ✓ Phase 5 aggregate gate > refuses to delete a replacement aggregate report during failed cleanup  3827ms
   ✓ Phase 5 aggregate gate > recovers an authenticated orphan report after an interrupted publication  5138ms
   ✓ Phase 5 aggregate gate > rejects aggregate report mutation against its commit marker  4445ms
   ✓ Phase 5 aggregate gate > rejects hard-linked aggregate artifacts  4436ms
   ✓ Phase 5 aggregate gate > never overwrites completed aggregate evidence  3886ms
   ✓ Phase 5 aggregate gate > rejects unindexed aggregate-directory entries  2574ms
   ✓ Phase 5 aggregate gate > makes both public commands flagless at the CLI boundary  410ms
 ✓ app/test/phase4-verify.test.ts (59 tests) 52421ms
   ✓ frozen run completeness and provenance > the visual harness rejects a Pass-A v1 bundle before capture output exists  456ms
   ✓ real publication provenance is derived from recorded Git objects > accepts immutable recorded commits without requiring recorded HEAD == current HEAD  535ms
   ✓ real publication provenance is derived from recorded Git objects > rejects both false and true ancestry rewrites against independently recomputed facts  461ms
   ✓ real publication provenance is derived from recorded Git objects > rejects solver source rewrites at an otherwise descendant recorded commit  2605ms
   ✓ visual harness test-hook isolation > an ordinary harness without IPC never activates or waits for a test hook  480ms
   ✓ visual harness output-parent swap hooks > fails closed when the absent output parent becomes a Pass A junction after the verifying log  496ms
   ✓ visual harness output-parent swap hooks > cleans trusted staging when the output parent becomes a Pass A junction after staging  504ms
   ✓ visual harness staged-file hard-link attacks > rejects a first-PNG destination precreated as a hard link to the Pass A manifest  6452ms
   ✓ visual harness staged-file hard-link attacks > rejects a staged manifest precreated as a hard link to the Pass A report  12611ms
   ✓ visual harness staged-file hard-link attacks > rejects a post-create external hard link before publication  12622ms
   ✓ visual harness staged-file hard-link attacks > rolls back and rejects a post-rename external hard link before publication verification  12627ms
 ✓ runner/test/phase10-c0v-reference-lifecycle.test.ts (12 tests) 50726ms
   ✓ Phase 10 C0V neutral S5 reference lifecycle > supplies frozen static source bytes to the independent refusal checker  3089ms
   ✓ Phase 10 C0V neutral S5 reference lifecycle > derives, independently checks, publishes, and retries exact synthetic bytes  10768ms
   ✓ Phase 10 C0V neutral S5 reference lifecycle > publishes a registered discrepancy refusal instead of silently dropping the artifact  8229ms
   ✓ Phase 10 C0V neutral S5 reference lifecycle > reexecutes the independent check and rejects a post-check receipt mutation  5626ms
   ✓ Phase 10 C0V neutral S5 reference lifecycle > rejects an unknown field in a scientific candidate before independent checking  2926ms
   ✓ Phase 10 C0V neutral S5 reference lifecycle > rejects tracked code drift and untracked static source locators  810ms
   ✓ Phase 10 C0V neutral S5 reference lifecycle > accepts Git-equivalent CRLF only for package metadata and keeps protocol bytes exact  4050ms
   ✓ Phase 10 C0V neutral S5 reference lifecycle > recursively detects a forbidden dynamic local import  908ms
   ✓ Phase 10 C0V neutral S5 reference lifecycle > rejects an aliased staging parent before writing an attempt  1627ms
   ✓ Phase 10 C0V neutral S5 reference lifecycle > rejects a retained publication timestamp that predates its independent check  5570ms
   ✓ Phase 10 C0V neutral S5 reference lifecycle > rejects future timestamps at the derive and check command boundaries  7121ms
 ✓ solver-cpu/test/lk-hole-filling.test.ts (9 tests) 52663ms
   ✓ ADR 0056 geometric completion counterfactual > -4.5 M1: enabled preserves ordinary evolution including geometric completion  8132ms
   ✓ ADR 0056 geometric completion counterfactual > -4.5 M1_NO_DIP_ABLATION: enabled preserves ordinary evolution including geometric completion  17116ms
   ✓ ADR 0056 geometric completion counterfactual > -5 M1: enabled preserves ordinary evolution including geometric completion  8019ms
   ✓ ADR 0056 geometric completion counterfactual > -5 M1_NO_DIP_ABLATION: enabled preserves ordinary evolution including geometric completion  17188ms
   ✓ ADR 0056 geometric completion counterfactual > M1 still grows kinetically with exact attached symmetry at fill-CFL 0.2  807ms
   ✓ ADR 0056 geometric completion counterfactual > M1_NO_DIP_ABLATION still grows kinetically with exact attached symmetry at fill-CFL 0.2  887ms
 ✓ solver-cpu/test/lk-solver.test.ts (41 tests) 34300ms
   ✓ LKSolver — divergence identity (§4.4 test 3) > at convergence, Dirichlet injection equals signed net boundary exchange  643ms
   ✓ LKSolver — ledger identity (§4.4 test 4) > fill ledger + hole-fill deficit account for every attached cell and every partial fill  4947ms
   ✓ LKSolver — ledger identity (§4.4 test 4) > NON-TAUTOLOGICAL: the ledger delta equals independently recomputed kinetic demand  1628ms
   ✓ LKSolver — legacy-v3 sink-vs-demand regression > COMPUTED: legacy Robin absorption vs converged-field per-sweep demand  2852ms
   ✓ LKSolver — fill-CFL (§4.4 test 5, kinetic-only per the round-2 correction) > no growth step's KINETIC fill ever exceeds the bound  4192ms
   ✓ LKSolver — growth, determinism, symmetry > a crystal grows at all (plan, Stage 2b check)  6363ms
   ✓ LKSolver — growth, determinism, symmetry > two runs with the same options are bit-identical (pinned-oracle scope)  5424ms
   ✓ LKSolver — growth, determinism, symmetry > noise off, hexPrism: every attachment delta is D6h-invariant and the full metric reads 0  6254ms
   ✓ opposing-vapor mean, D6h equivariance > v6 holds the opposing mean, the field and the attached set exactly D6h-invariant  376ms
   ✓ opposing-vapor mean, D6h equivariance > v6 is an ordering change only: it reaches the same state v5 does at this scale  740ms
 ✓ solver-cpu/test/prepared-kinetics.test.ts (35 tests) 29518ms
   ✓ prepared LK kinetics are a bit-identical solver refactor > CAK_A1 legacy-v3 noise=0  930ms
   ✓ prepared LK kinetics are a bit-identical solver refactor > CAK_A1 legacy-v3 noise=0.375  897ms
   ✓ prepared LK kinetics are a bit-identical solver refactor > CAK_A1 aggregate-hv-g1h1-v4 noise=0  889ms
   ✓ prepared LK kinetics are a bit-identical solver refactor > CAK_A1 aggregate-hv-g1h1-v4 noise=0.375  885ms
   ✓ prepared LK kinetics are a bit-identical solver refactor > CAK_A1 aggregate-hv-g1h1-v5 noise=0  887ms
   ✓ prepared LK kinetics are a bit-identical solver refactor > CAK_A1 aggregate-hv-g1h1-v5 noise=0.375  885ms
   ✓ prepared LK kinetics are a bit-identical solver refactor > CAK_A1 aggregate-hv-g1h1-v6 noise=0  893ms
   ✓ prepared LK kinetics are a bit-identical solver refactor > CAK_A1 aggregate-hv-g1h1-v6 noise=0.375  888ms
   ✓ prepared LK kinetics are a bit-identical solver refactor > CAK legacy-v3 noise=0  888ms
   ✓ prepared LK kinetics are a bit-identical solver refactor > CAK legacy-v3 noise=0.375  890ms
   ✓ prepared LK kinetics are a bit-identical solver refactor > CAK aggregate-hv-g1h1-v4 noise=0  888ms
   ✓ prepared LK kinetics are a bit-identical solver refactor > CAK aggregate-hv-g1h1-v4 noise=0.375  890ms
   ✓ prepared LK kinetics are a bit-identical solver refactor > CAK aggregate-hv-g1h1-v5 noise=0  885ms
   ✓ prepared LK kinetics are a bit-identical solver refactor > CAK aggregate-hv-g1h1-v5 noise=0.375  887ms
   ✓ prepared LK kinetics are a bit-identical solver refactor > CAK aggregate-hv-g1h1-v6 noise=0  886ms
   ✓ prepared LK kinetics are a bit-identical solver refactor > CAK aggregate-hv-g1h1-v6 noise=0.375  889ms
   ✓ prepared LK kinetics are a bit-identical solver refactor > M1 legacy-v3 noise=0  892ms
   ✓ prepared LK kinetics are a bit-identical solver refactor > M1 legacy-v3 noise=0.375  896ms
   ✓ prepared LK kinetics are a bit-identical solver refactor > M1 aggregate-hv-g1h1-v4 noise=0  886ms
   ✓ prepared LK kinetics are a bit-identical solver refactor > M1 aggregate-hv-g1h1-v4 noise=0.375  886ms
   ✓ prepared LK kinetics are a bit-identical solver refactor > M1 aggregate-hv-g1h1-v5 noise=0  885ms
   ✓ prepared LK kinetics are a bit-identical solver refactor > M1 aggregate-hv-g1h1-v5 noise=0.375  890ms
   ✓ prepared LK kinetics are a bit-identical solver refactor > M1 aggregate-hv-g1h1-v6 noise=0  890ms
   ✓ prepared LK kinetics are a bit-identical solver refactor > M1 aggregate-hv-g1h1-v6 noise=0.375  887ms
   ✓ prepared LK kinetics are a bit-identical solver refactor > M1_NO_DIP_ABLATION legacy-v3 noise=0  891ms
   ✓ prepared LK kinetics are a bit-identical solver refactor > M1_NO_DIP_ABLATION legacy-v3 noise=0.375  890ms
   ✓ prepared LK kinetics are a bit-identical solver refactor > M1_NO_DIP_ABLATION aggregate-hv-g1h1-v4 noise=0  888ms
   ✓ prepared LK kinetics are a bit-identical solver refactor > M1_NO_DIP_ABLATION aggregate-hv-g1h1-v4 noise=0.375  888ms
   ✓ prepared LK kinetics are a bit-identical solver refactor > M1_NO_DIP_ABLATION aggregate-hv-g1h1-v5 noise=0  890ms
   ✓ prepared LK kinetics are a bit-identical solver refactor > M1_NO_DIP_ABLATION aggregate-hv-g1h1-v5 noise=0.375  886ms
   ✓ prepared LK kinetics are a bit-identical solver refactor > M1_NO_DIP_ABLATION aggregate-hv-g1h1-v6 noise=0  881ms
   ✓ prepared LK kinetics are a bit-identical solver refactor > M1_NO_DIP_ABLATION aggregate-hv-g1h1-v6 noise=0.375  887ms
   ✓ prepared LK kinetics are a bit-identical solver refactor > keeps the prepared temperature constants across a same-temperature reservoir event  441ms
   ✓ prepared LK kinetics are a bit-identical solver refactor > leaves arbitrary test overrides ahead of prepared production kinetics  304ms
 ✓ runner/test/gate5-evidence.test.ts (51 tests) 25850ms
   ✓ Phase 5 lane evidence publication > publishes and independently reopens the complete indexed graph  3802ms
   ✓ Phase 5 lane evidence publication > reconstructs an interleaved global readback audit from per-fixture artifacts  2602ms
   ✓ Phase 5 lane evidence publication > uses the real core decoders when no test-only checkpoint seam is supplied  747ms
   ✓ Phase 5 lane evidence publication > rejects UTF-8 BOMs in terminal evidence  751ms
   ✓ Phase 5 lane evidence publication > rejects an indexed artifact byte mutation after publication  2606ms
   ✓ Phase 5 lane evidence publication > rejects noncanonical JSON even if a caller edits a JSON artifact directly  2590ms
   ✓ Phase 5 lane evidence publication > rejects unindexed extra files  2598ms
   ✓ Phase 5 lane evidence publication > rejects a coherent index kind shift against the frozen artifact graph  2575ms
   ✓ Phase 5 lane evidence publication > rejects hard-linked artifacts and removes its private failed attempt  704ms
   ✓ Phase 5 lane evidence publication > detects a staging mutation before rename and leaves no canonical lane  1336ms
   ✓ Phase 5 lane evidence publication > refuses to delete a replacement that appears at the private staging path  1331ms
   ✓ ADR-0019 G-G Dirichlet corrected-mass ledger > publishes the complete registered chronology and both device witnesses  3168ms
   ✓ ADR-0019 G-G Dirichlet corrected-mass ledger > rejects a negative-control roster the runner's own replay does not observe  557ms
 ✓ solver-cpu/test/lk-facet-dips.test.ts (8 tests) 24586ms
   ✓ ADR 0055 finite facet preparation > -4.5 both preserves ordinary evolution through attachment  6038ms
   ✓ ADR 0055 finite facet preparation > -4.5 neither preserves ordinary evolution through attachment  5689ms
   ✓ ADR 0055 finite facet preparation > -5 both preserves ordinary evolution through attachment  5911ms
   ✓ ADR 0055 finite facet preparation > -5 neither preserves ordinary evolution through attachment  5705ms
   ✓ ADR 0055 finite facet preparation > basal-only uses the selected facet law in both Robin solution and deposited fill  381ms
   ✓ ADR 0055 finite facet preparation > prism-only uses the selected facet law in both Robin solution and deposited fill  429ms
   ✓ ADR 0055 finite facet preparation > prism-only/holefill-off uses the selected facet law in both Robin solution and deposited fill  427ms
 ✓ solver-cpu/test/lk-resume.test.ts (16 tests) 23594ms
   ✓ LK v3 field-adopting restore > CAK: direct, checkpoint-every-cycle, and multiply resumed evolution are exact  9888ms
   ✓ LK v3 field-adopting restore > M1: direct, checkpoint-every-cycle, and multiply resumed evolution are exact  9798ms
   ✓ LK v3 field-adopting restore > CAK: converged multi-sweep continuation remains exact after nonlinear events  1938ms
   ✓ LK v3 field-adopting restore > M1: converged multi-sweep continuation remains exact after nonlinear events  1944ms
 ✓ runner/test/gate4-protocol.test.ts (90 tests) 19297ms
   ✓ Phase 4 hollow ensemble validators > recomputes real open-tube geometry and passes distinct streams plus a full-state replay  586ms
   ✓ Phase 4 hollow ensemble validators > rejects raw guard mutation: 'missing canonical seed site'  453ms
   ✓ Phase 4 hollow ensemble validators > rejects raw guard mutation: 'extra canonical seed site'  581ms
   ✓ Phase 4 hollow ensemble validators > rejects raw guard mutation: 'shifted canonical seed'  432ms
   ✓ Phase 4 hollow ensemble validators > rejects raw guard mutation: 'wrong dimensions'  606ms
   ✓ Phase 4 hollow ensemble validators > rejects raw guard mutation: 'wrong target'  420ms
   ✓ Phase 4 hollow ensemble validators > rejects raw guard mutation: 'wrong step cap'  422ms
   ✓ Phase 4 hollow ensemble validators > rejects raw guard mutation: 'wrong stop'  419ms
   ✓ Phase 4 hollow ensemble validators > rejects raw guard mutation: 'nonconsecutive crossing'  417ms
   ✓ Phase 4 hollow ensemble validators > rejects raw guard mutation: 'malformed final occupancy length'  424ms
   ✓ Phase 4 hollow ensemble validators > rejects raw guard mutation: 'nonbinary occupancy'  421ms
   ✓ Phase 4 hollow ensemble validators > rejects raw guard mutation: 'initial occupancy not subset of previ…'  431ms
   ✓ Phase 4 hollow ensemble validators > rejects raw guard mutation: 'previous occupancy not subset of final'  422ms
   ✓ Phase 4 hollow ensemble validators > rejects raw guard mutation: 'wrong previous raw extent'  434ms
   ✓ Phase 4 hollow ensemble validators > rejects raw guard mutation: 'wrong final raw extent'  429ms
   ✓ Phase 4 hollow ensemble validators > rejects raw guard mutation: 'invalid execution identity'  422ms
   ✓ Phase 4 hollow ensemble validators > rejects raw guard mutation: 'overlapping raw field buffers'  413ms
   ✓ Phase 4 hollow ensemble validators > rejects a reused ensemble execution identity through A-HOLLOW-NONVACUOUS  519ms
   ✓ Phase 4 hollow ensemble validators > rejects independent replay divergence in 'initial occupancy'  420ms
   ✓ Phase 4 hollow ensemble validators > rejects independent replay divergence in 'previous occupancy'  513ms
   ✓ Phase 4 hollow ensemble validators > rejects independent replay divergence in 'final occupancy'  508ms
   ✓ Phase 4 hollow ensemble validators > rejects independent replay divergence in 'surface field'  514ms
   ✓ Phase 4 hollow ensemble validators > rejects independent replay divergence in 'vapor field'  515ms
   ✓ Phase 4 hollow ensemble validators > rejects raw solid, sealed, pre-hollowed, and domain-contact geometry by A-HOLLOW-EACH  2060ms
   ✓ Phase 4 hollow ensemble validators > ignores fabricated metric claims and independently derives a solid failure  511ms
   ✓ Phase 4 hollow ensemble validators > rejects seed-vacuous occupancy, replay divergence, identity reuse, and overlapping buffers  2133ms
   ✓ Phase 4 hollow ensemble validators > keeps structural inspection independent from raw morphology checks  512ms
   ✓ Phase 4 hollow ensemble validators > keeps B hollowing diagnostic while recomputing the registered B-domain geometry  433ms
   ✓ Phase 4 hollow ensemble validators > enforces the 12,000-cycle cap on every Pass A hollow primary and replay  2905ms
 ✓ runner/test/phase10-c0v-s6-lifecycle.test.ts (5 tests) 18093ms
   ✓ Phase 10 C0V S6 lifecycle whole-file publication overlay > reopens the accepted A-P lifecycle through its retained recovery-v5 protocol only  17741ms
 ✓ runner/test/phase10-c0v-s6-historical-ap.test.ts (1 test) 17958ms
   ✓ Phase 10 C0V S6 accepted historical A-P reopen > reopens the complete accepted prefix through its retained V5 protocol and exact 15 paths  17621ms
 ✓ solver-cpu/test/lk-experimental-resume.test.ts (9 tests) 16094ms
   ✓ ADR 0060 BLD experimental continuation > broad: initial, every-cycle and multiple restores preserve complete evolution  2351ms
   ✓ ADR 0060 BLD experimental continuation > both: initial, every-cycle and multiple restores preserve complete evolution  2299ms
   ✓ ADR 0060 BLD experimental continuation > neither: initial, every-cycle and multiple restores preserve complete evolution  2270ms
   ✓ ADR 0060 BLD experimental continuation > basal-only: initial, every-cycle and multiple restores preserve complete evolution  2248ms
   ✓ ADR 0060 BLD experimental continuation > prism-only: initial, every-cycle and multiple restores preserve complete evolution  2259ms
   ✓ ADR 0060 BLD experimental continuation > full width: initial, every-cycle and multiple restores preserve complete evolution  2254ms
   ✓ ADR 0060 BLD experimental continuation > early width: initial, every-cycle and multiple restores preserve complete evolution  2266ms
 ✓ runner/test/phase10-ap-lifecycle.test.ts (5 tests) 14781ms
   ✓ Phase 10 A-P retained lifecycle > runs the exact produce/verify/publish commands and republishes only identical bytes  6562ms
   ✓ Phase 10 A-P retained lifecycle > refuses CLI omission and a receipt path outside the candidate  1894ms
   ✓ Phase 10 A-P retained lifecycle > rejects verification-path, duplicate-attempt-root, and packet-path catalogue mutations  1326ms
   ✓ Phase 10 A-P retained lifecycle > rejects checkout-unstable callable bytes  1311ms
   ✓ Phase 10 A-P retained lifecycle > rejects post-verification control tampering and handcrafted execution provenance  3688ms
 ✓ runner/test/gate5-protocol.test.ts (47 tests) 11090ms
   ✓ Phase 5 negative controls executed at their named boundary > re-derives the unmutated capture's raw evidence from its own payload  593ms
   ✓ Phase 5 negative controls executed at their named boundary > returns the frozen control inventory in registered order  554ms
   ✓ Phase 5 negative controls executed at their named boundary > observes an owner-independent failing set for the tolerance bypass  553ms
   ✓ Phase 5 negative controls executed at their named boundary > NC-WINDOWS-BACKEND-RELABEL corrupts its named evidence and is refused by the evaluator  578ms
   ✓ Phase 5 negative controls executed at their named boundary > NC-PROTOCOL-HASH-SHIFT corrupts its named evidence and is refused by the evaluator  577ms
   ✓ Phase 5 negative controls executed at their named boundary > NC-REQUIRED-LIMIT-DOWNGRADE corrupts its named evidence and is refused by the evaluator  575ms
   ✓ Phase 5 negative controls executed at their named boundary > NC-AXIS-SWAP corrupts its named evidence and is refused by the evaluator  575ms
   ✓ Phase 5 negative controls executed at their named boundary > NC-WRONG-BOUNDARY-CLAMP corrupts its named evidence and is refused by the evaluator  576ms
   ✓ Phase 5 negative controls executed at their named boundary > NC-STALE-PING-PONG corrupts its named evidence and is refused by the evaluator  575ms
   ✓ Phase 5 negative controls executed at their named boundary > NC-LK-RESIDUAL-ONLY corrupts its named evidence and is refused by the evaluator  576ms
   ✓ Phase 5 negative controls executed at their named boundary > NC-SYMMETRY-BIT corrupts its named evidence and is refused by the evaluator  577ms
   ✓ Phase 5 negative controls executed at their named boundary > NC-DOMAIN-CONTACT corrupts its named evidence and is refused by the evaluator  575ms
   ✓ Phase 5 negative controls executed at their named boundary > NC-EXCESSIVE-DISPATCH corrupts its named evidence and is refused by the evaluator  578ms
   ✓ Phase 5 negative controls executed at their named boundary > NC-LATE-EDIT-ACK corrupts its named evidence and is refused by the evaluator  574ms
   ✓ Phase 5 negative controls executed at their named boundary > NC-LATE-FIRST-FRAME corrupts its named evidence and is refused by the evaluator  573ms
   ✓ Phase 5 negative controls executed at their named boundary > NC-FULL-FIELD-PER-FRAME corrupts its named evidence and is refused by the evaluator  578ms
   ✓ Phase 5 negative controls executed at their named boundary > NC-CHECKPOINT-DTYPE-SHIFT corrupts its named evidence and is refused by the evaluator  580ms
   ✓ Phase 5 negative controls executed at their named boundary > NC-TOLERANCE-BYPASS corrupts its named evidence and is refused by the evaluator  576ms
   ✓ Phase 5 negative controls executed at their named boundary > NC-ARTIFACT-BYTE-MUTATION corrupts its named evidence and is refused by the evaluator  576ms
 ✓ runner/test/post-phase10-discovery-resume.test.ts (14 tests) 10510ms
   ✓ BLD experimental row continuation > preserves scientific events and exact solver bytes across multiple restores: both  1018ms
   ✓ BLD experimental row continuation > preserves scientific events and exact solver bytes across multiple restores: neither  951ms
   ✓ BLD experimental row continuation > preserves scientific events and exact solver bytes across multiple restores: basal-only  963ms
   ✓ BLD experimental row continuation > preserves scientific events and exact solver bytes across multiple restores: prism-only  978ms
   ✓ BLD experimental row continuation > preserves scientific events and exact solver bytes across multiple restores: ordinary-no-dip  950ms
   ✓ BLD experimental row continuation > preserves scientific events and exact solver bytes across multiple restores: full-width  951ms
   ✓ BLD experimental row continuation > preserves scientific events and exact solver bytes across multiple restores: early-width  952ms
   ✓ BLD experimental row continuation > matches a legacy uninterrupted control after real fresh-process pause and resume  1412ms
   ✓ BLD experimental row continuation > keeps the step allowance resumable and honors pause before initial growth  306ms
   ✓ BLD experimental row continuation > classifies real scientific endpoints as terminal and verifies their bytes before skipping  325ms
   ✓ BLD experimental row continuation > preserves an uncommitted event tail and orphan observations while ignoring a torn inactive slot  867ms
   ✓ BLD experimental row continuation > refuses corrupted committed events or pointer without silently falling back  421ms
 ✓ solver-cpu/test/lk-basal-width.test.ts (12 tests) 8807ms
   ✓ ADR 0058 exposed-support basal width experiment > matches the broad control from nonuniform vapor with nonzero fill  1000ms
   ✓ ADR 0058 exposed-support basal width experiment > matches the dipped control from nonuniform vapor with nonzero fill  1850ms
   ✓ ADR 0058 exposed-support basal width experiment > uses independently classified mixed widths in the Robin law and kinetic demand  417ms
   ✓ ADR 0059 early/late basal-width history > preserves the nonuniform early-only numerical prefix and accumulated fill  1869ms
   ✓ ADR 0059 early/late basal-width history > crosses the early-only cutoff without splitting and changes both coupled kinetics without attachment  520ms
   ✓ ADR 0059 early/late basal-width history > preserves the nonuniform late-only numerical prefix and accumulated fill  1956ms
   ✓ ADR 0059 early/late basal-width history > crosses the late-only cutoff without splitting and changes both coupled kinetics without attachment  526ms
   ✓ ADR 0059 early/late basal-width history > uses the new window when accumulated time equals the cutoff exactly  366ms
 ✓ runner/test/gutcheck-growth-comparison-publisher.test.ts (33 tests | 3 skipped) 8724ms
   ✓ Run B comparison NAS publisher > publishes the exact 17-file bundle by one verified same-share rename  654ms
   ✓ Run B comparison NAS publisher > allows a source hard link because staged files are exclusive fresh copies  583ms
   ✓ Run B comparison NAS publisher > rejects forged browser witnesses even when the top-level status remains pass  2716ms
   ✓ Run B comparison NAS publisher > detects a source mutation after copy and preserves its failed staging  334ms
   ✓ Run B comparison NAS publisher > detects a referenced-video mutation before rename and preserves its failed staging  334ms
   ✓ Run B comparison NAS publisher > detects a staging mutation and preserves the exact failed bytes  331ms
   ✓ Run B comparison NAS publisher > rejects a staged hard-link alias while preserving the outside alias  332ms
   ✓ Run B comparison NAS publisher > refuses ownership verification when the private staging path was replaced  308ms
   ✓ Run B comparison NAS publisher > reports and preserves failed owned staging without any recursive-delete implementation  334ms
   ✓ Run B comparison NAS publisher > rechecks and preserves an empty canonical directory that appears before rename  376ms
   ✓ Run B comparison NAS publisher > preserves the canonical bundle when final rehash detects post-rename damage  370ms
   ✓ Run B comparison NAS publisher > preserves the canonical bundle when the referenced video changes after rename  379ms
   ✓ Run B comparison NAS publisher > rejects a final hard-link alias and preserves the published bytes for diagnosis  368ms
 ✓ runner/test/phase10-c0v-s6-radial.test.ts (24 tests) 5536ms
   ✓ Phase 10 C0V S6 radial production and independent evaluation > encodes the exact 5,891-byte witness and binds the S5 science protocol  3814ms
   ✓ Phase 10 C0V S6 radial production and independent evaluation > retains each raw mutation and purely rederives the clean science and complete NC audit  319ms
 ✓ runner/test/gutcheck-hardening.test.ts (57 tests | 25 skipped) 5576ms
   ✓ evidence manifest pinning > does not mistake an eval import with the library at argv[1] for direct CLI execution  585ms
   ✓ evidence manifest pinning > makes a live manifest update wait until the current lock holder exits its action  503ms
   ✓ workpack is self-contained > builds a pack whose grow-batch resolves and dry-runs from inside the pack  873ms
   ✓ workpack is self-contained > uses canonical invocation identity when deciding whether a fake-repo spec is already done  476ms
   ✓ archive-pack ledger semantics > fails closed on malformed, wrong-format, and absent priors (round-2)  386ms
   ✓ grow-batch frame-enabled resume > does not skip wrong spec, dimensions, domain, ticks, seed, noise, extraction, cadence, or final tick  853ms
 ✓ solver-cpu/test/gg-solver.test.ts (15 tests) 5400ms
   ✓ GGSolver — mass conservation (gate at full size runs via runner; this is the dev-grid version) > crystal-free control run characterizes the float floor  464ms
   ✓ GGSolver — mass conservation (gate at full size runs via runner; this is the dev-grid version) > conserves total mass to < 1e-10 relative over 10 000 ticks GROWN, noise OFF, reflecting  2976ms
   ✓ GGSolver — mass conservation (gate at full size runs via runner; this is the dev-grid version) > conserves total mass with noise ON (the §6 form conserves by construction)  906ms
stdout | runner/test/hil-bld-batch-execution.test.ts > named batch execution > pauses dispatch without killing the active update, then keeps a distinct retry log
launch row=first active=1 remaining=1

stdout | runner/test/hil-bld-batch-execution.test.ts > named batch execution > pauses dispatch without killing the active update, then keeps a distinct retry log
finish row=first code=0 signal=null active=0 completed=1/2

stdout | runner/test/hil-bld-batch-execution.test.ts > named batch execution > pauses dispatch without killing the active update, then keeps a distinct retry log
launch row=first active=1 remaining=0

stdout | runner/test/hil-bld-batch-execution.test.ts > named batch execution > pauses dispatch without killing the active update, then keeps a distinct retry log
finish row=first code=0 signal=null active=0 completed=1/1

stdout | runner/test/hil-bld-batch-execution.test.ts > named batch execution > executes independent processes at the requested overlap and retains each exact command/log/exit
launch row=fixture-0 active=1 remaining=4
launch row=fixture-1 active=2 remaining=3

stdout | runner/test/hil-bld-batch-execution.test.ts > named batch execution > executes independent processes at the requested overlap and retains each exact command/log/exit
finish row=fixture-0 code=0 signal=null active=1 completed=1/5

stdout | runner/test/hil-bld-batch-execution.test.ts > named batch execution > executes independent processes at the requested overlap and retains each exact command/log/exit
launch row=fixture-2 active=2 remaining=2

stdout | runner/test/hil-bld-batch-execution.test.ts > named batch execution > executes independent processes at the requested overlap and retains each exact command/log/exit
finish row=fixture-1 code=0 signal=null active=1 completed=2/5

stdout | runner/test/hil-bld-batch-execution.test.ts > named batch execution > executes independent processes at the requested overlap and retains each exact command/log/exit
launch row=fixture-3 active=2 remaining=1

stdout | runner/test/hil-bld-batch-execution.test.ts > named batch execution > executes independent processes at the requested overlap and retains each exact command/log/exit
finish row=fixture-2 code=0 signal=null active=1 completed=3/5

stdout | runner/test/hil-bld-batch-execution.test.ts > named batch execution > executes independent processes at the requested overlap and retains each exact command/log/exit
launch row=fixture-4 active=2 remaining=0

stdout | runner/test/hil-bld-batch-execution.test.ts > named batch execution > executes independent processes at the requested overlap and retains each exact command/log/exit
finish row=fixture-3 code=0 signal=null active=1 completed=4/5

stdout | runner/test/hil-bld-batch-execution.test.ts > named batch execution > executes independent processes at the requested overlap and retains each exact command/log/exit
finish row=fixture-4 code=0 signal=null active=0 completed=5/5

stdout | runner/test/hil-bld-batch-execution.test.ts > named batch execution > kills its active workers and leaves queued work unstarted when memory falls
launch row=slow-0 active=1 remaining=2
launch row=slow-1 active=2 remaining=1

stdout | runner/test/hil-bld-batch-execution.test.ts > named batch execution > kills its active workers and leaves queued work unstarted when memory falls
finish row=slow-1 code=null signal=SIGTERM active=1 completed=1/3

stdout | runner/test/hil-bld-batch-execution.test.ts > named batch execution > kills its active workers and leaves queued work unstarted when memory falls
finish row=slow-0 code=null signal=SIGTERM active=0 completed=2/3

stdout | runner/test/hil-bld-batch-execution.test.ts > named batch execution > enforces a hard wall budget and stops a failing probe queue
launch row=slow-first active=1 remaining=1

stdout | runner/test/hil-bld-batch-execution.test.ts > named batch execution > enforces a hard wall budget and stops a failing probe queue
finish row=slow-first code=null signal=SIGTERM active=0 completed=1/2

stdout | runner/test/hil-bld-batch-execution.test.ts > named batch execution > retains a crashed worker while allowing independent science rows to continue
launch row=fail-first active=1 remaining=1

stdout | runner/test/hil-bld-batch-execution.test.ts > named batch execution > retains a crashed worker while allowing independent science rows to continue
finish row=fail-first code=7 signal=null active=0 completed=1/2

stdout | runner/test/hil-bld-batch-execution.test.ts > named batch execution > retains a crashed worker while allowing independent science rows to continue
launch row=surviving active=1 remaining=0

stdout | runner/test/hil-bld-batch-execution.test.ts > named batch execution > retains a crashed worker while allowing independent science rows to continue
finish row=surviving code=0 signal=null active=0 completed=2/2

stdout | runner/test/hil-bld-batch-execution.test.ts > resumable campaign ownership > rejects legacy campaigns and stale immutable source before resume
Pause requested: no new rows; active rows save after their current coupled update.

 ✓ runner/test/hil-bld-batch-execution.test.ts (12 tests) 4764ms
   ✓ named batch execution > pauses dispatch without killing the active update, then keeps a distinct retry log  606ms
   ✓ named batch execution > dispatches nothing when an operator pause is already pending  2048ms
   ✓ named batch execution > executes independent processes at the requested overlap and retains each exact command/log/exit  825ms
   ✓ named batch execution > retains a crashed worker while allowing independent science rows to continue  553ms
 ✓ runner/test/gate-enforce.test.ts (21 tests) 4423ms
 ✓ runner/test/phase9-permanent-control-readiness.test.ts (5 tests) 4229ms
   ✓ Phase 9 S2 permanent-control readiness > derives the exact 51-row census and refuses both controls without running or scoring  344ms
   ✓ Phase 9 S2 permanent-control readiness > rejects shifted frozen inputs instead of accepting caller-attested availability  2222ms
   ✓ Phase 9 S2 permanent-control readiness > refuses present-day source drift rather than re-pinning the historical protocol  1289ms
   ✓ Phase 9 S2 permanent-control readiness > binds the bounded protocol and every named input and implementation artifact  364ms
 ✓ runner/test/named-crystal-final-compose-accept.test.ts (6 tests) 3620ms
   ✓ named crystal final Compose acceptance > verifies 297 captures and reaches the terminal 99-slot catalog  1225ms
   ✓ named crystal final Compose acceptance > refuses exact Compose report drift  576ms
   ✓ named crystal final Compose acceptance > refuses a capture whose bytes drift after browser review  552ms
   ✓ named crystal final Compose acceptance > refuses a cold payload at the web ceiling  569ms
   ✓ named crystal final Compose acceptance > refuses an asymmetric premature deferred-route transition  589ms
 ✓ runner/test/phase10-c0v-s6-aggregate.test.ts (5 tests) 4204ms
   ✓ Phase 10 C0V S6 aggregate > keeps aggregate producers outside the independent evaluator closure  4192ms
 ✓ runner/test/gate6-aggregate.test.ts (21 tests) 3591ms
 ✓ runner/test/phase10-c0-lifecycle.test.ts (16 tests) 3494ms
   ✓ Phase 10 C0 frozen existing-byte lifecycle > independently re-derives all checks and executes all seven named controls  446ms
   ✓ Phase 10 C0 frozen existing-byte lifecycle > independently proves every exact control target and rejects no-op, wrong-target, and cross-target attacks  316ms
   ✓ Phase 10 C0 frozen existing-byte lifecycle > binds producer and evaluator provenance to the exact same retained preflight  308ms
   ✓ Phase 10 C0 frozen existing-byte lifecycle > writes both independently derived verification receipt schemas from resolved callables  431ms
   ✓ Phase 10 C0 frozen existing-byte lifecycle > installs derive and publish artifacts idempotently at only the registered destination  1750ms
 ✓ runner/test/phase5-wp0.test.ts (12 tests) 3191ms
   ✓ Phase 5 criteria freeze > runs the pre-GPU binary32 shadow inside the frozen envelope  3180ms
 ✓ runner/test/phase5-lk-reduction-shadow.test.ts (3 tests) 2999ms
   ✓ Phase 5 LK f32 reduction shadow > measures every frozen blocking LK topology before production WGSL exists  2992ms
 ✓ runner/test/nas-asset-transaction-lib.test.ts (43 tests | 6 skipped) 2377ms
 ✓ solver-cpu/test/surface-cycle-hardening.test.ts (18 tests) 2368ms
   ✓ SurfaceOperator cycle ownership hardening > makes direct and wrapper G-G cycles bit-identical with noise enabled  821ms
   ✓ SurfaceOperator cycle ownership hardening > makes direct and wrapper LK cycles bit-identical with noise enabled  462ms
 ✓ runner/test/named-crystal-hard-form-probes.test.ts (4 tests) 2115ms
   ✓ named-crystal hard-form probe tranche > materializes every custom seed as a fitting connected GG+ initial condition  2050ms
 ✓ core/test/lk-resume-checkpoint.test.ts (22 tests) 2024ms
   ✓ streamed LK resume checkpoint v3 > splits f64 fields exactly at the fixed chunk boundary without crossing field/alignment seams  1967ms
 ✓ runner/test/nas-assets-catalog.test.ts (9 tests) 1899ms
   ✓ tracked NAS asset catalogue > re-derives every machine-readable tracked owner selection  595ms
   ✓ tracked NAS asset catalogue > assigns every live ledger row to exactly one collection owner  1248ms
 ✓ runner/test/phase10-obligation-preflight.test.ts (14 tests) 1626ms
   ✓ Phase 10 A-P strict contracts > keeps every registered research output trackable with raw-byte-stable attributes  982ms
   ✓ Phase 10 A-P callable and receipt preflight > allows planned callables only at freeze and verifies resolved module identities for launch  354ms
 ✓ runner/test/grow-lk.test.ts (12 tests) 1668ms
   ✓ grow-lk policy/checkpoint evidence path > produces bit-identical compact checkpoints sequentially and in concurrent processes  639ms
 ✓ runner/test/named-crystal-baseline-probes.test.ts (3 tests) 1550ms
   ✓ named-crystal baseline probe tranche > materializes every custom profile as a fitting, connected GG+ seed  1479ms
 ✓ runner/test/phase6-wp2-ladder-eval.test.ts (24 tests) 1505ms
   ✓ Phase 6 WP2 ladder dispatcher lock and clamp (review H5) > clamps --concurrency to 1..12, the plan's recorded ceiling, by name  330ms
 ✓ runner/test/phase8-search-protocol-successor.test.ts (15 tests) 1498ms
 ✓ runner/test/phase6-independent-evidence-scripts.test.ts (10 tests) 1409ms
   ✓ Phase 6 independent evidence script labels > evaluates TAX2 M2 with its own unit prefactors, not CAK's A_prism curve  309ms
 ✓ runner/test/post-phase10-spatial.test.ts (1 test) 1271ms
   ✓ optional spatial boundary observations > records the converged pre-update boundary without changing numerical trajectories  1271ms
 ✓ solver-cpu/test/timeline-environment.test.ts (10 tests) 1306ms
   ✓ GGSolver abrupt environment transitions (ADR 0011) > rejects no-op, malformed, and non-finite targets atomically  438ms
   ✓ LKSolver abrupt environment transitions (ADR 0011) > invalid, no-op, overflowed, malformed, and impossible-density changes are atomic  391ms
 ✓ runner/test/phase8-target-book.test.ts (18 tests) 1079ms
   ✓ published Phase 8 freeze > re-derives the book, pins, and split from published bytes  968ms
 ✓ runner/test/post-phase10-cavity-analysis.test.ts (26 tests) 978ms
 ✓ runner/test/phase9-mgt-analytic.test.ts (18 tests) 998ms
   ✓ Phase 9 M-GT frozen foundation > exact-binds the final S0B bytes and retains every M-GT restriction as a physical-score block  327ms
   ✓ Phase 9 M-GT frozen foundation > exact-binds the knowledge files, equation sources, hypothesis, and prior diagnostic range  327ms
 ✓ runner/test/post-phase10-holefill.test.ts (11 tests) 1000ms
   ✓ bounded post-Phase-10 geometric-completion experiment > lists the separate larger campaign and applies the existing concurrency ceiling  316ms
   ✓ bounded post-Phase-10 geometric-completion experiment > lists four new rows without their reused controls and retains the 28-worker ceiling  315ms
 ✓ runner/test/phase10-c0v-s6-preflight-observer.test.ts (12 tests) 1025ms
   ✓ Phase 10 C0V S6 parent preflight observer > binds preflight authority to the exact active lock-issued parent watchdog  448ms
 ✓ runner/test/phase9-dbt-publication.test.ts (67 tests) 979ms
   ✓ Phase 9 D-BT source-data publication pipeline > skips an off-grid decrease and requires a later prepare-visible monotonic mutation  314ms
 ✓ runner/test/nas-asset-legacy-restore.test.ts (19 tests | 4 skipped) 979ms
   ✓ legacy NAS restore and restored-tree verifier > scans alias namespaces by directory rather than once per flat file  576ms
 ✓ runner/test/phase10-final-package.test.ts (3 tests) 881ms
   ✓ Phase 10 final package > matches the published report to its bound producer commit  860ms
 ✓ runner/test/post-phase10-facet-factorial.test.ts (8 tests) 856ms
   ✓ bounded post-Phase-10 facet factorial > lists the separate larger campaign and applies the existing concurrency ceiling  316ms
   ✓ bounded post-Phase-10 facet factorial > lists only those four launch rows and retains the 28-worker ceiling  332ms
 ✓ runner/test/named-crystal-final-direct-accept.test.ts (5 tests) 824ms
 ✓ runner/test/phase10-b-branches.test.ts (3 tests) 746ms
 ✓ runner/test/post-phase10-followup.test.ts (5 tests) 730ms
   ✓ post-Phase-10 follow-up wave 2 > runs one abrupt event at its exact first extent crossing  726ms
 ✓ runner/test/phase10-c0v-schema-promotion.test.ts (7 tests) 701ms
   ✓ Phase 10 C0V schema promotion > keeps every new research contract pretty-2 LF, trackable, and byte-stable  570ms
 ✓ runner/test/cli-entry.test.ts (6 tests) 646ms
 ✓ runner/test/gutcheck-build-index-catalog.test.ts (4 tests | 1 skipped) 660ms
   ✓ gutcheck index catalogue boundary > emits only catalogue-authorized logical NAS URLs from a marked share  335ms
 ✓ runner/test/gutcheck-growth-out.test.ts (2 tests) 631ms
   ✓ grow-params --growth-out > writes a gutcheck-growth-v1 asset the website decoder rules accept  424ms
 ✓ runner/test/named-crystal-final-resolution-production.test.ts (9 tests) 542ms
 ✓ runner/test/phase8-search-protocol.test.ts (22 tests) 562ms
 ✓ runner/test/discovery-budget.test.ts (11 tests) 543ms
 ✓ runner/test/hil-bld-batch-summary.test.ts (8 tests) 538ms
 ✓ runner/test/phase10-b-acquisition.test.ts (4 tests) 512ms
 ✓ runner/test/gutcheck-growth-baker.test.ts (11 tests) 545ms
 ✓ runner/test/evidence-integrity.test.ts (7 tests) 508ms
   ✓ evidence integrity (Phase 6 lessons, enforced) > every file in the manifest exists and matches its digest  411ms
 ✓ runner/test/phase9-mgp-intake.test.ts (15 tests) 355ms
 ✓ runner/test/post-phase10-basal-history.test.ts (4 tests) 486ms
 ✓ runner/test/gutcheck-animation-queue-cli.test.ts (1 test) 460ms
   ✓ gut-check animation queue CLI > plans portable A/B manifests and dry-runs both workers  459ms
 ✓ runner/test/depletion-metric.test.ts (3 tests) 491ms
 ✓ runner/test/phase6-ladder-reader.test.ts (3 tests) 453ms
 ✓ runner/test/gate4-aggregate.test.ts (17 tests) 503ms
 ✓ runner/test/nas-asset-restore-cli.test.ts (15 tests) 443ms
 ✓ solver-cpu/test/phase6-ablation-arm.test.ts (1 test) 393ms
   ✓ phase6 three-arm growth differential (WP2 sub-unit A) > CAK, M1, and M1_NO_DIP_ABLATION produce finite, converged, pairwise distinct states  392ms
 ✓ runner/test/vite-nas-serving.test.ts (23 tests | 3 skipped) 377ms
 ✓ runner/test/progress-index.test.ts (11 tests) 375ms
 ✓ solver-cpu/test/diffusion.test.ts (11 tests) 368ms
 ✓ runner/test/phase10-c0v-s6-semantic-fingerprint.test.ts (2 tests) 367ms
   ✓ Phase 10 C0V S6 semantic fingerprints > round-trips real A-P controls through independent reproof and verification-v2  352ms
 ✓ runner/test/phase6-wp2-ladder-independent.test.ts (4 tests) 352ms
 ✓ runner/test/post-phase10-basal-width.test.ts (4 tests) 325ms
 ✓ runner/test/phase9-measurement-adapters-row-parsers.test.ts (12 tests) 341ms
 ✓ runner/test/named-crystal-final-resolution-production-c.test.ts (5 tests) 333ms
 ✓ runner/test/phase8-focused-discovery.test.ts (3 tests) 326ms
 ✓ runner/test/post-phase10-cavity.test.ts (5 tests) 313ms
   ✓ post-Phase-10 cavity mechanism wave > lists the complete executable roster and rejects a worker request above the maker cap  307ms
 ✓ runner/test/named-crystal-direct-production.test.ts (5 tests) 297ms
 ✓ runner/test/phase10-c0v-s6-executor-dispatch.test.ts (19 tests) 324ms
 ✓ runner/test/named-crystal-direct-production-2.test.ts (6 tests) 273ms
 ✓ runner/test/gate4-evidence.test.ts (44 tests) 246ms
 ✓ runner/test/phase6-provenance.test.ts (12 tests) 263ms
 ✓ runner/test/named-crystal-final-compose.test.ts (4 tests) 251ms
 ✓ runner/test/nas-assets.test.ts (26 tests) 245ms
 ✓ runner/test/phase9-mf-mk2-publication.test.ts (7 tests) 237ms
 ✓ runner/test/phase6-protocol.test.ts (50 tests) 221ms
 ✓ runner/test/phase10-c0v-moving-static-reference.test.ts (10 tests) 202ms
 ✓ runner/test/gate3.test.ts (20 tests) 198ms
 ✓ runner/test/phase6-arm2.test.ts (38 tests) 192ms
 ✓ runner/test/phase6-heldout-source-lock.test.ts (7 tests) 205ms
 ✓ runner/test/nas-asset-selection-lib.test.ts (18 tests) 182ms
 ✓ runner/test/phase9-measurement-adapters.test.ts (20 tests) 190ms
 ✓ runner/test/phase6-arm3.test.ts (26 tests) 176ms
 ✓ runner/test/phase9-dbt-model.test.ts (27 tests) 169ms
 ✓ runner/test/rule7-lint.test.ts (3 tests) 151ms
 ✓ runner/test/phase9-source-overlay.test.ts (8 tests) 170ms
 ✓ runner/test/nas-asset-bootstrap.test.ts (21 tests | 2 skipped) 144ms
 ✓ runner/test/phase6-sweep.test.ts (39 tests) 149ms
 ✓ solver-cpu/test/operator.test.ts (3 tests) 138ms
 ✓ solver-cpu/test/gg-plus-solver.test.ts (4 tests) 142ms
 ✓ runner/test/phase10-c0v-s6-executor-worker.test.ts (6 tests) 130ms
 ✓ runner/test/phase9-mpk-residual-foundation.test.ts (5 tests) 121ms
 ✓ runner/test/gutcheck-growth-fleet.test.ts (5 tests) 106ms
 ✓ runner/test/gutcheck-photo-match-cli.test.ts (2 tests) 98ms
 ✓ runner/test/growth-study-assets.test.ts (5 tests) 91ms
 ✓ solver-cpu/test/dirichlet.test.ts (3 tests) 89ms
 ✓ runner/test/phase9-knowledge-source.test.ts (9 tests | 2 skipped) 78ms
 ✓ solver-gpu/test/layout.test.ts (10 tests) 85ms
 ✓ runner/test/post-phase10-discovery.test.ts (6 tests) 79ms
 ✓ app/test/gpuengine.test.ts (38 tests) 76ms
 ✓ runner/test/nas-asset-lib.test.ts (52 tests | 4 skipped) 58ms
 ✓ runner/test/named-crystal-final-resolution-c-cadence-repair.test.ts (5 tests) 78ms
 ✓ runner/test/phase8-plot-extraction-v3.test.ts (7 tests) 70ms
 ✓ runner/test/phase10-c0v-s6-worker-progress.test.ts (6 tests) 64ms
 ✓ app/test/dendrite-data.test.ts (3 tests) 60ms
 ✓ runner/test/gate4a-reference.test.ts (6 tests) 61ms
 ✓ runner/test/named-crystal-early-stop-probes.test.ts (3 tests) 59ms
 ✓ runner/test/phase10-c0v-s6-publication-finalization-paths.test.ts (2 tests) 60ms
 ✓ runner/test/named-crystal-direct-production-review.test.ts (2 tests) 55ms
 ✓ runner/test/phase8-plot-extraction.test.ts (17 tests) 55ms
 ✓ runner/test/phase8-benchmark-selection.test.ts (5 tests) 46ms
 ✓ runner/test/nas-mount-identity.test.ts (9 tests | 2 skipped) 36ms
 ✓ runner/test/phase8-bacon-successor.test.ts (4 tests) 43ms
 ✓ runner/test/phase9-mv-preflight.test.ts (2 tests) 44ms
 ✓ core/test/metrics.test.ts (32 tests) 43ms
 ✓ runner/test/phase8-corpus-local.test.ts (22 tests) 44ms
 ✓ core/test/libbrecht.test.ts (35 tests) 41ms
 ✓ runner/test/phase8-benchmark-final.test.ts (7 tests) 40ms
 ✓ core/test/lk-experimental-resume-checkpoint.test.ts (10 tests) 40ms
 ✓ runner/test/phase8-native-history.test.ts (8 tests) 38ms
 ✓ app/test/stoprule.test.ts (8 tests) 37ms
 ✓ app/test/inspect.test.ts (20 tests) 36ms
 ✓ runner/test/growth-gallery-restore.test.ts (4 tests) 24ms
 ✓ solver-gpu/test/gg-surface.test.ts (17 tests) 29ms
 ✓ runner/test/phase10-c0v-radial-reference.test.ts (10 tests) 30ms
 ✓ core/test/lattice.test.ts (13 tests) 29ms
 ✓ runner/test/render-worktrees-closeout-nas-publication.test.ts (3 tests) 28ms
 ✓ runner/test/phase10-c0v-s6-aggregate-parent.test.ts (2 tests) 31ms
 ✓ app/test/named-crystal-catalog-service.test.ts (2 tests) 25ms
 ✓ runner/test/phase10-c0v-contracts.test.ts (5 tests) 24ms
 ✓ app/test/ggtimeline.test.ts (7 tests) 25ms
 ✓ core/test/timeline.test.ts (20 tests) 24ms
 ✓ app/test/gutcheck-growth-format.test.ts (26 tests) 22ms
 ✓ core/test/checkpoint.test.ts (15 tests) 21ms
 ✓ app/test/gpu-instrument.test.ts (17 tests) 21ms
 ✓ runner/test/phase6-crossplatform.test.ts (13 tests) 21ms
 ✓ runner/test/phase9-ms-categorical.test.ts (8 tests) 20ms
 ✓ core/test/prng.test.ts (6 tests) 21ms
 ✓ runner/test/phase9-nas.test.ts (6 tests | 1 skipped) 20ms
 ✓ runner/test/hil-bld-batch-roster.test.ts (6 tests) 18ms
 ✓ runner/test/phase9-mf-mk2-model.test.ts (16 tests) 17ms
 ✓ solver-gpu/test/diffusion.test.ts (12 tests) 17ms
 ✓ runner/test/phase9-mh-msr-foundation.test.ts (8 tests) 18ms
 ✓ runner/test/phase9-transport-analytic.test.ts (20 tests) 18ms
 ✓ solver-gpu/test/lk-applied-noise.test.ts (10 tests) 16ms
 ✓ runner/test/phase9-dbt-preflight.test.ts (2 tests) 16ms
 ✓ app/test/gutcheck-scene-motion.test.ts (8 tests) 15ms
 ✓ runner/test/post-phase10-long.test.ts (2 tests) 15ms
 ✓ app/test/gpuview.test.ts (29 tests) 16ms
 ✓ solver-cpu/test/lk-cycle-phase.test.ts (5 tests) 16ms
 ✓ runner/test/suite-integrity.test.ts (4 tests) 14ms
 ✓ runner/test/phase6-size-strata.test.ts (8 tests) 14ms
 ✓ runner/test/phase9-hollowing-rivals.test.ts (12 tests) 13ms
 ✓ app/test/gutcheck-growth-comparison-record.test.ts (20 tests) 12ms
 ✓ runner/test/gate2b-v4-artifact.test.ts (2 tests) 11ms
 ✓ solver-gpu/test/transport.test.ts (10 tests) 11ms
 ✓ app/test/snapshot.test.ts (3 tests) 10ms
 ✓ runner/test/named-crystal-catalog.test.ts (4 tests) 9ms
 ✓ runner/test/gate5-readback-attribution.test.ts (16 tests) 10ms
 ✓ runner/test/pgm.test.ts (2 tests) 9ms
 ✓ runner/test/phase6-sdak.test.ts (13 tests) 9ms
 ✓ app/test/gutcheck-growth-framing.test.ts (2 tests) 9ms
 ✓ app/test/growth-statistics.test.ts (5 tests) 9ms
 ✓ core/test/target-observables.test.ts (26 tests) 8ms
 ✓ app/test/display.test.ts (10 tests) 8ms
 ✓ app/test/colormap.test.ts (8 tests) 8ms
 ✓ app/test/protocol.test.ts (15 tests) 7ms
 ✓ runner/test/phase6-diagram.test.ts (6 tests) 7ms
 ✓ runner/test/phase10-c0v-s6-watchdog-transition.test.ts (5 tests) 7ms
 ✓ runner/test/post-phase10-cavity-geometry.test.ts (6 tests) 7ms
 ✓ runner/test/gutcheck-growth-scientific-nas-publication.test.ts (2 tests) 6ms
 ✓ app/test/lkoverlays.test.ts (14 tests) 6ms
 ✓ runner/test/phase9-mv-eligibility.test.ts (6 tests) 6ms
 ✓ app/test/scenarios.test.ts (11 tests) 6ms
 ✓ app/test/growth-study-data.test.ts (3 tests) 5ms
 ✓ runner/test/phase10-c0v-s6-publication.test.ts (3 tests) 5ms
 ✓ solver-gpu/test/lk-conversion.test.ts (3 tests) 5ms
 ✓ app/test/gpudevice.test.ts (15 tests) 5ms
 ✓ app/test/slice.test.ts (11 tests) 5ms
 ✓ solver-cpu/test/spherical-reference.test.ts (10 tests) 5ms
 ✓ app/test/hexgeom.test.ts (8 tests) 5ms
 ✓ app/test/surface.test.ts (6 tests) 4ms
 ✓ core/test/params.test.ts (11 tests) 5ms
 ✓ runner/test/post-phase10-cavity-spatial.test.ts (5 tests) 5ms
 ✓ app/test/overlays.test.ts (14 tests) 5ms
 ✓ app/test/growth-comparison-contract.test.ts (3 tests) 4ms
 ✓ runner/test/phase10-c0v-s6-static-parent.test.ts (4 tests) 5ms
 ✓ app/test/gutcheck-animation-queue.test.ts (4 tests) 4ms
 ✓ runner/test/post-phase10-confirm.test.ts (3 tests) 4ms
 ✓ runner/test/post-phase10-adaptive.test.ts (4 tests) 4ms
 ✓ app/test/growth-scene.test.ts (5 tests) 4ms
 ✓ runner/test/phase10-c0v-s6-radial-publish-parent.test.ts (2 tests) 4ms
 ✓ solver-gpu/test/lk-input.test.ts (5 tests) 4ms
 ✓ runner/test/phase10-c0v-s6-radial-parent.test.ts (2 tests) 4ms
 ✓ app/test/hud.test.ts (8 tests) 4ms
 ✓ app/test/three-views.test.ts (2 tests) 4ms
 ✓ app/test/catalog-volume.test.ts (3 tests) 3ms
 ✓ runner/test/named-crystal-baseline-probe-review.test.ts (3 tests) 4ms
 ✓ runner/test/named-crystal-current-audit.test.ts (2 tests) 4ms
 ✓ app/test/readout.test.ts (6 tests) 3ms
 ✓ app/test/growth-asset.test.ts (2 tests) 3ms
 ✓ runner/test/phase10-c0v-s6-moving-locked-dispatch.test.ts (1 test) 3ms
 ✓ solver-gpu/test/lk-cycle.test.ts (2 tests) 3ms
 ✓ solver-gpu/test/gg-surface-numerical.test.ts (1 test) 3ms
 ✓ app/test/growth-scene-review-camera.test.ts (5 tests) 3ms
 ✓ app/test/growth-study-library.test.ts (3 tests) 3ms
 ✓ app/test/spike-gg-realism-frame.test.ts (3 tests) 2ms

 Test Files  233 passed (233)
      Tests  2990 passed | 55 skipped (3045)
   Start at  22:14:22
   Duration  1429.46s (transform 3.91s, setup 0ms, collect 41.95s, tests 1351.94s, environment 29ms, prepare 15.10s)

