
> virtual-cloud-chamber@0.0.0 test
> npm run lint:rule7 && npm run typecheck && vitest run


> virtual-cloud-chamber@0.0.0 lint:rule7
> node scripts/lint-rule7.mjs

rule7: clean (2344 files scanned)

> virtual-cloud-chamber@0.0.0 typecheck
> tsc --noEmit && tsc -p app --noEmit


 RUN  v3.2.7 C:/Users/biao3/Documents/GitHub/snowflake/.tmp-discovery-resume

 ✓ runner/test/phase10-c0v-s6-authority.test.ts (19 tests) 95039ms
   ✓ Phase 10 C0V S6 execution-v2 authority > binds recovery-v8 to the exact recovery-v7 stop and authorizes only moving-produce v4  302ms
   ✓ Phase 10 C0V S6 execution-v2 authority > independently closes all ten supplemental A-P graph checks  86583ms
   ✓ Phase 10 C0V S6 execution-v2 authority > executes the split missing-producer and uncalled-check mutations non-vacuously  502ms
   ✓ Phase 10 C0V S6 execution-v2 authority > strict-parses the canonical graph and registers every successor output schema once  2174ms
   ✓ Phase 10 C0V S6 execution-v2 authority > keeps every authority path unignored and byte-stable on checkout  3548ms
 ✓ solver-cpu/test/monopole-far-field.test.ts (10 tests) 94988ms
   ✓ monopole-matched far field > holds symmetry at the LARGEST fill-CFL, which is what amplifies a ulp shell error  14243ms
   ✓ monopole-matched far field — construction > holds the shell at exactly sigma_infinity until growth has been measured  390ms
   ✓ monopole-matched far field — its validity limit > stops being domain-independent below a limit that has to be measured per configuration  9751ms
 ✓ runner/test/gate4a.test.ts (89 tests) 77912ms
   ✓ gate4a derives all eight execution criteria from raw evidence > passes the complete synthetic 13-run evidence matrix  5344ms
   ✓ gate4a derives all eight execution criteria from raw evidence > A-EXEC-PROVENANCE trips alone  2277ms
   ✓ gate4a derives all eight execution criteria from raw evidence > A-EXEC-CONFIG trips alone  2709ms
   ✓ gate4a derives all eight execution criteria from raw evidence > A-EXEC-SYMMETRY trips alone on an internally consistent asymmetric delta  2440ms
   ✓ gate4a derives all eight execution criteria from raw evidence > A-EXEC-SYMMETRY trips alone on asymmetric boundary/vapor bits with symmetric occupancy  2446ms
   ✓ gate4a derives all eight execution criteria from raw evidence > A-EXEC-NOISE trips alone  2218ms
   ✓ gate4a derives all eight execution criteria from raw evidence > A-EXEC-NOISE alone owns representative run-disconnected evidence  2633ms
   ✓ gate4a derives all eight execution criteria from raw evidence > A-EXEC-MASS trips alone  2694ms
   ✓ gate4a derives all eight execution criteria from raw evidence > A-EXEC-DOMAIN trips alone  2688ms
   ✓ gate4a derives all eight execution criteria from raw evidence > A-EXEC-DOMAIN trips alone on a reconstructed contacting crystal  2818ms
   ✓ gate4a derives all eight execution criteria from raw evidence > A-EXEC-TERMINATION trips alone  2542ms
   ✓ gate4a derives all eight execution criteria from raw evidence > A-EXEC-TERMINATION trips alone on shifted threshold  2179ms
   ✓ gate4a derives all eight execution criteria from raw evidence > A-EXEC-TERMINATION trips alone on shifted cycle-0 mean  2178ms
   ✓ gate4a derives all eight execution criteria from raw evidence > A-EXEC-TERMINATION trips alone on far-field run carrying extent witness  2662ms
   ✓ gate4a derives all eight execution criteria from raw evidence > A-EXEC-TERMINATION rejects a size run carrying a far-field witness  1158ms
   ✓ gate4a derives all eight execution criteria from raw evidence > A-EXEC-TERMINATION alone owns a forged transition report and equal fabricated masses  2658ms
   ✓ gate4a derives all eight execution criteria from raw evidence > A-EXEC-NUMERIC trips alone on a reopened artifact byte mismatch  1118ms
   ✓ gate4a derives all eight execution criteria from raw evidence > A-EXEC-NUMERIC reconstruction rejects multi-witness mutation: orphan witness on an empty-delta row  308ms
   ✓ gate4a derives all eight execution criteria from raw evidence > A-EXEC-NUMERIC alone owns a representative malformed delta chain  760ms
   ✓ gate4a derives all eight execution criteria from raw evidence > A-EXEC-NUMERIC owns a checkpoint/scenario metric mismatch  1249ms
   ✓ gate4a branch morphology is nonvacuous against raw attachment chains > a coherent seed-only comparator changes only A-BRANCH from true to false  7496ms
   ✓ gate4a branch morphology is nonvacuous against raw attachment chains > rejects a grown final comparator whose attachment deltas are missing before morphology  1682ms
   ✓ gate4a artifact and checkpoint seams > reopens and cross-links the complete exact payload set  1153ms
   ✓ gate4a artifact and checkpoint seams > rejects Pass-A v1 manifest and scenario identities  1157ms
   ✓ gate4a artifact and checkpoint seams > rejects byte mutations in every Pass-A artifact family  1868ms
   ✓ gate4a artifact and checkpoint seams > rejects missing scenario farFieldWitness metadata keys or types  1038ms
   ✓ gate4a artifact and checkpoint seams > rejects extra scenario farFieldWitness metadata keys or types  1029ms
   ✓ gate4a artifact and checkpoint seams > rejects renamed scenario farFieldWitness metadata keys or types  1029ms
   ✓ gate4a artifact and checkpoint seams > rejects mistyped scenario farFieldWitness metadata keys or types  1031ms
   ✓ gate4a artifact and checkpoint seams > A-EXEC-CONFIG owns corrupt manifest bytes: invalid UTF-8  1313ms
   ✓ gate4a artifact and checkpoint seams > A-EXEC-CONFIG owns corrupt manifest bytes: invalid JSON  1310ms
   ✓ gate4a artifact and checkpoint seams > A-EXEC-CONFIG owns corrupt manifest bytes: noncanonical whitespace  1329ms
   ✓ gate4a artifact and checkpoint seams > A-EXEC-CONFIG owns corrupt manifest bytes: BOM-prefixed canonical bytes  1306ms
   ✓ gate4a artifact and checkpoint seams > A-EXEC-CONFIG owns corrupt manifest bytes: canonical bytes off the freeze  1303ms
   ✓ gate4a artifact and checkpoint seams > rejects a canonically re-encoded noise header mutation with unchanged field bytes  1714ms
   ✓ gate4a serial orchestration seams > executes the frozen matrix serially without a cross-run resolver  4759ms
 ✓ runner/test/phase10-scope-overlay.test.ts (24 tests) 43906ms
   ✓ Phase 10 A-S scope overlay > rejects a coordinated zero-blocker validation-credit upgrade even with repaired report and index  559ms
   ✓ Phase 10 A-S scope overlay > rejects a coordinated producer-provenance rewrite even with a repaired artifact index  576ms
   ✓ Phase 10 A-S scope overlay > requires the exact candidate-local receipt path at the CLI boundary  801ms
   ✓ Phase 10 A-S static packet lifecycle > rejects a structurally valid committed post-freeze classification-protocol drift  1347ms
   ✓ Phase 10 A-S static packet lifecycle > requires an exact passing A-P dependency lifecycle before A-S preflight  12240ms
   ✓ Phase 10 A-S static packet lifecycle > executes the exact clean-head produce, verify, publish sequence and resumes exact publication  5322ms
   ✓ Phase 10 A-S static packet lifecycle > refuses a dirty preflight and a tampered retained observed runtime  3427ms
   ✓ Phase 10 A-S static packet lifecycle > rejects terminal obligation-set drift and malformed mutation witnesses  4985ms
   ✓ Phase 10 A-S static packet lifecycle > prevalidates a conflicting receipt destination and safely retries after its removal  4773ms
   ✓ Phase 10 A-S static packet lifecycle > resumes either exact scope-only or receipt-only partial publication orientation  8580ms
 ✓ app/test/phase4-verify.test.ts (59 tests) 40082ms
   ✓ frozen run completeness and provenance > the visual harness rejects a Pass-A v1 bundle before capture output exists  319ms
   ✓ real publication provenance is derived from recorded Git objects > accepts immutable recorded commits without requiring recorded HEAD == current HEAD  362ms
   ✓ real publication provenance is derived from recorded Git objects > rejects solver source rewrites at an otherwise descendant recorded commit  1714ms
   ✓ visual harness test-hook isolation > an ordinary harness without IPC never activates or waits for a test hook  333ms
   ✓ visual harness output-parent swap hooks > fails closed when the absent output parent becomes a Pass A junction after the verifying log  337ms
   ✓ visual harness output-parent swap hooks > cleans trusted staging when the output parent becomes a Pass A junction after staging  343ms
   ✓ visual harness staged-file hard-link attacks > rejects a first-PNG destination precreated as a hard link to the Pass A manifest  4411ms
   ✓ visual harness staged-file hard-link attacks > rejects a staged manifest precreated as a hard link to the Pass A report  10277ms
   ✓ visual harness staged-file hard-link attacks > rejects a post-create external hard link before publication  10149ms
   ✓ visual harness staged-file hard-link attacks > rolls back and rejects a post-rename external hard link before publication verification  10277ms
 ✓ runner/test/phase10-c0v-s6-executor.test.ts (67 tests) 40016ms
   ✓ Phase 10 C0V S6 filesystem and closure refusal boundary > reopens the exact nine-generation stop before recovery-v9 lock acquisition  390ms
   ✓ Phase 10 C0V S6 filesystem and closure refusal boundary > reopens the accepted V5 A-P freeze from Git after the V8 source successor  10678ms
   ✓ Phase 10 C0V S6 filesystem and closure refusal boundary > requires the live run-lock token before any current A-P candidate write  4483ms
   ✓ Phase 10 C0V S6 filesystem and closure refusal boundary > raw-projects all seven produce cap prefixes with a strict equality boundary  670ms
   ✓ Phase 10 C0V S6 filesystem and closure refusal boundary > admits only exact freeze lifecycle dirt and a normal launch-HEAD index  798ms
   ✓ Phase 10 C0V S6 filesystem and closure refusal boundary > serializes distinct packets under the catalogue-bound package lock  371ms
   ✓ Phase 10 C0V S6 filesystem and closure refusal boundary > rejects materialized successor runs before locking and admits verify-existing  909ms
   ✓ Phase 10 C0V S6 filesystem and closure refusal boundary > binds resolution metadata to the exact HEAD blob while accepting only Git-equivalent EOLs  436ms
   ✓ Phase 10 C0V S6 filesystem and closure refusal boundary > rejects hard-linked source closure bytes and alternate loaders  6243ms
   ✓ Phase 10 C0V S6 filesystem and closure refusal boundary > rejects a coherently changed assume-unchanged manifest and dependency  307ms
   ✓ Phase 10 C0V S6 filesystem and closure refusal boundary > reopens a historical launch manifest after a later evidence-manifest commit  359ms
   ✓ Phase 10 C0V S6 filesystem and closure refusal boundary > admits only exact direct prototype inspections in trusted strict parsers  2814ms
   ✓ Phase 10 C0V S6 filesystem and closure refusal boundary > rejects node:fs from the radial producer builtin closure  587ms
   ✓ Phase 10 C0V S6 filesystem and closure refusal boundary > rejects node:child_process from the radial producer builtin closure  592ms
   ✓ Phase 10 C0V S6 filesystem and closure refusal boundary > resolves the live publish producer, verifier, and check-caller closures under exact builtin rosters  8483ms
   ✓ Phase 10 C0V S6 filesystem and closure refusal boundary > rejects tuning a producer dependency that existed at the science freeze  513ms
 ✓ runner/test/phase10-intake.test.ts (12 tests) 38346ms
   ✓ Phase 10 A-I synthetic lifecycle > runs exact produce, safely resumes a partial candidate, verifies, and publishes beside unchanged A-S bytes  10612ms
   ✓ Phase 10 A-I synthetic lifecycle > refuses duplicate artifacts, wrong dependency, and wrong evaluator provenance before any new write  7344ms
   ✓ Phase 10 A-I synthetic lifecycle > rejects a producer-only shared currency-derivation bug  4507ms
   ✓ Phase 10 A-I synthetic lifecycle > rejects an implementation that omits a registered check-caller invocation  4892ms
   ✓ Phase 10 A-I synthetic lifecycle > refuses a committed post-freeze support-module drift  3835ms
   ✓ Phase 10 A-I freeze-before-input ordering > refuses observation from a descendant HEAD before any endpoint or NAS operation  2652ms
 ✓ runner/test/phase10-executor.test.ts (13 tests) 41074ms
   ✓ Phase 10 bounded non-solver executor > losing concurrent run acquires no authorization observation before the writer lock  2158ms
   ✓ Phase 10 bounded non-solver executor > runs a read-only preflight against a clean committed synthetic code freeze without opening rows  3596ms
   ✓ Phase 10 bounded non-solver executor > rejects stage-set, command, path, and resource mutations in retained preflight bytes  2729ms
   ✓ Phase 10 bounded non-solver executor > rejects dependency schema substitution and callable, preflight, and eager-worker transitive drift  11770ms
   ✓ Phase 10 bounded non-solver executor > accepts the registered c0-publish dependency schema and rejects a generic-schema substitution  8299ms
   ✓ Phase 10 bounded non-solver executor > validates the distinct c0-publish independent-verification dependency shape and six-artifact roster  12231ms
 ✓ runner/test/gate4b.test.ts (78 tests) 38661ms
   ✓ gate4b derives all twelve execution criteria from raw evidence > passes the complete synthetic 11-run evidence matrix  1364ms
   ✓ gate4b derives all twelve execution criteria from raw evidence > records all eight diagnostic morphology verdicts on the same matrix  361ms
   ✓ gate4b derives all twelve execution criteria from raw evidence > B-EXEC-PROVENANCE trips alone  833ms
   ✓ gate4b derives all twelve execution criteria from raw evidence > B-EXEC-CONFIG trips alone  1111ms
   ✓ gate4b derives all twelve execution criteria from raw evidence > B-EXEC-TERMINATION trips alone  1086ms
   ✓ gate4b derives all twelve execution criteria from raw evidence > B-EXEC-SYMMETRY trips alone on an internally consistent asymmetric delta  1105ms
   ✓ gate4b derives all twelve execution criteria from raw evidence > B-EXEC-NOISE trips alone on a shifted witness stream  938ms
   ✓ gate4b derives all twelve execution criteria from raw evidence > B-EXEC-CONVERGENCE trips alone  1117ms
   ✓ gate4b derives all twelve execution criteria from raw evidence > B-EXEC-SURFACE trips alone  1103ms
   ✓ gate4b derives all twelve execution criteria from raw evidence > B-EXEC-LEDGER trips alone  1099ms
   ✓ gate4b derives all twelve execution criteria from raw evidence > B-EXEC-PECLET trips alone  1110ms
   ✓ gate4b derives all twelve execution criteria from raw evidence > B-EXEC-CHECKPOINT trips alone  599ms
   ✓ gate4b derives all twelve execution criteria from raw evidence > B-EXEC-NUMERIC trips alone on a reopened artifact byte mismatch  406ms
   ✓ gate4b derives all twelve execution criteria from raw evidence > B-EXEC-COMPLETE trips alone on a missing registered sweep point  1001ms
   ✓ gate4b derives all twelve execution criteria from raw evidence > B-EXEC-COMPLETE trips alone on a duplicated registered record  874ms
   ✓ gate4b rejects the registered LK negative list by name > wrong surface policy fails B-EXEC-CONFIG  318ms
   ✓ gate4b rejects the registered LK negative list by name > reflecting far field fails B-EXEC-CONFIG  302ms
   ✓ gate4b rejects the registered LK negative list by name > a legacy-v3 checkpoint artifact fails B-EXEC-CHECKPOINT  612ms
   ✓ gate4b rejects the registered LK negative list by name > a checkpoint policy shift fails B-EXEC-CHECKPOINT  613ms
   ✓ gate4b rejects the registered LK negative list by name > residual-only convergence claims fail B-EXEC-CONVERGENCE  1127ms
   ✓ gate4b rejects the registered LK negative list by name > a forged divergence report that disagrees with shell/exchange fails B-EXEC-CONVERGENCE  1120ms
   ✓ gate4b rejects the registered LK negative list by name > clipped-demand omission fails B-EXEC-LEDGER  1111ms
   ✓ gate4b rejects the registered LK negative list by name > an incomplete temperature sweep fails B-EXEC-COMPLETE  999ms
   ✓ gate4b noise witnesses are independently recomputed > a divergent same-seed replay fails B-EXEC-NOISE alone  1136ms
   ✓ gate4b noise witnesses are independently recomputed > a witness cell set detached from the reconstructed boundary fails B-EXEC-NOISE  1111ms
   ✓ gate4b noise witnesses are independently recomputed > epsilon/seed round-trip through the frozen LK v2 checkpoint is enforced  943ms
   ✓ gate4b timeline evidence is independently recomputed > clamping the transformed negatives to zero fails the bitwise density transform  1134ms
   ✓ gate4b timeline evidence is independently recomputed > the cross-temperature vapor ledger catches final-temperature multiplication by name  1134ms
   ✓ gate4b artifact and checkpoint seams > reopens and cross-links the complete exact payload set  440ms
   ✓ gate4b artifact and checkpoint seams > rejects byte mutations in every Pass-B artifact family  1254ms
   ✓ gate4b artifact and checkpoint seams > B-EXEC-CONFIG owns corrupt manifest bytes: invalid UTF-8  394ms
   ✓ gate4b artifact and checkpoint seams > B-EXEC-CONFIG owns corrupt manifest bytes: invalid JSON  392ms
   ✓ gate4b artifact and checkpoint seams > B-EXEC-CONFIG owns corrupt manifest bytes: noncanonical whitespace  389ms
   ✓ gate4b artifact and checkpoint seams > B-EXEC-CONFIG owns corrupt manifest bytes: BOM-prefixed canonical bytes  389ms
   ✓ gate4b artifact and checkpoint seams > B-EXEC-CONFIG owns corrupt manifest bytes: canonical bytes off the freeze  399ms
   ✓ gate4b serial orchestration seams > executes the frozen matrix serially and publishes a verifiable bundle on validity  1727ms
   ✓ gate4b serial orchestration seams > records diagnostic morphology misses without blocking exit 0 or publication  1695ms
   ✓ gate4b serial orchestration seams > an execution-integrity failure publishes nothing and exits 1 by name  1452ms
   ✓ gate4b serial orchestration seams > refuses to present an execution-valid verdict without a verified publication  1167ms
   ✓ gate4b serial orchestration seams > refuses to present an execution-invalid verdict that carries a publication  1456ms
   ✓ gate4b real solver integration (tiny dims) > captures a validated dual-outcome noise witness and replays bit-identically  697ms
 ✓ runner/test/gate5-runner.test.ts (27 tests) 36678ms
   ✓ Phase 5 lane runner > publishes only after stable clean provenance and source snapshots  1991ms
   ✓ Phase 5 lane runner > removes the canonical lane when source identity drifts after rename  1173ms
   ✓ Phase 5 lane runner > runs the probe from the snapshot root, never the live working tree  1560ms
   ✓ Phase 5 immutable source snapshot > exports a detached commit-bound worktree that live edits cannot change  694ms
   ✓ Phase 5 immutable source snapshot > derives the registered inventory from the commit, not from the checkout  922ms
   ✓ Phase 5 immutable source snapshot > releases the snapshot when the inventory read fails  476ms
   ✓ Phase 5 immutable source snapshot > removes the snapshot without descending into the installed dependencies  508ms
   ✓ Phase 5 immutable source snapshot > quarantines the snapshot before any recursive removal  445ms
   ✓ Phase 5 immutable source snapshot > refuses to delete a replacement that appears at the private snapshot path  449ms
   ✓ Phase 5 aggregate gate > reopens the lane, re-derives all criteria, and commits the index last  2744ms
   ✓ Phase 5 aggregate gate > re-derives the lane's commit inventory with no seams at all  4558ms
   ✓ Phase 5 aggregate gate > rejects a lane from another commit  1977ms
   ✓ Phase 5 aggregate gate > rejects source drift before aggregate publication  1593ms
   ✓ Phase 5 aggregate gate > detects post-publication lane mutation and removes only its aggregate files  1963ms
   ✓ Phase 5 aggregate gate > refuses to delete a replacement aggregate report during failed cleanup  2339ms
   ✓ Phase 5 aggregate gate > recovers an authenticated orphan report after an interrupted publication  3160ms
   ✓ Phase 5 aggregate gate > rejects aggregate report mutation against its commit marker  2732ms
   ✓ Phase 5 aggregate gate > rejects hard-linked aggregate artifacts  2720ms
   ✓ Phase 5 aggregate gate > never overwrites completed aggregate evidence  2382ms
   ✓ Phase 5 aggregate gate > rejects unindexed aggregate-directory entries  1564ms
   ✓ Phase 5 aggregate gate > makes both public commands flagless at the CLI boundary  310ms
 ✓ runner/test/phase10-c0v-reference-lifecycle.test.ts (12 tests) 34651ms
   ✓ Phase 10 C0V neutral S5 reference lifecycle > supplies frozen static source bytes to the independent refusal checker  2104ms
   ✓ Phase 10 C0V neutral S5 reference lifecycle > derives, independently checks, publishes, and retries exact synthetic bytes  7273ms
   ✓ Phase 10 C0V neutral S5 reference lifecycle > publishes a registered discrepancy refusal instead of silently dropping the artifact  5520ms
   ✓ Phase 10 C0V neutral S5 reference lifecycle > reexecutes the independent check and rejects a post-check receipt mutation  3756ms
   ✓ Phase 10 C0V neutral S5 reference lifecycle > rejects an unknown field in a scientific candidate before independent checking  2029ms
   ✓ Phase 10 C0V neutral S5 reference lifecycle > rejects tracked code drift and untracked static source locators  655ms
   ✓ Phase 10 C0V neutral S5 reference lifecycle > accepts Git-equivalent CRLF only for package metadata and keeps protocol bytes exact  2893ms
   ✓ Phase 10 C0V neutral S5 reference lifecycle > recursively detects a forbidden dynamic local import  685ms
   ✓ Phase 10 C0V neutral S5 reference lifecycle > rejects an aliased staging parent before writing an attempt  1137ms
   ✓ Phase 10 C0V neutral S5 reference lifecycle > rejects a retained publication timestamp that predates its independent check  3759ms
   ✓ Phase 10 C0V neutral S5 reference lifecycle > rejects future timestamps at the derive and check command boundaries  4840ms
 ✓ solver-cpu/test/lk-hole-filling.test.ts (9 tests) 29544ms
   ✓ ADR 0056 geometric completion counterfactual > -4.5 M1: enabled preserves ordinary evolution including geometric completion  4541ms
   ✓ ADR 0056 geometric completion counterfactual > -4.5 M1_NO_DIP_ABLATION: enabled preserves ordinary evolution including geometric completion  9539ms
   ✓ ADR 0056 geometric completion counterfactual > -5 M1: enabled preserves ordinary evolution including geometric completion  4416ms
   ✓ ADR 0056 geometric completion counterfactual > -5 M1_NO_DIP_ABLATION: enabled preserves ordinary evolution including geometric completion  9681ms
   ✓ ADR 0056 geometric completion counterfactual > M1 still grows kinetically with exact attached symmetry at fill-CFL 0.2  504ms
   ✓ ADR 0056 geometric completion counterfactual > M1_NO_DIP_ABLATION still grows kinetically with exact attached symmetry at fill-CFL 0.2  567ms
 ✓ solver-cpu/test/lk-solver.test.ts (41 tests) 21417ms
   ✓ LKSolver — divergence identity (§4.4 test 3) > at convergence, Dirichlet injection equals signed net boundary exchange  404ms
   ✓ LKSolver — ledger identity (§4.4 test 4) > fill ledger + hole-fill deficit account for every attached cell and every partial fill  2960ms
   ✓ LKSolver — ledger identity (§4.4 test 4) > NON-TAUTOLOGICAL: the ledger delta equals independently recomputed kinetic demand  989ms
   ✓ LKSolver — legacy-v3 sink-vs-demand regression > COMPUTED: legacy Robin absorption vs converged-field per-sweep demand  1816ms
   ✓ LKSolver — fill-CFL (§4.4 test 5, kinetic-only per the round-2 correction) > no growth step's KINETIC fill ever exceeds the bound  2613ms
   ✓ LKSolver — growth, determinism, symmetry > a crystal grows at all (plan, Stage 2b check)  3929ms
   ✓ LKSolver — growth, determinism, symmetry > two runs with the same options are bit-identical (pinned-oracle scope)  3504ms
   ✓ LKSolver — growth, determinism, symmetry > noise off, hexPrism: every attachment delta is D6h-invariant and the full metric reads 0  3931ms
   ✓ opposing-vapor mean, D6h equivariance > v6 is an ordering change only: it reaches the same state v5 does at this scale  470ms
 ✓ solver-cpu/test/prepared-kinetics.test.ts (35 tests) 15944ms
   ✓ prepared LK kinetics are a bit-identical solver refactor > CAK_A1 legacy-v3 noise=0  519ms
   ✓ prepared LK kinetics are a bit-identical solver refactor > CAK_A1 legacy-v3 noise=0.375  484ms
   ✓ prepared LK kinetics are a bit-identical solver refactor > CAK_A1 aggregate-hv-g1h1-v4 noise=0  478ms
   ✓ prepared LK kinetics are a bit-identical solver refactor > CAK_A1 aggregate-hv-g1h1-v4 noise=0.375  475ms
   ✓ prepared LK kinetics are a bit-identical solver refactor > CAK_A1 aggregate-hv-g1h1-v5 noise=0  479ms
   ✓ prepared LK kinetics are a bit-identical solver refactor > CAK_A1 aggregate-hv-g1h1-v5 noise=0.375  478ms
   ✓ prepared LK kinetics are a bit-identical solver refactor > CAK_A1 aggregate-hv-g1h1-v6 noise=0  477ms
   ✓ prepared LK kinetics are a bit-identical solver refactor > CAK_A1 aggregate-hv-g1h1-v6 noise=0.375  480ms
   ✓ prepared LK kinetics are a bit-identical solver refactor > CAK legacy-v3 noise=0  478ms
   ✓ prepared LK kinetics are a bit-identical solver refactor > CAK legacy-v3 noise=0.375  476ms
   ✓ prepared LK kinetics are a bit-identical solver refactor > CAK aggregate-hv-g1h1-v4 noise=0  479ms
   ✓ prepared LK kinetics are a bit-identical solver refactor > CAK aggregate-hv-g1h1-v4 noise=0.375  484ms
   ✓ prepared LK kinetics are a bit-identical solver refactor > CAK aggregate-hv-g1h1-v5 noise=0  481ms
   ✓ prepared LK kinetics are a bit-identical solver refactor > CAK aggregate-hv-g1h1-v5 noise=0.375  474ms
   ✓ prepared LK kinetics are a bit-identical solver refactor > CAK aggregate-hv-g1h1-v6 noise=0  475ms
   ✓ prepared LK kinetics are a bit-identical solver refactor > CAK aggregate-hv-g1h1-v6 noise=0.375  474ms
   ✓ prepared LK kinetics are a bit-identical solver refactor > M1 legacy-v3 noise=0  477ms
   ✓ prepared LK kinetics are a bit-identical solver refactor > M1 legacy-v3 noise=0.375  480ms
   ✓ prepared LK kinetics are a bit-identical solver refactor > M1 aggregate-hv-g1h1-v4 noise=0  490ms
   ✓ prepared LK kinetics are a bit-identical solver refactor > M1 aggregate-hv-g1h1-v4 noise=0.375  480ms
   ✓ prepared LK kinetics are a bit-identical solver refactor > M1 aggregate-hv-g1h1-v5 noise=0  480ms
   ✓ prepared LK kinetics are a bit-identical solver refactor > M1 aggregate-hv-g1h1-v5 noise=0.375  481ms
   ✓ prepared LK kinetics are a bit-identical solver refactor > M1 aggregate-hv-g1h1-v6 noise=0  474ms
   ✓ prepared LK kinetics are a bit-identical solver refactor > M1 aggregate-hv-g1h1-v6 noise=0.375  476ms
   ✓ prepared LK kinetics are a bit-identical solver refactor > M1_NO_DIP_ABLATION legacy-v3 noise=0  480ms
   ✓ prepared LK kinetics are a bit-identical solver refactor > M1_NO_DIP_ABLATION legacy-v3 noise=0.375  478ms
   ✓ prepared LK kinetics are a bit-identical solver refactor > M1_NO_DIP_ABLATION aggregate-hv-g1h1-v4 noise=0  490ms
   ✓ prepared LK kinetics are a bit-identical solver refactor > M1_NO_DIP_ABLATION aggregate-hv-g1h1-v4 noise=0.375  481ms
   ✓ prepared LK kinetics are a bit-identical solver refactor > M1_NO_DIP_ABLATION aggregate-hv-g1h1-v5 noise=0  480ms
   ✓ prepared LK kinetics are a bit-identical solver refactor > M1_NO_DIP_ABLATION aggregate-hv-g1h1-v5 noise=0.375  484ms
   ✓ prepared LK kinetics are a bit-identical solver refactor > M1_NO_DIP_ABLATION aggregate-hv-g1h1-v6 noise=0  482ms
   ✓ prepared LK kinetics are a bit-identical solver refactor > M1_NO_DIP_ABLATION aggregate-hv-g1h1-v6 noise=0.375  474ms
 ✓ runner/test/gate5-evidence.test.ts (51 tests) 15710ms
   ✓ Phase 5 lane evidence publication > publishes and independently reopens the complete indexed graph  2376ms
   ✓ Phase 5 lane evidence publication > reconstructs an interleaved global readback audit from per-fixture artifacts  1576ms
   ✓ Phase 5 lane evidence publication > uses the real core decoders when no test-only checkpoint seam is supplied  414ms
   ✓ Phase 5 lane evidence publication > rejects UTF-8 BOMs in terminal evidence  417ms
   ✓ Phase 5 lane evidence publication > rejects an indexed artifact byte mutation after publication  1569ms
   ✓ Phase 5 lane evidence publication > rejects noncanonical JSON even if a caller edits a JSON artifact directly  1571ms
   ✓ Phase 5 lane evidence publication > rejects unindexed extra files  1588ms
   ✓ Phase 5 lane evidence publication > rejects a coherent index kind shift against the frozen artifact graph  1561ms
   ✓ Phase 5 lane evidence publication > rejects hard-linked artifacts and removes its private failed attempt  396ms
   ✓ Phase 5 lane evidence publication > detects a staging mutation before rename and leaves no canonical lane  797ms
   ✓ Phase 5 lane evidence publication > refuses to delete a replacement that appears at the private staging path  791ms
   ✓ ADR-0019 G-G Dirichlet corrected-mass ledger > publishes the complete registered chronology and both device witnesses  1962ms
   ✓ ADR-0019 G-G Dirichlet corrected-mass ledger > rejects a negative-control roster the runner's own replay does not observe  364ms
 ✓ solver-cpu/test/lk-facet-dips.test.ts (8 tests) 14473ms
   ✓ ADR 0055 finite facet preparation > -4.5 both preserves ordinary evolution through attachment  3503ms
   ✓ ADR 0055 finite facet preparation > -4.5 neither preserves ordinary evolution through attachment  3344ms
   ✓ ADR 0055 finite facet preparation > -5 both preserves ordinary evolution through attachment  3473ms
   ✓ ADR 0055 finite facet preparation > -5 neither preserves ordinary evolution through attachment  3345ms
 ✓ runner/test/gate4-protocol.test.ts (90 tests) 13597ms
   ✓ Phase 4 hollow ensemble validators > recomputes real open-tube geometry and passes distinct streams plus a full-state replay  409ms
   ✓ Phase 4 hollow ensemble validators > rejects raw guard mutation: 'missing canonical seed site'  310ms
   ✓ Phase 4 hollow ensemble validators > rejects raw guard mutation: 'extra canonical seed site'  305ms
   ✓ Phase 4 hollow ensemble validators > rejects raw guard mutation: 'shifted canonical seed'  476ms
   ✓ Phase 4 hollow ensemble validators > rejects raw guard mutation: 'wrong dimensions'  492ms
   ✓ Phase 4 hollow ensemble validators > rejects raw guard mutation: 'previous occupancy not subset of final'  304ms
   ✓ Phase 4 hollow ensemble validators > rejects raw guard mutation: 'wrong previous raw extent'  303ms
   ✓ Phase 4 hollow ensemble validators > rejects raw guard mutation: 'wrong final raw extent'  301ms
   ✓ Phase 4 hollow ensemble validators > rejects a reused ensemble execution identity through A-HOLLOW-NONVACUOUS  359ms
   ✓ Phase 4 hollow ensemble validators > rejects independent replay divergence in 'previous occupancy'  356ms
   ✓ Phase 4 hollow ensemble validators > rejects independent replay divergence in 'final occupancy'  352ms
   ✓ Phase 4 hollow ensemble validators > rejects independent replay divergence in 'surface field'  357ms
   ✓ Phase 4 hollow ensemble validators > rejects independent replay divergence in 'vapor field'  360ms
   ✓ Phase 4 hollow ensemble validators > rejects raw solid, sealed, pre-hollowed, and domain-contact geometry by A-HOLLOW-EACH  1473ms
   ✓ Phase 4 hollow ensemble validators > ignores fabricated metric claims and independently derives a solid failure  360ms
   ✓ Phase 4 hollow ensemble validators > rejects seed-vacuous occupancy, replay divergence, identity reuse, and overlapping buffers  1462ms
   ✓ Phase 4 hollow ensemble validators > keeps structural inspection independent from raw morphology checks  363ms
   ✓ Phase 4 hollow ensemble validators > keeps B hollowing diagnostic while recomputing the registered B-domain geometry  307ms
   ✓ Phase 4 hollow ensemble validators > enforces the 12,000-cycle cap on every Pass A hollow primary and replay  2020ms
 ✓ solver-cpu/test/lk-resume.test.ts (16 tests) 13373ms
   ✓ LK v3 field-adopting restore > CAK: direct, checkpoint-every-cycle, and multiply resumed evolution are exact  5575ms
   ✓ LK v3 field-adopting restore > M1: direct, checkpoint-every-cycle, and multiply resumed evolution are exact  5539ms
   ✓ LK v3 field-adopting restore > CAK: converged multi-sweep continuation remains exact after nonlinear events  1116ms
   ✓ LK v3 field-adopting restore > M1: converged multi-sweep continuation remains exact after nonlinear events  1125ms
 ✓ runner/test/phase10-c0v-s6-lifecycle.test.ts (5 tests) 10935ms
   ✓ Phase 10 C0V S6 lifecycle whole-file publication overlay > reopens the accepted A-P lifecycle through its retained recovery-v5 protocol only  10774ms
 ✓ runner/test/phase10-c0v-s6-historical-ap.test.ts (1 test) 10990ms
   ✓ Phase 10 C0V S6 accepted historical A-P reopen > reopens the complete accepted prefix through its retained V5 protocol and exact 15 paths  10838ms
 ✓ runner/test/phase10-ap-lifecycle.test.ts (5 tests) 10704ms
   ✓ Phase 10 A-P retained lifecycle > runs the exact produce/verify/publish commands and republishes only identical bytes  4909ms
   ✓ Phase 10 A-P retained lifecycle > refuses CLI omission and a receipt path outside the candidate  1350ms
   ✓ Phase 10 A-P retained lifecycle > rejects verification-path, duplicate-attempt-root, and packet-path catalogue mutations  893ms
   ✓ Phase 10 A-P retained lifecycle > rejects checkout-unstable callable bytes  906ms
   ✓ Phase 10 A-P retained lifecycle > rejects post-verification control tampering and handcrafted execution provenance  2645ms
 ✓ runner/test/discovery-resume.test.ts (18 tests) 9444ms
   ✓ discovery row continuation > serializes stale-owner replacement and admits only one of two real worker contenders  610ms
   ✓ discovery row continuation > matches complete scientific output across multiple resumes: ordinary  544ms
   ✓ discovery row continuation > matches complete scientific output across multiple resumes: no-dip  504ms
   ✓ discovery row continuation > matches complete scientific output across multiple resumes: both  512ms
   ✓ discovery row continuation > matches complete scientific output across multiple resumes: neither  480ms
   ✓ discovery row continuation > matches complete scientific output across multiple resumes: basal-only  491ms
   ✓ discovery row continuation > matches complete scientific output across multiple resumes: prism-only  509ms
   ✓ discovery row continuation > matches complete scientific output across multiple resumes: width  499ms
   ✓ discovery row continuation > matches complete scientific output across multiple resumes: early width  514ms
   ✓ discovery row continuation > matches complete scientific output across multiple resumes: warm to cold  535ms
   ✓ discovery row continuation > matches complete scientific output across multiple resumes: cold to warm no-dip  1743ms
   ✓ discovery row continuation > preserves and removes uncommitted event/snapshot tails, ignoring an incomplete generation  359ms
   ✓ discovery row continuation > continues an actually killed worker in a fresh process with identical scientific output  1278ms
 ✓ runner/test/gate5-protocol.test.ts (47 tests) 7158ms
   ✓ Phase 5 negative controls executed at their named boundary > re-derives the unmutated capture's raw evidence from its own payload  381ms
   ✓ Phase 5 negative controls executed at their named boundary > returns the frozen control inventory in registered order  357ms
   ✓ Phase 5 negative controls executed at their named boundary > observes an owner-independent failing set for the tolerance bypass  356ms
   ✓ Phase 5 negative controls executed at their named boundary > NC-WINDOWS-BACKEND-RELABEL corrupts its named evidence and is refused by the evaluator  375ms
   ✓ Phase 5 negative controls executed at their named boundary > NC-PROTOCOL-HASH-SHIFT corrupts its named evidence and is refused by the evaluator  373ms
   ✓ Phase 5 negative controls executed at their named boundary > NC-REQUIRED-LIMIT-DOWNGRADE corrupts its named evidence and is refused by the evaluator  370ms
   ✓ Phase 5 negative controls executed at their named boundary > NC-AXIS-SWAP corrupts its named evidence and is refused by the evaluator  372ms
   ✓ Phase 5 negative controls executed at their named boundary > NC-WRONG-BOUNDARY-CLAMP corrupts its named evidence and is refused by the evaluator  371ms
   ✓ Phase 5 negative controls executed at their named boundary > NC-STALE-PING-PONG corrupts its named evidence and is refused by the evaluator  371ms
   ✓ Phase 5 negative controls executed at their named boundary > NC-LK-RESIDUAL-ONLY corrupts its named evidence and is refused by the evaluator  370ms
   ✓ Phase 5 negative controls executed at their named boundary > NC-SYMMETRY-BIT corrupts its named evidence and is refused by the evaluator  370ms
   ✓ Phase 5 negative controls executed at their named boundary > NC-DOMAIN-CONTACT corrupts its named evidence and is refused by the evaluator  370ms
   ✓ Phase 5 negative controls executed at their named boundary > NC-EXCESSIVE-DISPATCH corrupts its named evidence and is refused by the evaluator  371ms
   ✓ Phase 5 negative controls executed at their named boundary > NC-LATE-EDIT-ACK corrupts its named evidence and is refused by the evaluator  371ms
   ✓ Phase 5 negative controls executed at their named boundary > NC-LATE-FIRST-FRAME corrupts its named evidence and is refused by the evaluator  370ms
   ✓ Phase 5 negative controls executed at their named boundary > NC-FULL-FIELD-PER-FRAME corrupts its named evidence and is refused by the evaluator  373ms
   ✓ Phase 5 negative controls executed at their named boundary > NC-CHECKPOINT-DTYPE-SHIFT corrupts its named evidence and is refused by the evaluator  373ms
   ✓ Phase 5 negative controls executed at their named boundary > NC-TOLERANCE-BYPASS corrupts its named evidence and is refused by the evaluator  374ms
   ✓ Phase 5 negative controls executed at their named boundary > NC-ARTIFACT-BYTE-MUTATION corrupts its named evidence and is refused by the evaluator  372ms
 ✓ runner/test/gutcheck-growth-comparison-publisher.test.ts (33 tests | 3 skipped) 5481ms
   ✓ Run B comparison NAS publisher > publishes the exact 17-file bundle by one verified same-share rename  395ms
   ✓ Run B comparison NAS publisher > allows a source hard link because staged files are exclusive fresh copies  373ms
   ✓ Run B comparison NAS publisher > rejects forged browser witnesses even when the top-level status remains pass  1674ms
 ✓ solver-cpu/test/lk-basal-width.test.ts (12 tests) 5256ms
   ✓ ADR 0058 exposed-support basal width experiment > matches the broad control from nonuniform vapor with nonzero fill  612ms
   ✓ ADR 0058 exposed-support basal width experiment > matches the dipped control from nonuniform vapor with nonzero fill  1104ms
   ✓ ADR 0059 early/late basal-width history > preserves the nonuniform early-only numerical prefix and accumulated fill  1096ms
   ✓ ADR 0059 early/late basal-width history > crosses the early-only cutoff without splitting and changes both coupled kinetics without attachment  308ms
   ✓ ADR 0059 early/late basal-width history > preserves the nonuniform late-only numerical prefix and accumulated fill  1151ms
   ✓ ADR 0059 early/late basal-width history > crosses the late-only cutoff without splitting and changes both coupled kinetics without attachment  307ms
 ✓ solver-cpu/test/discovery-resume.test.ts (20 tests) 4971ms
   ✓ separate discovery continuation > ordinary M1: repeated resumes preserve fields, order, diagnostics and evolution  454ms
   ✓ separate discovery continuation > ordinary no-dip: repeated resumes preserve fields, order, diagnostics and evolution  430ms
   ✓ separate discovery continuation > both: repeated resumes preserve fields, order, diagnostics and evolution  414ms
   ✓ separate discovery continuation > neither: repeated resumes preserve fields, order, diagnostics and evolution  411ms
   ✓ separate discovery continuation > basal-only: repeated resumes preserve fields, order, diagnostics and evolution  421ms
   ✓ separate discovery continuation > prism-only: repeated resumes preserve fields, order, diagnostics and evolution  414ms
   ✓ separate discovery continuation > full width: repeated resumes preserve fields, order, diagnostics and evolution  426ms
   ✓ separate discovery continuation > early-only: resumes on both sides of the physical-time cutoff retain the switch  402ms
   ✓ separate discovery continuation > late-only: resumes on both sides of the physical-time cutoff retain the switch  419ms
 ✓ runner/test/phase10-c0v-s6-radial.test.ts (24 tests) 3752ms
   ✓ Phase 10 C0V S6 radial production and independent evaluation > encodes the exact 5,891-byte witness and binds the S5 science protocol  2661ms
 ✓ runner/test/gutcheck-hardening.test.ts (57 tests | 15 skipped) 3604ms
   ✓ evidence manifest pinning > does not mistake an eval import with the library at argv[1] for direct CLI execution  337ms
   ✓ evidence manifest pinning > makes a live manifest update wait until the current lock holder exits its action  456ms
   ✓ grow-batch frame-enabled resume > does not skip wrong spec, dimensions, domain, ticks, seed, noise, extraction, cadence, or final tick  623ms
 ✓ solver-cpu/test/gg-solver.test.ts (15 tests) 3439ms
   ✓ GGSolver — mass conservation (gate at full size runs via runner; this is the dev-grid version) > crystal-free control run characterizes the float floor  316ms
   ✓ GGSolver — mass conservation (gate at full size runs via runner; this is the dev-grid version) > conserves total mass to < 1e-10 relative over 10 000 ticks GROWN, noise OFF, reflecting  1917ms
   ✓ GGSolver — mass conservation (gate at full size runs via runner; this is the dev-grid version) > conserves total mass with noise ON (the §6 form conserves by construction)  542ms
 ✓ runner/test/gate-enforce.test.ts (21 tests) 3269ms
 ✓ runner/test/phase10-c0v-s6-aggregate.test.ts (5 tests) 2840ms
   ✓ Phase 10 C0V S6 aggregate > keeps aggregate producers outside the independent evaluator closure  2832ms
 ✓ runner/test/phase9-permanent-control-readiness.test.ts (5 tests) 2601ms
   ✓ Phase 9 S2 permanent-control readiness > rejects shifted frozen inputs instead of accepting caller-attested availability  1387ms
   ✓ Phase 9 S2 permanent-control readiness > refuses present-day source drift rather than re-pinning the historical protocol  777ms
 ✓ runner/test/nas-asset-transaction-lib.test.ts (43 tests | 1 skipped) 1708ms
stdout | runner/test/hil-bld-batch-execution.test.ts > named batch execution > executes independent processes at the requested overlap and retains each exact command/log/exit
launch row=fixture-0 active=1 remaining=4
launch row=fixture-1 active=2 remaining=3

stdout | runner/test/hil-bld-batch-execution.test.ts > named batch execution > executes independent processes at the requested overlap and retains each exact command/log/exit
finish row=fixture-1 code=0 signal=null active=1 completed=1/5

stdout | runner/test/hil-bld-batch-execution.test.ts > named batch execution > executes independent processes at the requested overlap and retains each exact command/log/exit
launch row=fixture-2 active=2 remaining=2

stdout | runner/test/hil-bld-batch-execution.test.ts > named batch execution > executes independent processes at the requested overlap and retains each exact command/log/exit
finish row=fixture-0 code=0 signal=null active=1 completed=2/5

stdout | runner/test/hil-bld-batch-execution.test.ts > named batch execution > executes independent processes at the requested overlap and retains each exact command/log/exit
launch row=fixture-3 active=2 remaining=1

stdout | runner/test/hil-bld-batch-execution.test.ts > named batch execution > executes independent processes at the requested overlap and retains each exact command/log/exit
finish row=fixture-2 code=0 signal=null active=1 completed=3/5

stdout | runner/test/hil-bld-batch-execution.test.ts > named batch execution > executes independent processes at the requested overlap and retains each exact command/log/exit
launch row=fixture-4 active=2 remaining=0

stdout | runner/test/hil-bld-batch-execution.test.ts > named batch execution > executes independent processes at the requested overlap and retains each exact command/log/exit
finish row=fixture-3 code=0 signal=null active=1 completed=4/5

stdout | runner/test/hil-bld-batch-execution.test.ts > named batch execution > executes independent processes at the requested overlap and retains each exact command/log/exit
finish row=fixture-4 code=0 signal=null active=0 completed=5/5

stdout | runner/test/hil-bld-batch-execution.test.ts > named batch execution > kills its active workers and leaves queued work unstarted when memory falls
launch row=slow-0 active=1 remaining=2
launch row=slow-1 active=2 remaining=1

stdout | runner/test/hil-bld-batch-execution.test.ts > named batch execution > kills its active workers and leaves queued work unstarted when memory falls
finish row=slow-0 code=null signal=SIGTERM active=1 completed=1/3

stdout | runner/test/hil-bld-batch-execution.test.ts > named batch execution > kills its active workers and leaves queued work unstarted when memory falls
finish row=slow-1 code=null signal=SIGTERM active=0 completed=2/3

stdout | runner/test/hil-bld-batch-execution.test.ts > named batch execution > enforces a hard wall budget and stops a failing probe queue
launch row=slow-first active=1 remaining=1

stdout | runner/test/hil-bld-batch-execution.test.ts > named batch execution > enforces a hard wall budget and stops a failing probe queue
finish row=slow-first code=null signal=SIGTERM active=0 completed=1/2

stdout | runner/test/hil-bld-batch-execution.test.ts > named batch execution > retains a crashed worker while allowing independent science rows to continue
launch row=fail-first active=1 remaining=1

stdout | runner/test/hil-bld-batch-execution.test.ts > named batch execution > retains a crashed worker while allowing independent science rows to continue
finish row=fail-first code=7 signal=null active=0 completed=1/2

stdout | runner/test/hil-bld-batch-execution.test.ts > named batch execution > retains a crashed worker while allowing independent science rows to continue
launch row=surviving active=1 remaining=0

stdout | runner/test/hil-bld-batch-execution.test.ts > named batch execution > retains a crashed worker while allowing independent science rows to continue
finish row=surviving code=0 signal=null active=0 completed=2/2

stdout | runner/test/hil-bld-batch-execution.test.ts > checkpointed attempt records > preserves each resumed process attempt and refuses accidental reuse of its logs
launch row=checkpointed active=1 remaining=0

stdout | runner/test/hil-bld-batch-execution.test.ts > checkpointed attempt records > preserves each resumed process attempt and refuses accidental reuse of its logs
finish row=checkpointed code=0 signal=null active=0 completed=1/1

stdout | runner/test/hil-bld-batch-execution.test.ts > checkpointed attempt records > preserves each resumed process attempt and refuses accidental reuse of its logs
launch row=checkpointed active=1 remaining=0

stdout | runner/test/hil-bld-batch-execution.test.ts > checkpointed attempt records > preserves each resumed process attempt and refuses accidental reuse of its logs
finish row=checkpointed code=0 signal=null active=0 completed=1/1

 ✓ runner/test/hil-bld-batch-execution.test.ts (9 tests) 2349ms
   ✓ named batch execution > executes independent processes at the requested overlap and retains each exact command/log/exit  748ms
   ✓ named batch execution > retains a crashed worker while allowing independent science rows to continue  516ms
   ✓ checkpointed attempt records > preserves each resumed process attempt and refuses accidental reuse of its logs  520ms
 ✓ runner/test/phase10-c0-lifecycle.test.ts (16 tests) 2180ms
   ✓ Phase 10 C0 frozen existing-byte lifecycle > installs derive and publish artifacts idempotently at only the registered destination  1073ms
 ✓ runner/test/gate6-aggregate.test.ts (21 tests) 2031ms
 ✓ runner/test/phase5-lk-reduction-shadow.test.ts (3 tests) 2114ms
   ✓ Phase 5 LK f32 reduction shadow > measures every frozen blocking LK topology before production WGSL exists  2110ms
 ✓ runner/test/phase5-wp0.test.ts (12 tests) 1977ms
   ✓ Phase 5 criteria freeze > runs the pre-GPU binary32 shadow inside the frozen envelope  1970ms
 ✓ solver-cpu/test/surface-cycle-hardening.test.ts (18 tests) 1337ms
   ✓ SurfaceOperator cycle ownership hardening > makes direct and wrapper G-G cycles bit-identical with noise enabled  466ms
 ✓ runner/test/named-crystal-hard-form-probes.test.ts (4 tests) 1297ms
   ✓ named-crystal hard-form probe tranche > materializes every custom seed as a fitting connected GG+ initial condition  1269ms
 ✓ runner/test/nas-assets-catalog.test.ts (9 tests) 1274ms
   ✓ tracked NAS asset catalogue > re-derives every machine-readable tracked owner selection  471ms
   ✓ tracked NAS asset catalogue > assigns every live ledger row to exactly one collection owner  762ms
 ✓ runner/test/grow-lk.test.ts (12 tests) 1238ms
   ✓ grow-lk policy/checkpoint evidence path > produces bit-identical compact checkpoints sequentially and in concurrent processes  485ms
 ✓ core/test/lk-resume-checkpoint.test.ts (22 tests) 1177ms
   ✓ streamed LK resume checkpoint v3 > splits f64 fields exactly at the fixed chunk boundary without crossing field/alignment seams  1137ms
 ✓ runner/test/phase6-wp2-ladder-eval.test.ts (24 tests) 1020ms
 ✓ runner/test/phase10-obligation-preflight.test.ts (14 tests) 1014ms
   ✓ Phase 10 A-P strict contracts > keeps every registered research output trackable with raw-byte-stable attributes  800ms
 ✓ runner/test/phase6-independent-evidence-scripts.test.ts (10 tests) 1025ms
 ✓ runner/test/named-crystal-baseline-probes.test.ts (3 tests) 933ms
   ✓ named-crystal baseline probe tranche > materializes every custom profile as a fitting, connected GG+ seed  906ms
 ✓ runner/test/phase8-search-protocol-successor.test.ts (15 tests) 919ms
 ✓ runner/test/hil-bld-batch-resume.test.ts (10 tests) 913ms
   ✓ explicit first-batch resume > binds resume to the original checkpointed campaign, exact probe, host, source, runtime and rows  536ms
 ✓ runner/test/post-phase10-spatial.test.ts (1 test) 829ms
   ✓ optional spatial boundary observations > records the converged pre-update boundary without changing numerical trajectories  828ms
 ✓ runner/test/post-phase10-holefill.test.ts (11 tests) 764ms
 ✓ runner/test/nas-asset-legacy-restore.test.ts (19 tests) 751ms
   ✓ legacy NAS restore and restored-tree verifier > scans alias namespaces by directory rather than once per flat file  486ms
 ✓ solver-cpu/test/timeline-environment.test.ts (10 tests) 733ms
 ✓ runner/test/phase9-mgt-analytic.test.ts (18 tests) 609ms
 ✓ runner/test/post-phase10-facet-factorial.test.ts (8 tests) 647ms
 ✓ runner/test/named-crystal-final-compose-accept.test.ts (6 tests) 623ms
 ✓ runner/test/phase9-dbt-publication.test.ts (67 tests) 602ms
 ✓ runner/test/phase8-target-book.test.ts (18 tests) 610ms
   ✓ published Phase 8 freeze > re-derives the book, pins, and split from published bytes  563ms
 ✓ runner/test/phase10-final-package.test.ts (3 tests) 546ms
   ✓ Phase 10 final package > matches the published report to its bound producer commit  533ms
 ✓ runner/test/phase10-c0v-schema-promotion.test.ts (7 tests) 541ms
   ✓ Phase 10 C0V schema promotion > keeps every new research contract pretty-2 LF, trackable, and byte-stable  464ms
 ✓ runner/test/cli-entry.test.ts (6 tests) 513ms
 ✓ runner/test/post-phase10-followup.test.ts (5 tests) 452ms
   ✓ post-Phase-10 follow-up wave 2 > runs one abrupt event at its exact first extent crossing  449ms
 ✓ runner/test/gutcheck-growth-out.test.ts (2 tests) 431ms
 ✓ runner/test/gate4-aggregate.test.ts (17 tests) 390ms
 ✓ runner/test/gutcheck-growth-baker.test.ts (11 tests) 383ms
 ✓ runner/test/phase10-c0v-s6-preflight-observer.test.ts (12 tests) 369ms
 ✓ runner/test/discovery-budget.test.ts (11 tests) 373ms
 ✓ runner/test/named-crystal-final-direct-accept.test.ts (5 tests) 573ms
 ✓ runner/test/gutcheck-build-index-catalog.test.ts (4 tests | 1 skipped) 352ms
 ✓ runner/test/gutcheck-animation-queue-cli.test.ts (1 test) 408ms
   ✓ gut-check animation queue CLI > plans portable A/B manifests and dry-runs both workers  407ms
 ✓ runner/test/phase8-search-protocol.test.ts (22 tests) 348ms
 ✓ runner/test/post-phase10-basal-history.test.ts (4 tests) 347ms
 ✓ runner/test/post-phase10-cavity-analysis.test.ts (26 tests) 353ms
 ✓ runner/test/phase6-ladder-reader.test.ts (3 tests) 323ms
 ✓ runner/test/depletion-metric.test.ts (3 tests) 337ms
 ✓ runner/test/phase10-b-branches.test.ts (3 tests) 322ms
 ✓ runner/test/progress-index.test.ts (11 tests) 272ms
 ✓ runner/test/evidence-integrity.test.ts (7 tests) 296ms
 ✓ runner/test/nas-asset-restore-cli.test.ts (15 tests) 298ms
 ✓ runner/test/named-crystal-final-resolution-production.test.ts (9 tests) 288ms
 ✓ runner/test/phase10-c0v-s6-executor-dispatch.test.ts (19 tests) 281ms
 ✓ runner/test/hil-bld-batch-summary.test.ts (7 tests) 253ms
 ✓ solver-cpu/test/phase6-ablation-arm.test.ts (1 test) 256ms
 ✓ runner/test/phase6-wp2-ladder-independent.test.ts (4 tests) 241ms
 ✓ runner/test/post-phase10-cavity.test.ts (5 tests) 257ms
 ✓ runner/test/post-phase10-basal-width.test.ts (4 tests) 243ms
 ✓ runner/test/phase9-measurement-adapters-row-parsers.test.ts (12 tests) 238ms
 ✓ solver-cpu/test/diffusion.test.ts (11 tests) 230ms
 ✓ runner/test/phase10-b-acquisition.test.ts (4 tests) 241ms
 ✓ runner/test/phase10-c0v-s6-semantic-fingerprint.test.ts (2 tests) 229ms
 ✓ runner/test/phase8-focused-discovery.test.ts (3 tests) 206ms
 ✓ runner/test/vite-nas-serving.test.ts (23 tests | 3 skipped) 178ms
 ✓ runner/test/named-crystal-direct-production.test.ts (5 tests) 156ms
 ✓ runner/test/named-crystal-final-resolution-production-c.test.ts (5 tests) 148ms
 ✓ runner/test/phase6-heldout-source-lock.test.ts (7 tests) 159ms
 ✓ runner/test/gate3.test.ts (20 tests) 147ms
 ✓ runner/test/phase9-mf-mk2-publication.test.ts (7 tests) 149ms
 ✓ runner/test/phase6-protocol.test.ts (50 tests) 130ms
 ✓ runner/test/phase10-c0v-moving-static-reference.test.ts (10 tests) 128ms
 ✓ runner/test/named-crystal-final-resolution-c-cadence-repair.test.ts (5 tests) 30ms
 ✓ runner/test/named-crystal-direct-production-2.test.ts (6 tests) 130ms
 ✓ runner/test/nas-assets.test.ts (26 tests) 128ms
 ✓ runner/test/phase6-provenance.test.ts (12 tests) 129ms
 ✓ runner/test/phase9-mgp-intake.test.ts (15 tests) 117ms
 ✓ runner/test/phase9-measurement-adapters.test.ts (20 tests) 119ms
 ✓ runner/test/phase6-arm2.test.ts (38 tests) 112ms
 ✓ runner/test/phase9-dbt-model.test.ts (27 tests) 113ms
 ✓ runner/test/phase9-source-overlay.test.ts (8 tests) 110ms
 ✓ runner/test/phase6-arm3.test.ts (26 tests) 103ms
 ✓ runner/test/rule7-lint.test.ts (3 tests) 109ms
 ✓ runner/test/nas-asset-selection-lib.test.ts (18 tests) 105ms
 ✓ runner/test/phase6-sweep.test.ts (39 tests) 90ms
 ✓ runner/test/gate4-evidence.test.ts (44 tests) 88ms
 ✓ runner/test/phase10-c0v-s6-executor-worker.test.ts (6 tests) 88ms
 ✓ solver-cpu/test/operator.test.ts (3 tests) 90ms
 ✓ solver-cpu/test/gg-plus-solver.test.ts (4 tests) 86ms
 ✓ runner/test/gutcheck-growth-comparison-builder.test.ts (15 tests) 72ms
 ✓ runner/test/gutcheck-growth-fleet.test.ts (5 tests) 89ms
 ✓ runner/test/gutcheck-photo-match-cli.test.ts (2 tests) 77ms
 ✓ runner/test/nas-asset-bootstrap.test.ts (21 tests) 62ms
 ✓ solver-gpu/test/layout.test.ts (10 tests) 54ms
 ✓ solver-cpu/test/dirichlet.test.ts (3 tests) 54ms
 ✓ runner/test/post-phase10-discovery.test.ts (6 tests) 53ms
 ✓ runner/test/phase8-plot-extraction-v3.test.ts (7 tests) 47ms
 ✓ app/test/gpuengine.test.ts (38 tests) 47ms
 ✓ runner/test/growth-study-assets.test.ts (5 tests) 47ms
 ✓ runner/test/phase9-mpk-residual-foundation.test.ts (5 tests) 54ms
 ✓ app/test/dendrite-data.test.ts (3 tests) 48ms
 ✓ runner/test/named-crystal-final-compose.test.ts (4 tests) 46ms
 ✓ runner/test/phase9-knowledge-source.test.ts (9 tests) 42ms
 ✓ runner/test/phase10-c0v-s6-worker-progress.test.ts (6 tests) 42ms
 ✓ runner/test/gate4a-reference.test.ts (6 tests) 38ms
 ✓ runner/test/phase8-plot-extraction.test.ts (17 tests) 35ms
 ✓ runner/test/named-crystal-direct-production-review.test.ts (2 tests) 34ms
 ✓ runner/test/phase9-mv-preflight.test.ts (2 tests) 32ms
 ✓ runner/test/phase10-c0v-s6-publication-finalization-paths.test.ts (2 tests) 33ms
 ✓ runner/test/phase8-benchmark-selection.test.ts (5 tests) 30ms
 ✓ core/test/metrics.test.ts (32 tests) 31ms
 ✓ runner/test/nas-asset-lib.test.ts (52 tests) 33ms
 ✓ runner/test/named-crystal-early-stop-probes.test.ts (3 tests) 32ms
 ✓ app/test/inspect.test.ts (20 tests) 27ms
 ✓ runner/test/phase8-benchmark-final.test.ts (7 tests) 27ms
 ✓ runner/test/phase8-bacon-successor.test.ts (4 tests) 27ms
 ✓ core/test/libbrecht.test.ts (35 tests) 27ms
 ✓ app/test/stoprule.test.ts (8 tests) 24ms
 ✓ runner/test/phase8-corpus-local.test.ts (22 tests) 23ms
 ✓ runner/test/phase8-native-history.test.ts (8 tests) 22ms
 ✓ solver-gpu/test/gg-surface.test.ts (17 tests) 20ms
 ✓ runner/test/phase10-c0v-radial-reference.test.ts (10 tests) 19ms
 ✓ core/test/lattice.test.ts (13 tests) 19ms
 ✓ runner/test/phase10-c0v-s6-aggregate-parent.test.ts (2 tests) 19ms
 ✓ runner/test/phase10-c0v-contracts.test.ts (5 tests) 17ms
 ✓ runner/test/nas-mount-identity.test.ts (9 tests) 17ms
 ✓ app/test/ggtimeline.test.ts (7 tests) 16ms
 ✓ app/test/gutcheck-growth-format.test.ts (26 tests) 16ms
 ✓ core/test/timeline.test.ts (20 tests) 16ms
 ✓ core/test/checkpoint.test.ts (15 tests) 14ms
 ✓ runner/test/phase6-crossplatform.test.ts (13 tests) 15ms
 ✓ core/test/prng.test.ts (6 tests) 14ms
 ✓ app/test/gpu-instrument.test.ts (17 tests) 13ms
 ✓ runner/test/render-worktrees-closeout-nas-publication.test.ts (3 tests) 12ms
 ✓ runner/test/phase9-mh-msr-foundation.test.ts (8 tests) 12ms
 ✓ runner/test/phase9-ms-categorical.test.ts (8 tests) 12ms
 ✓ runner/test/phase9-transport-analytic.test.ts (20 tests) 11ms
 ✓ runner/test/hil-bld-batch-roster.test.ts (6 tests) 12ms
 ✓ runner/test/phase9-mf-mk2-model.test.ts (16 tests) 12ms
 ✓ solver-gpu/test/diffusion.test.ts (12 tests) 12ms
 ✓ solver-gpu/test/lk-applied-noise.test.ts (10 tests) 11ms
 ✓ app/test/gpuview.test.ts (29 tests) 10ms
 ✓ solver-cpu/test/lk-cycle-phase.test.ts (5 tests) 11ms
 ✓ runner/test/phase9-dbt-preflight.test.ts (2 tests) 10ms
 ✓ runner/test/post-phase10-long.test.ts (2 tests) 10ms
 ✓ runner/test/growth-gallery-restore.test.ts (4 tests) 9ms
 ✓ app/test/gutcheck-scene-motion.test.ts (8 tests) 10ms
 ✓ runner/test/phase9-nas.test.ts (6 tests) 9ms
 ✓ runner/test/phase6-size-strata.test.ts (8 tests) 9ms
 ✓ runner/test/phase9-hollowing-rivals.test.ts (12 tests) 9ms
 ✓ runner/test/pgm.test.ts (2 tests) 8ms
 ✓ runner/test/gate5-readback-attribution.test.ts (16 tests) 6ms
 ✓ app/test/gutcheck-growth-comparison-record.test.ts (20 tests) 8ms
 ✓ app/test/snapshot.test.ts (3 tests) 8ms
 ✓ runner/test/named-crystal-catalog.test.ts (4 tests) 7ms
 ✓ solver-gpu/test/transport.test.ts (10 tests) 7ms
 ✓ runner/test/gate2b-v4-artifact.test.ts (2 tests) 6ms
 ✓ runner/test/phase6-sdak.test.ts (13 tests) 6ms
 ✓ app/test/display.test.ts (10 tests) 6ms
 ✓ app/test/named-crystal-catalog-service.test.ts (2 tests) 6ms
 ✓ app/test/growth-statistics.test.ts (5 tests) 6ms
 ✓ app/test/gutcheck-growth-framing.test.ts (2 tests) 6ms
 ✓ runner/test/suite-integrity.test.ts (4 tests) 5ms
 ✓ core/test/target-observables.test.ts (26 tests) 5ms
 ✓ app/test/colormap.test.ts (8 tests) 5ms
 ✓ runner/test/gutcheck-growth-scientific-nas-publication.test.ts (2 tests) 5ms
 ✓ app/test/protocol.test.ts (15 tests) 5ms
 ✓ runner/test/phase6-diagram.test.ts (6 tests) 5ms
 ✓ runner/test/post-phase10-cavity-geometry.test.ts (6 tests) 5ms
 ✓ runner/test/phase10-c0v-s6-watchdog-transition.test.ts (5 tests) 4ms
 ✓ runner/test/phase9-mv-eligibility.test.ts (6 tests) 4ms
 ✓ app/test/scenarios.test.ts (11 tests) 4ms
 ✓ app/test/lkoverlays.test.ts (14 tests) 4ms
 ✓ solver-gpu/test/lk-conversion.test.ts (3 tests) 4ms
 ✓ app/test/growth-study-data.test.ts (3 tests) 4ms
 ✓ runner/test/phase10-c0v-s6-publication.test.ts (3 tests) 3ms
 ✓ solver-cpu/test/spherical-reference.test.ts (10 tests) 3ms
 ✓ app/test/slice.test.ts (11 tests) 3ms
 ✓ app/test/gpudevice.test.ts (15 tests) 3ms
 ✓ runner/test/phase10-c0v-s6-static-parent.test.ts (4 tests) 3ms
 ✓ runner/test/post-phase10-cavity-spatial.test.ts (5 tests) 3ms
 ✓ core/test/params.test.ts (11 tests) 3ms
 ✓ app/test/hexgeom.test.ts (8 tests) 3ms
 ✓ app/test/surface.test.ts (6 tests) 3ms
 ✓ app/test/overlays.test.ts (14 tests) 3ms
 ✓ app/test/gutcheck-animation-queue.test.ts (4 tests) 3ms
 ✓ app/test/growth-comparison-contract.test.ts (3 tests) 3ms
 ✓ solver-gpu/test/lk-input.test.ts (5 tests) 3ms
 ✓ runner/test/post-phase10-confirm.test.ts (3 tests) 3ms
 ✓ runner/test/post-phase10-adaptive.test.ts (4 tests) 3ms
 ✓ app/test/growth-scene.test.ts (5 tests) 3ms
 ✓ app/test/hud.test.ts (8 tests) 2ms
 ✓ runner/test/named-crystal-current-audit.test.ts (2 tests) 2ms
 ✓ runner/test/phase10-c0v-s6-radial-publish-parent.test.ts (2 tests) 3ms
 ✓ runner/test/phase10-c0v-s6-radial-parent.test.ts (2 tests) 2ms
 ✓ app/test/three-views.test.ts (2 tests) 3ms
 ✓ runner/test/named-crystal-baseline-probe-review.test.ts (3 tests) 2ms
 ✓ app/test/catalog-volume.test.ts (3 tests) 2ms
 ✓ app/test/growth-scene-review-camera.test.ts (5 tests) 2ms
 ✓ app/test/readout.test.ts (6 tests) 2ms
 ✓ solver-gpu/test/lk-cycle.test.ts (2 tests) 2ms
 ✓ app/test/growth-study-library.test.ts (3 tests) 2ms
 ✓ runner/test/phase10-c0v-s6-moving-locked-dispatch.test.ts (1 test) 2ms
 ✓ app/test/growth-asset.test.ts (2 tests) 2ms
 ✓ solver-gpu/test/gg-surface-numerical.test.ts (1 test) 2ms
 ✓ app/test/spike-gg-realism-frame.test.ts (3 tests) 1ms

 Test Files  233 passed (233)
      Tests  3031 passed | 23 skipped (3054)
   Start at  22:13:54
   Duration  886.86s (transform 2.76s, setup 0ms, collect 27.52s, tests 836.59s, environment 24ms, prepare 8.16s)

